Component: ARM Compiler 6.7 Tool: armlink [5c9ef700]

==============================================================================

Section Cross References

    main.o(.text.main) refers to zf_common_clock.o(.text.clock_init) for clock_init
    main.o(.text.main) refers to zf_common_debug.o(.text.debug_init) for debug_init
    main.o(.text.main) refers to menu.o(.text.Key_Init) for Key_Init
    main.o(.text.main) refers to menu.o(.text.IPS_Init) for IPS_Init
    main.o(.text.main) refers to zf_device_mt9v03x.o(.text.mt9v03x_init) for mt9v03x_init
    main.o(.text.main) refers to image.o(.text.get_image) for get_image
    main.o(.text.main) refers to image.o(.text.Otsu) for Otsu
    main.o(.text.main) refers to image.o(.text.image_binaryzation) for image_binaryzation
    main.o(.text.main) refers to image.o(.text.find_basic_point) for find_basic_point
    main.o(.text.main) refers to menu.o(.text.draw_line) for draw_line
    main.o(.text.main) refers to image.o(.text.weight_find_mid_line) for weight_find_mid_line
    main.o(.text.main) refers to menu.o(.text.KeyNum) for KeyNum
    main.o(.text.main) refers to menu.o(.text.handle2) for handle2
    main.o(.text.main) refers to menu.o(.text.handle1) for handle1
    main.o(.text.main) refers to menu.o(.text.print_menu) for print_menu
    main.o(.text.main) refers to main.o(.bss.mt9v03x_flag) for mt9v03x_flag
    main.o(.text.main) refers to image.o(.bss.basic_image) for basic_image
    main.o(.text.main) refers to image.o(.bss.threshold) for threshold
    main.o(.text.main) refers to image.o(.bss.image) for image
    main.o(.text.main) refers to image.o(.data.final_mid_line) for final_mid_line
    main.o(.text.main) refers to menu.o(.bss.KeyNumber) for KeyNumber
    main.o(.ARM.exidx.text.main) refers to main.o(.text.main) for [Anonymous Symbol]
    isr.o(.ARM.exidx.text.TIM1_UP_IRQHandler) refers to isr.o(.text.TIM1_UP_IRQHandler) for [Anonymous Symbol]
    isr.o(.ARM.exidx.text.TIM2_IRQHandler) refers to isr.o(.text.TIM2_IRQHandler) for [Anonymous Symbol]
    isr.o(.ARM.exidx.text.TIM3_IRQHandler) refers to isr.o(.text.TIM3_IRQHandler) for [Anonymous Symbol]
    isr.o(.ARM.exidx.text.TIM4_IRQHandler) refers to isr.o(.text.TIM4_IRQHandler) for [Anonymous Symbol]
    isr.o(.ARM.exidx.text.TIM5_IRQHandler) refers to isr.o(.text.TIM5_IRQHandler) for [Anonymous Symbol]
    isr.o(.ARM.exidx.text.TIM6_IRQHandler) refers to isr.o(.text.TIM6_IRQHandler) for [Anonymous Symbol]
    isr.o(.ARM.exidx.text.TIM7_IRQHandler) refers to isr.o(.text.TIM7_IRQHandler) for [Anonymous Symbol]
    isr.o(.text.TIM8_UP_IRQHandler) refers to zf_device_tsl1401.o(.text.tsl1401_collect_pit_handler) for tsl1401_collect_pit_handler
    isr.o(.ARM.exidx.text.TIM8_UP_IRQHandler) refers to isr.o(.text.TIM8_UP_IRQHandler) for [Anonymous Symbol]
    isr.o(.ARM.exidx.text.UART1_IRQHandler) refers to isr.o(.text.UART1_IRQHandler) for [Anonymous Symbol]
    isr.o(.text.UART2_IRQHandler) refers to zf_device_gps_tau1201.o(.text.gps_uart_callback) for gps_uart_callback
    isr.o(.ARM.exidx.text.UART2_IRQHandler) refers to isr.o(.text.UART2_IRQHandler) for [Anonymous Symbol]
    isr.o(.ARM.exidx.text.UART3_IRQHandler) refers to isr.o(.text.UART3_IRQHandler) for [Anonymous Symbol]
    isr.o(.ARM.exidx.text.UART4_IRQHandler) refers to isr.o(.text.UART4_IRQHandler) for [Anonymous Symbol]
    isr.o(.ARM.exidx.text.UART5_IRQHandler) refers to isr.o(.text.UART5_IRQHandler) for [Anonymous Symbol]
    isr.o(.text.UART6_IRQHandler) refers to zf_device_type.o(.data..L_MergedGlobals) for wireless_module_uart_handler
    isr.o(.ARM.exidx.text.UART6_IRQHandler) refers to isr.o(.text.UART6_IRQHandler) for [Anonymous Symbol]
    isr.o(.ARM.exidx.text.UART7_IRQHandler) refers to isr.o(.text.UART7_IRQHandler) for [Anonymous Symbol]
    isr.o(.text.UART8_IRQHandler) refers to zf_device_type.o(.data..L_MergedGlobals) for camera_uart_handler
    isr.o(.ARM.exidx.text.UART8_IRQHandler) refers to isr.o(.text.UART8_IRQHandler) for [Anonymous Symbol]
    isr.o(.ARM.exidx.text.EXTI0_IRQHandler) refers to isr.o(.text.EXTI0_IRQHandler) for [Anonymous Symbol]
    isr.o(.ARM.exidx.text.EXTI1_IRQHandler) refers to isr.o(.text.EXTI1_IRQHandler) for [Anonymous Symbol]
    isr.o(.ARM.exidx.text.EXTI2_IRQHandler) refers to isr.o(.text.EXTI2_IRQHandler) for [Anonymous Symbol]
    isr.o(.ARM.exidx.text.EXTI3_IRQHandler) refers to isr.o(.text.EXTI3_IRQHandler) for [Anonymous Symbol]
    isr.o(.text.EXTI4_IRQHandler) refers to zf_device_dl1a.o(.text.dl1a_int_handler) for dl1a_int_handler
    isr.o(.ARM.exidx.text.EXTI4_IRQHandler) refers to isr.o(.text.EXTI4_IRQHandler) for [Anonymous Symbol]
    isr.o(.text.EXTI9_5_IRQHandler) refers to zf_device_type.o(.data..L_MergedGlobals) for camera_vsync_handler
    isr.o(.ARM.exidx.text.EXTI9_5_IRQHandler) refers to isr.o(.text.EXTI9_5_IRQHandler) for [Anonymous Symbol]
    isr.o(.text.EXTI15_10_IRQHandler) refers to zf_device_dm1xa.o(.text.dm1xa_light_callback) for dm1xa_light_callback
[...]
    mt9v03x_vsync_handler                    0x080041a5   Thumb Code    50  zf_device_mt9v03x.o(.text.mt9v03x_vsync_handler)
    [Anonymous Symbol]                       0x080041d8   Section        0  zf_device_config.o(.text.mt9v03x_write_word_sccb)
    mt9v03x_write_word_sccb                  0x080041d9   Thumb Code    50  zf_device_config.o(.text.mt9v03x_write_word_sccb)
    [Anonymous Symbol]                       0x0800420c   Section        0  menu.o(.text.print_menu)
    __arm_cp.4_0                             0x0800436c   Number         4  menu.o(.text.print_menu)
    __arm_cp.4_1                             0x08004370   Number         4  menu.o(.text.print_menu)
    __arm_cp.4_3                             0x08004380   Number         4  menu.o(.text.print_menu)
    __arm_cp.4_4                             0x08004384   Number         4  menu.o(.text.print_menu)
    __arm_cp.4_5                             0x08004388   Number         4  menu.o(.text.print_menu)
    __arm_cp.4_7                             0x08004394   Number         4  menu.o(.text.print_menu)
    __arm_cp.4_9                             0x080043a0   Number         4  menu.o(.text.print_menu)
    __arm_cp.4_11                            0x080043ac   Number         4  menu.o(.text.print_menu)
    __arm_cp.4_15                            0x080043bc   Number         4  menu.o(.text.print_menu)
    [Anonymous Symbol]                       0x080043fc   Section        0  zf_device_type.o(.text.set_camera_type)
    __arm_cp.1_0                             0x08004424   Number         4  zf_device_type.o(.text.set_camera_type)
    __arm_cp.1_1                             0x08004428   Number         4  zf_device_type.o(.text.set_camera_type)
    [Anonymous Symbol]                       0x0800442c   Section        0  zf_driver_soft_iic.o(.text.soft_iic_init)
    [Anonymous Symbol]                       0x08004488   Section        0  zf_driver_soft_iic.o(.text.soft_iic_read_8bit_registers)
    [Anonymous Symbol]                       0x08004508   Section        0  zf_driver_soft_iic.o(.text.soft_iic_read_data)
    soft_iic_read_data                       0x08004509   Thumb Code   364  zf_driver_soft_iic.o(.text.soft_iic_read_data)
    [Anonymous Symbol]                       0x0800466c   Section        0  zf_driver_soft_iic.o(.text.soft_iic_sccb_read_register)
    [Anonymous Symbol]                       0x080046c8   Section        0  zf_driver_soft_iic.o(.text.soft_iic_sccb_write_register)
    __arm_cp.22_1                            0x08004708   Number         4  zf_driver_soft_iic.o(.text.soft_iic_sccb_write_register)
    [Anonymous Symbol]                       0x0800470c   Section        0  zf_driver_soft_iic.o(.text.soft_iic_send_data)
    soft_iic_send_data                       0x0800470d   Thumb Code   296  zf_driver_soft_iic.o(.text.soft_iic_send_data)
    __arm_cp.2_0                             0x0800482c   Number         4  zf_driver_soft_iic.o(.text.soft_iic_send_data)
    [Anonymous Symbol]                       0x08004830   Section        0  zf_driver_soft_iic.o(.text.soft_iic_start)
    soft_iic_start                           0x08004831   Thumb Code   136  zf_driver_soft_iic.o(.text.soft_iic_start)
    __arm_cp.1_0                             0x080048b0   Number         4  zf_driver_soft_iic.o(.text.soft_iic_start)
    [Anonymous Symbol]                       0x080048b4   Section        0  zf_driver_soft_iic.o(.text.soft_iic_stop)
    soft_iic_stop                            0x080048b5   Thumb Code   136  zf_driver_soft_iic.o(.text.soft_iic_stop)
    __arm_cp.3_1                             0x08004934   Number         4  zf_driver_soft_iic.o(.text.soft_iic_stop)
    [Anonymous Symbol]                       0x08004938   Section        0  zf_driver_soft_iic.o(.text.soft_iic_write_8bit_register)
    __arm_cp.7_0                             0x08004978   Number         4  zf_driver_soft_iic.o(.text.soft_iic_write_8bit_register)
    __arm_cp.7_1                             0x0800497c   Number         4  zf_driver_soft_iic.o(.text.soft_iic_write_8bit_register)
    [Anonymous Symbol]                       0x08004980   Section        0  zf_driver_spi.o(.text.spi_init)
    __arm_cp.18_0                            0x08004b0c   Number         4  zf_driver_spi.o(.text.spi_init)
    __arm_cp.18_1                            0x08004b10   Number         4  zf_driver_spi.o(.text.spi_init)
    __arm_cp.18_2                            0x08004b14   Number         4  zf_driver_spi.o(.text.spi_init)
    __arm_cp.18_5                            0x08004b18   Number         4  zf_driver_spi.o(.text.spi_init)
    [Anonymous Symbol]                       0x08004b1c   Section        0  zf_driver_spi.o(.text.spi_write_16bit)
    [Anonymous Symbol]                       0x08004b54   Section        0  zf_driver_spi.o(.text.spi_write_8bit)
    __arm_cp.0_0                             0x08004b80   Number         4  zf_driver_spi.o(.text.spi_write_8bit)
    [Anonymous Symbol]                       0x08004b84   Section        0  zf_driver_delay.o(.text.system_delay_ms)
    __arm_cp.0_0                             0x08004bcc   Number         4  zf_driver_delay.o(.text.system_delay_ms)
    __arm_cp.0_1                             0x08004bd0   Number         4  zf_driver_delay.o(.text.system_delay_ms)
    __arm_cp.0_2                             0x08004bd4   Number         4  zf_driver_delay.o(.text.system_delay_ms)
    __arm_cp.0_3                             0x08004bd8   Number         4  zf_driver_delay.o(.text.system_delay_ms)
    [Anonymous Symbol]                       0x08004bdc   Section        0  zf_driver_timer.o(.text.timer_clear)
    __arm_cp.5_0                             0x08004c24   Number         4  zf_driver_timer.o(.text.timer_clear)
    [Anonymous Symbol]                       0x08004c28   Section        0  zf_driver_timer.o(.text.timer_clock_enable)
    __arm_cp.1_0                             0x08004c60   Number         4  zf_driver_timer.o(.text.timer_clock_enable)
    [Anonymous Symbol]                       0x08004c64   Section        0  zf_driver_timer.o(.text.timer_etr_init)
    __arm_cp.7_2                             0x08004d28   Number         4  zf_driver_timer.o(.text.timer_etr_init)
    [Anonymous Symbol]                       0x08004d2c   Section        0  zf_driver_timer.o(.text.timer_get)
    __arm_cp.4_0                             0x08004d80   Number         4  zf_driver_timer.o(.text.timer_get)
    __arm_cp.4_1                             0x08004d84   Number         4  zf_driver_timer.o(.text.timer_get)
    [Anonymous Symbol]                       0x08004d88   Section        0  zf_device_tsl1401.o(.text.tsl1401_collect_pit_handler)
    __arm_cp.0_0                             0x08004e10   Number         4  zf_device_tsl1401.o(.text.tsl1401_collect_pit_handler)
    __arm_cp.0_1                             0x08004e14   Number         4  zf_device_tsl1401.o(.text.tsl1401_collect_pit_handler)
    __arm_cp.0_2                             0x08004e18   Number         4  zf_device_tsl1401.o(.text.tsl1401_collect_pit_handler)
    __arm_cp.0_3                             0x08004e1c   Number         4  zf_device_tsl1401.o(.text.tsl1401_collect_pit_handler)
    [Anonymous Symbol]                       0x08004e20   Section        0  zf_device_type.o(.text.type_default_callback)
    type_default_callback                    0x08004e21   Thumb Code     2  zf_device_type.o(.text.type_default_callback)
    [Anonymous Symbol]                       0x08004e24   Section        0  zf_driver_uart.o(.text.uart_init)
    __arm_cp.7_1                             0x08004f08   Number         4  zf_driver_uart.o(.text.uart_init)
    __arm_cp.7_2                             0x08004f0c   Number         4  zf_driver_uart.o(.text.uart_init)
    __arm_cp.7_3                             0x08004f10   Number         4  zf_driver_uart.o(.text.uart_init)
    __arm_cp.7_4                             0x08004f14   Number         4  zf_driver_uart.o(.text.uart_init)
    __arm_cp.7_5                             0x08004f18   Number         4  zf_driver_uart.o(.text.uart_init)
    __arm_cp.7_6                             0x08004f1c   Number         4  zf_driver_uart.o(.text.uart_init)
    __arm_cp.7_7                             0x08004f20   Number         4  zf_driver_uart.o(.text.uart_init)
    __arm_cp.7_8                             0x08004f24   Number         4  zf_driver_uart.o(.text.uart_init)
    __arm_cp.7_9                             0x08004f28   Number         4  zf_driver_uart.o(.text.uart_init)
    [Anonymous Symbol]                       0x08004f2c   Section        0  zf_driver_uart.o(.text.uart_query_byte)
    [Anonymous Symbol]                       0x08004f5c   Section        0  zf_driver_uart.o(.text.uart_rx_interrupt)
    __arm_cp.6_1                             0x08004fa4   Number         4  zf_driver_uart.o(.text.uart_rx_interrupt)
    __arm_cp.6_2                             0x08004fa8   Number         4  zf_driver_uart.o(.text.uart_rx_interrupt)
    [Anonymous Symbol]                       0x08004fac   Section        0  zf_driver_uart.o(.text.uart_write_buffer)
    [Anonymous Symbol]                       0x08004fe4   Section        0  zf_driver_uart.o(.text.uart_write_byte)
    __arm_cp.0_0                             0x08004ff8   Number         4  zf_driver_uart.o(.text.uart_write_byte)
    [Anonymous Symbol]                       0x08004ffc   Section        0  zf_driver_uart.o(.text.uart_write_string)
    __arm_cp.2_0                             0x08005024   Number         4  zf_driver_uart.o(.text.uart_write_string)
    [Anonymous Symbol]                       0x08005028   Section        0  image.o(.text.weight_find_mid_line)
    __arm_cp.6_0                             0x08005084   Number         4  image.o(.text.weight_find_mid_line)
    __arm_cp.6_1                             0x08005088   Number         4  image.o(.text.weight_find_mid_line)
    __arm_cp.6_2                             0x0800508c   Number         4  image.o(.text.weight_find_mid_line)
    __arm_cp.6_3                             0x08005090   Number         4  image.o(.text.weight_find_mid_line)
    __arm_cp.6_4                             0x08005094   Number         4  image.o(.text.weight_find_mid_line)
    i.__0sprintf$3                           0x08005098   Section        0  printf3.o(i.__0sprintf$3)
    i.__scatterload_copy                     0x080050c0   Section       14  handlers.o(i.__scatterload_copy)
    i.__scatterload_null                     0x080050ce   Section        2  handlers.o(i.__scatterload_null)
    i.__scatterload_zeroinit                 0x080050d0   Section       14  handlers.o(i.__scatterload_zeroinit)
    i._printf_core                           0x080050e0   Section        0  printf3.o(i._printf_core)
    _printf_core                             0x080050e1   Thumb Code   436  printf3.o(i._printf_core)
    i._sputc                                 0x08005298   Section        0  printf3.o(i._sputc)
    _sputc                                   0x08005299   Thumb Code    10  printf3.o(i._sputc)
    uart_index                               0x08005abc   Data          32  zf_driver_uart.o(.rodata.cst32)
    adc_index                                0x08005adc   Data           8  zf_driver_adc.o(.rodata.cst8)
    dma_index                                0x08005ae4   Data           8  zf_driver_dma.o(.rodata.cst8)
    spi_index                                0x08005aec   Data           8  zf_driver_spi.o(.rodata.cst8)
    uart_irq                                 0x08005af4   Data           8  zf_driver_uart.o(.rodata.cst8)
    [Anonymous Symbol]                       0x08005afc   Section        0  zf_common_debug.o(.rodata.debug_protective_handler.pin_list)
    debug_protective_handler.pin_list        0x08005afc   Data         172  zf_common_debug.o(.rodata.debug_protective_handler.pin_list)
    [Anonymous Symbol]                       0x08005ba8   Section        0  zf_common_fifo.o(.rodata.str1.1)
    .L.str                                   0x08005ba8   Data          43  zf_common_fifo.o(.rodata.str1.1)
    [Anonymous Symbol]                       0x08005bd3   Section        0  zf_common_function.o(.rodata.str1.1)
    .L.str                                   0x08005bd3   Data          47  zf_common_function.o(.rodata.str1.1)
    [Anonymous Symbol]                       0x08005c02   Section        0  zf_driver_delay.o(.rodata.str1.1)
    .L.str                                   0x08005c02   Data          44  zf_driver_delay.o(.rodata.str1.1)
    [Anonymous Symbol]                       0x08005c2e   Section        0  zf_driver_soft_iic.o(.rodata.str1.1)
    .L.str                                   0x08005c2e   Data          47  zf_driver_soft_iic.o(.rodata.str1.1)
    [Anonymous Symbol]                       0x08005c5d   Section        0  zf_driver_spi.o(.rodata.str1.1)
    .L.str                                   0x08005c5d   Data          42  zf_driver_spi.o(.rodata.str1.1)
    [Anonymous Symbol]                       0x08005c87   Section        0  zf_driver_timer.o(.rodata.str1.1)
    .L.str                                   0x08005c87   Data          44  zf_driver_timer.o(.rodata.str1.1)
    [Anonymous Symbol]                       0x08005cb3   Section        0  zf_driver_uart.o(.rodata.str1.1)
    .L.str                                   0x08005cb3   Data          43  zf_driver_uart.o(.rodata.str1.1)
    [Anonymous Symbol]                       0x08005cde   Section        0  zf_device_ips200.o(.rodata.str1.1)
    .L.str                                   0x08005cde   Data          45  zf_device_ips200.o(.rodata.str1.1)
    [Anonymous Symbol]                       0x20000000   Section        0  menu.o(.data..L_MergedGlobals)
    [Anonymous Symbol]                       0x20000024   Section        0  image.o(.data..L_MergedGlobals)
    [Anonymous Symbol]                       0x20000034   Section        0  zf_device_dl1a.o(.data..L_MergedGlobals)
    [Anonymous Symbol]                       0x20000038   Section        0  zf_device_ips200.o(.data..L_MergedGlobals)
    ips200_display_font                      0x20000038   Data           1  zf_device_ips200.o(.data..L_MergedGlobals)
    ips200_x_max                             0x2000003a   Data           2  zf_device_ips200.o(.data..L_MergedGlobals)
    ips200_y_max                             0x2000003c   Data           2  zf_device_ips200.o(.data..L_MergedGlobals)
    ips200_bgcolor                           0x2000003e   Data           2  zf_device_ips200.o(.data..L_MergedGlobals)
    ips200_pencolor                          0x20000040   Data           2  zf_device_ips200.o(.data..L_MergedGlobals)
    [Anonymous Symbol]                       0x20000050   Section        0  zf_device_mt9v03x.o(.data..L_MergedGlobals)
    mt9v03x_get_confing_buffer               0x20000050   Data          36  zf_device_mt9v03x.o(.data..L_MergedGlobals)
    mt9v03x_set_confing_buffer               0x20000074   Data          40  zf_device_mt9v03x.o(.data..L_MergedGlobals)
    [Anonymous Symbol]                       0x200000a0   Section        0  zf_device_type.o(.data..L_MergedGlobals)
    [Anonymous Symbol]                       0x200000c0   Section        0  image.o(.data..L_MergedGlobals.4)
    [Anonymous Symbol]                       0x20000138   Section        0  zf_device_dm1xa.o(.data.dm1xa_distance_mm)
    dm1xa_distance_mm                        0x20000138   Data           2  zf_device_dm1xa.o(.data.dm1xa_distance_mm)
    [Anonymous Symbol]                       0x20000160   Section        0  zf_common_debug.o(.data.zf_debug_assert_enable)
    zf_debug_assert_enable                   0x20000160   Data           1  zf_common_debug.o(.data.zf_debug_assert_enable)
    [Anonymous Symbol]                       0x20000170   Section        0  zf_common_debug.o(.bss..L_MergedGlobals)
    zf_debug_init_flag                       0x20000170   Data           1  zf_common_debug.o(.bss..L_MergedGlobals)
    debug_output_info.5                      0x20000174   Data           4  zf_common_debug.o(.bss..L_MergedGlobals)
    debug_output_info.6                      0x20000178   Data           4  zf_common_debug.o(.bss..L_MergedGlobals)
    debug_output_info.7                      0x2000017c   Data           4  zf_common_debug.o(.bss..L_MergedGlobals)
    [Anonymous Symbol]                       0x20000180   Section        0  zf_driver_timer.o(.bss..L_MergedGlobals)
    timer_function_state                     0x20000180   Data           8  zf_driver_timer.o(.bss..L_MergedGlobals)
    timer_mode_state                         0x20000188   Data           8  zf_driver_timer.o(.bss..L_MergedGlobals)
    [Anonymous Symbol]                       0x20000190   Section        0  zf_device_camera.o(.bss..L_MergedGlobals)
    [Anonymous Symbol]                       0x200001b0   Section        0  zf_device_dm1xa.o(.bss..L_MergedGlobals)
    dm1xa_type                               0x200001b0   Data           1  zf_device_dm1xa.o(.bss..L_MergedGlobals)
    dm1xa_ranging_state                      0x200001b1   Data           1  zf_device_dm1xa.o(.bss..L_MergedGlobals)
    dm1xa_plus_count                         0x200001b4   Data           4  zf_device_dm1xa.o(.bss..L_MergedGlobals)
    [Anonymous Symbol]                       0x200001c0   Section        0  zf_device_gps_tau1201.o(.bss..L_MergedGlobals)
    [Anonymous Symbol]                       0x20000208   Section        0  zf_device_ips200.o(.bss..L_MergedGlobals.1)
    ips200_display_type                      0x20000208   Data           1  zf_device_ips200.o(.bss..L_MergedGlobals.1)
    ips200_display_dir                       0x20000209   Data           1  zf_device_ips200.o(.bss..L_MergedGlobals.1)
    ips_rst_pin                              0x2000020a   Data           1  zf_device_ips200.o(.bss..L_MergedGlobals.1)
    [Anonymous Symbol]                       0x20000210   Section        0  zf_device_gps_tau1201.o(.bss..L_MergedGlobals.2)
    gps_tau1201_state                        0x20000210   Data           1  zf_device_gps_tau1201.o(.bss..L_MergedGlobals.2)
    gps_tau1201_receiver_fifo                0x20000214   Data          24  zf_device_gps_tau1201.o(.bss..L_MergedGlobals.2)
    [Anonymous Symbol]                       0x20000230   Section        0  image.o(.bss..L_MergedGlobals.3)
    [Anonymous Symbol]                       0x200002a8   Section        0  zf_device_mt9v03x.o(.bss..L_MergedGlobals.3)
    mt9v03x_type                             0x200002a8   Data           1  zf_device_mt9v03x.o(.bss..L_MergedGlobals.3)
    mt9v03x_version                          0x200002aa   Data           2  zf_device_mt9v03x.o(.bss..L_MergedGlobals.3)
    [Anonymous Symbol]                       0x20000eb0   Section        0  zf_driver_adc.o(.bss.adc_resolution)
    adc_resolution                           0x20000eb0   Data           2  zf_driver_adc.o(.bss.adc_resolution)
    [Anonymous Symbol]                       0x200066d4   Section        0  zf_common_debug.o(.bss.debug_assert_handler.assert_nest_index)
    debug_assert_handler.assert_nest_index   0x200066d4   Data           1  zf_common_debug.o(.bss.debug_assert_handler.assert_nest_index)
    [Anonymous Symbol]                       0x200066d8   Section        0  zf_common_debug.o(.bss.debug_output_info.0)
    debug_output_info.0                      0x200066d8   Data           2  zf_common_debug.o(.bss.debug_output_info.0)
    [Anonymous Symbol]                       0x200066dc   Section        0  zf_common_debug.o(.bss.debug_output_info.1)
    debug_output_info.1                      0x200066dc   Data           2  zf_common_debug.o(.bss.debug_output_info.1)
    [Anonymous Symbol]                       0x200066de   Section        0  zf_common_debug.o(.bss.debug_output_info.3)
    debug_output_info.3                      0x200066de   Data           1  zf_common_debug.o(.bss.debug_output_info.3)
    [Anonymous Symbol]                       0x200066e0   Section        0  zf_common_debug.o(.bss.debug_output_info.4)
    debug_output_info.4                      0x200066e0   Data           1  zf_common_debug.o(.bss.debug_output_info.4)
    [Anonymous Symbol]                       0x200066e4   Section        0  zf_device_dl1a.o(.bss.dl1a_iic_struct)
    dl1a_iic_struct                          0x200066e4   Data          16  zf_device_dl1a.o(.bss.dl1a_iic_struct)
    [Anonymous Symbol]                       0x200066f4   Section        0  zf_device_gps_tau1201.o(.bss.gps_gga_buffer)
    gps_gga_buffer                           0x200066f4   Data         128  zf_device_gps_tau1201.o(.bss.gps_gga_buffer)
    [Anonymous Symbol]                       0x20006774   Section        0  zf_device_gps_tau1201.o(.bss.gps_rmc_buffer)
    gps_rmc_buffer                           0x20006774   Data         128  zf_device_gps_tau1201.o(.bss.gps_rmc_buffer)
    [Anonymous Symbol]                       0x2000c214   Section        0  zf_common_interrupt.o(.bss.interrupt_nest_count)
    interrupt_nest_count                     0x2000c214   Data           4  zf_common_interrupt.o(.bss.interrupt_nest_count)
    [Anonymous Symbol]                       0x2000c21c   Section        0  zf_device_config.o(.bss.mt9v03x_h_blank)
    mt9v03x_h_blank                          0x2000c21c   Data           4  zf_device_config.o(.bss.mt9v03x_h_blank)
    [Anonymous Symbol]                       0x2000c220   Section        0  zf_device_config.o(.bss.mt9v03x_iic_inf_struct)
    mt9v03x_iic_inf_struct                   0x2000c220   Data          16  zf_device_config.o(.bss.mt9v03x_iic_inf_struct)
    [Anonymous Symbol]                       0x20011a50   Section        0  zf_device_config.o(.bss.mt9v03x_init_config)
    mt9v03x_init_config                      0x20011a50   Data          20  zf_device_config.o(.bss.mt9v03x_init_config)
    [Anonymous Symbol]                       0x20011a64   Section        0  zf_device_config.o(.bss.mt9v03x_v_blank)
    mt9v03x_v_blank                          0x20011a64   Data           4  zf_device_config.o(.bss.mt9v03x_v_blank)
    [Anonymous Symbol]                       0x20011c6b   Section        0  zf_device_tsl1401.o(.bss.tsl1401_init_state)
    tsl1401_init_state                       0x20011c6b   Data           1  zf_device_tsl1401.o(.bss.tsl1401_init_state)
    [Anonymous Symbol]                       0x20011c6c   Section        0  zf_driver_uart.o(.bss.uart_interrupt_state)
    uart_interrupt_state                     0x20011c6c   Data           8  zf_driver_uart.o(.bss.uart_interrupt_state)

    Global Symbols

    Symbol Name                              Value     Ov Type        Size  Object(Section)

    BuildAttributes$$THM_ISAv4$P$D$K$B$S$PE$A:L22UL41UL21$X:L11$S22US41US21$IEEE1$IW$~IW$USESV6$~STKCKD$USESV7$~SHL$OTIME$ROPI$IEEEX$EBA8$MICROLIB$REQ8$PRES8$EABIv2 0x00000000   Number         0  anon$$obj.o ABSOLUTE
    _printf_a                                0x00000000   Number         0  stubs.o ABSOLUTE
    _printf_c                                0x00000000   Number         0  stubs.o ABSOLUTE
    _printf_charcount                        0x00000000   Number         0  stubs.o ABSOLUTE
    _printf_d                                0x00000000   Number         0  stubs.o ABSOLUTE
    _printf_e                                0x00000000   Number         0  stubs.o ABSOLUTE
    _printf_f                                0x00000000   Number         0  stubs.o ABSOLUTE
    _printf_flags                            0x00000000   Number         0  stubs.o ABSOLUTE
    _printf_fp_dec                           0x00000000   Number         0  stubs.o ABSOLUTE
    _printf_fp_hex                           0x00000000   Number         0  stubs.o ABSOLUTE
    _printf_g                                0x00000000   Number         0  stubs.o ABSOLUTE
    _printf_i                                0x00000000   Number         0  stubs.o ABSOLUTE
    _printf_int_dec                          0x00000000   Number         0  stubs.o ABSOLUTE
    _printf_l                                0x00000000   Number         0  stubs.o ABSOLUTE
    _printf_lc                               0x00000000   Number         0  stubs.o ABSOLUTE
    _printf_ll                               0x00000000   Number         0  stubs.o ABSOLUTE
    _printf_lld                              0x00000000   Number         0  stubs.o ABSOLUTE
    _printf_lli                              0x00000000   Number         0  stubs.o ABSOLUTE
    _printf_llo                              0x00000000   Number         0  stubs.o ABSOLUTE
    _printf_llu                              0x00000000   Number         0  stubs.o ABSOLUTE
    _printf_llx                              0x00000000   Number         0  stubs.o ABSOLUTE
    _printf_longlong_dec                     0x00000000   Number         0  stubs.o ABSOLUTE
    _printf_longlong_hex                     0x00000000   Number         0  stubs.o ABSOLUTE
    _printf_longlong_oct                     0x00000000   Number         0  stubs.o ABSOLUTE
    _printf_ls                               0x00000000   Number         0  stubs.o ABSOLUTE
    _printf_mbtowc                           0x00000000   Number         0  stubs.o ABSOLUTE
    _printf_n                                0x00000000   Number         0  stubs.o ABSOLUTE
    _printf_o                                0x00000000   Number         0  stubs.o ABSOLUTE
    _printf_p                                0x00000000   Number         0  stubs.o ABSOLUTE
    _printf_percent                          0x00000000   Number         0  stubs.o ABSOLUTE
    _printf_pre_padding                      0x00000000   Number         0  stubs.o ABSOLUTE
    _printf_return_value                     0x00000000   Number         0  stubs.o ABSOLUTE
    _printf_s                                0x00000000   Number         0  stubs.o ABSOLUTE
    _printf_sizespec                         0x00000000   Number         0  stubs.o ABSOLUTE
    _printf_str                              0x00000000   Number         0  stubs.o ABSOLUTE
    _printf_truncate_signed                  0x00000000   Number         0  stubs.o ABSOLUTE
    _printf_truncate_unsigned                0x00000000   Number         0  stubs.o ABSOLUTE
    _printf_u                                0x00000000   Number         0  stubs.o ABSOLUTE
    _printf_wc                               0x00000000   Number         0  stubs.o ABSOLUTE
    _printf_wctomb                           0x00000000   Number         0  stubs.o ABSOLUTE
    _printf_widthprec                        0x00000000   Number         0  stubs.o ABSOLUTE
    _printf_x                                0x00000000   Number         0  stubs.o ABSOLUTE
    __cpp_initialize__aeabi_                  - Undefined Weak Reference
    __cxa_finalize                            - Undefined Weak Reference
    _clock_init                               - Undefined Weak Reference
    _microlib_exit                            - Undefined Weak Reference
    __Vectors_Size                           0x00000190   Number         0  startup_mm32f3277g.o ABSOLUTE
    __Vectors                                0x08000000   Data           4  startup_mm32f3277g.o(RESET)
    __Vectors_End                            0x08000190   Data           0  startup_mm32f3277g.o(RESET)
    __main                                   0x08000401   Thumb Code     0  entry.o(.ARM.Collect$$$$00000000)
    _main_stk                                0x08000401   Thumb Code     0  entry4.o(.ARM.Collect$$$$00000003)
    _main_scatterload                        0x08000405   Thumb Code     0  entry5.o(.ARM.Collect$$$$00000004)
    __main_after_scatterload                 0x08000409   Thumb Code     0  entry5.o(.ARM.Collect$$$$00000004)
    _main_clock                              0x08000409   Thumb Code     0  entry7b.o(.ARM.Collect$$$$00000008)
    _main_cpp_init                           0x08000409   Thumb Code     0  entry8b.o(.ARM.Collect$$$$0000000A)
    _main_init                               0x08000409   Thumb Code     0  entry9a.o(.ARM.Collect$$$$0000000B)
    __rt_final_cpp                           0x08000411   Thumb Code     0  entry10a.o(.ARM.Collect$$$$0000000D)
    __rt_final_exit                          0x08000411   Thumb Code     0  entry11a.o(.ARM.Collect$$$$0000000F)
    Reset_Handler                            0x08000415   Thumb Code     8  startup_mm32f3277g.o(.text)
    NMI_Handler                              0x0800041d   Thumb Code     2  startup_mm32f3277g.o(.text)
    HardFault_Handler                        0x0800041f   Thumb Code     2  startup_mm32f3277g.o(.text)
    MemManage_Handler                        0x08000421   Thumb Code     2  startup_mm32f3277g.o(.text)
    BusFault_Handler                         0x08000423   Thumb Code     2  startup_mm32f3277g.o(.text)
    UsageFault_Handler                       0x08000425   Thumb Code     2  startup_mm32f3277g.o(.text)
    SVC_Handler                              0x08000427   Thumb Code     2  startup_mm32f3277g.o(.text)
    DebugMon_Handler                         0x08000429   Thumb Code     2  startup_mm32f3277g.o(.text)
    PendSV_Handler                           0x0800042b   Thumb Code     2  startup_mm32f3277g.o(.text)
    SysTick_Handler                          0x0800042d   Thumb Code     2  startup_mm32f3277g.o(.text)
    ADC1_2_IRQHandler                        0x0800042f   Thumb Code     0  startup_mm32f3277g.o(.text)
    ADC3_IRQHandler                          0x0800042f   Thumb Code     0  startup_mm32f3277g.o(.text)
    CAN1_RX_IRQHandler                       0x0800042f   Thumb Code     0  startup_mm32f3277g.o(.text)
    COMP1_2_IRQHandler                       0x0800042f   Thumb Code     0  startup_mm32f3277g.o(.text)
    ETH_IRQHandler                           0x0800042f   Thumb Code     0  startup_mm32f3277g.o(.text)
    FLASH_IRQHandler                         0x0800042f   Thumb Code     0  startup_mm32f3277g.o(.text)
    FlashCache_IRQHandler                    0x0800042f   Thumb Code     0  startup_mm32f3277g.o(.text)
    I2C1_IRQHandler                          0x0800042f   Thumb Code     0  startup_mm32f3277g.o(.text)
    I2C2_IRQHandler                          0x0800042f   Thumb Code     0  startup_mm32f3277g.o(.text)
    OTG_FS_IRQHandler                        0x0800042f   Thumb Code     0  startup_mm32f3277g.o(.text)
    OTG_FS_WKUP_IRQHandler                   0x0800042f   Thumb Code     0  startup_mm32f3277g.o(.text)
    PVD_IRQHandler                           0x0800042f   Thumb Code     0  startup_mm32f3277g.o(.text)
    RCC_CRS_IRQHandler                       0x0800042f   Thumb Code     0  startup_mm32f3277g.o(.text)
    RTCAlarm_IRQHandler                      0x0800042f   Thumb Code     0  startup_mm32f3277g.o(.text)
    RTC_IRQHandler                           0x0800042f   Thumb Code     0  startup_mm32f3277g.o(.text)
    SDIO_IRQHandler                          0x0800042f   Thumb Code     0  startup_mm32f3277g.o(.text)
    SPI1_IRQHandler                          0x0800042f   Thumb Code     0  startup_mm32f3277g.o(.text)
    SPI2_IRQHandler                          0x0800042f   Thumb Code     0  startup_mm32f3277g.o(.text)
    SPI3_IRQHandler                          0x0800042f   Thumb Code     0  startup_mm32f3277g.o(.text)
    TAMPER_IRQHandler                        0x0800042f   Thumb Code     0  startup_mm32f3277g.o(.text)
    TIM1_BRK_IRQHandler                      0x0800042f   Thumb Code     0  startup_mm32f3277g.o(.text)
    TIM1_CC_IRQHandler                       0x0800042f   Thumb Code     0  startup_mm32f3277g.o(.text)
    TIM1_TRG_COM_IRQHandler                  0x0800042f   Thumb Code     0  startup_mm32f3277g.o(.text)
    TIM8_BRK_IRQHandler                      0x0800042f   Thumb Code     0  startup_mm32f3277g.o(.text)
    TIM8_CC_IRQHandler                       0x0800042f   Thumb Code     0  startup_mm32f3277g.o(.text)
    TIM8_TRG_COM_IRQHandler                  0x0800042f   Thumb Code     0  startup_mm32f3277g.o(.text)
    WWDG_IRQHandler                          0x0800042f   Thumb Code     0  startup_mm32f3277g.o(.text)
    __aeabi_memcpy                           0x08000439   Thumb Code    36  memcpya.o(.text)
    __aeabi_memcpy4                          0x08000439   Thumb Code     0  memcpya.o(.text)
    __aeabi_memcpy8                          0x08000439   Thumb Code     0  memcpya.o(.text)
    __aeabi_memset                           0x0800045d   Thumb Code    14  memseta.o(.text)
    __aeabi_memset4                          0x0800045d   Thumb Code     0  memseta.o(.text)
    __aeabi_memset8                          0x0800045d   Thumb Code     0  memseta.o(.text)
    __aeabi_memclr                           0x0800046b   Thumb Code     4  memseta.o(.text)
    __aeabi_memclr4                          0x0800046b   Thumb Code     0  memseta.o(.text)
    __aeabi_memclr8                          0x0800046b   Thumb Code     0  memseta.o(.text)
    _memset$wrapper                          0x0800046f   Thumb Code    18  memseta.o(.text)
    strlen                                   0x08000481   Thumb Code    14  strlen.o(.text)
    strncmp                                  0x0800048f   Thumb Code    30  strncmp.o(.text)
    __aeabi_fadd                             0x080004ad   Thumb Code   164  fadd.o(.text)
    __aeabi_fsub                             0x08000551   Thumb Code     6  fadd.o(.text)
    __aeabi_frsub                            0x08000557   Thumb Code     6  fadd.o(.text)
    __aeabi_fmul                             0x0800055d   Thumb Code   100  fmul.o(.text)
    __aeabi_fdiv                             0x080005c1   Thumb Code   124  fdiv.o(.text)
    __aeabi_dadd                             0x0800063d   Thumb Code   322  dadd.o(.text)
    __aeabi_dsub                             0x0800077f   Thumb Code     6  dadd.o(.text)
    __aeabi_drsub                            0x08000785   Thumb Code     6  dadd.o(.text)
    __aeabi_dmul                             0x0800078b   Thumb Code   228  dmul.o(.text)
    __aeabi_fcmpge                           0x0800086f   Thumb Code    28  fcmpge.o(.text)
    __aeabi_fcmpgt                           0x0800088b   Thumb Code    28  fcmpgt.o(.text)
    __aeabi_fcmpeq                           0x080008a7   Thumb Code    28  fcmpeq.o(.text)
    __aeabi_i2f                              0x080008c3   Thumb Code    18  fflti.o(.text)
    __aeabi_ui2f                             0x080008d5   Thumb Code    10  ffltui.o(.text)
    __aeabi_i2d                              0x080008df   Thumb Code    34  dflti.o(.text)
    __aeabi_ui2d                             0x08000901   Thumb Code    26  dfltui.o(.text)
    __aeabi_f2iz                             0x0800091b   Thumb Code    50  ffixi.o(.text)
    __aeabi_d2uiz                            0x0800094d   Thumb Code    50  dfixui.o(.text)
    __aeabi_f2d                              0x0800097f   Thumb Code    38  f2d.o(.text)
    __aeabi_d2f                              0x080009a5   Thumb Code    56  d2f.o(.text)
    __aeabi_uidiv                            0x080009dd   Thumb Code     0  uidiv.o(.text)
    __aeabi_uidivmod                         0x080009dd   Thumb Code    44  uidiv.o(.text)
    __aeabi_llsl                             0x08000a09   Thumb Code    30  llshl.o(.text)
    _ll_shift_l                              0x08000a09   Thumb Code     0  llshl.o(.text)
    __aeabi_llsr                             0x08000a27   Thumb Code    32  llushr.o(.text)
    _ll_ushift_r                             0x08000a27   Thumb Code     0  llushr.o(.text)
    __aeabi_lasr                             0x08000a47   Thumb Code    36  llsshr.o(.text)
    _ll_sshift_r                             0x08000a47   Thumb Code     0  llsshr.o(.text)
    __I$use$fp                               0x08000a6b   Thumb Code     0  iusefp.o(.text)
    _float_round                             0x08000a6b   Thumb Code    18  fepilogue.o(.text)
    _float_epilogue                          0x08000a7d   Thumb Code    92  fepilogue.o(.text)
    _double_round                            0x08000ad9   Thumb Code    30  depilogue.o(.text)
    _double_epilogue                         0x08000af7   Thumb Code   156  depilogue.o(.text)
    __scatterload                            0x08000b95   Thumb Code    28  init.o(.text)
    __scatterload_rt2                        0x08000b95   Thumb Code     0  init.o(.text)
    __decompress                             0x08000bb9   Thumb Code     0  __dczerorl2.o(.text)
    __decompress1                            0x08000bb9   Thumb Code    86  __dczerorl2.o(.text)
    DMA1_Channel1_IRQHandler                 0x08000c11   Thumb Code    24  isr.o(.text.DMA1_Channel1_IRQHandler)
    DMA1_Channel2_IRQHandler                 0x08000c25   Thumb Code    24  isr.o(.text.DMA1_Channel2_IRQHandler)
    DMA1_Channel3_IRQHandler                 0x08000c39   Thumb Code    24  isr.o(.text.DMA1_Channel3_IRQHandler)
    DMA1_Channel4_IRQHandler                 0x08000c4d   Thumb Code    40  isr.o(.text.DMA1_Channel4_IRQHandler)
    DMA1_Channel5_IRQHandler                 0x08000c71   Thumb Code    24  isr.o(.text.DMA1_Channel5_IRQHandler)
    DMA1_Channel6_IRQHandler                 0x08000c85   Thumb Code    24  isr.o(.text.DMA1_Channel6_IRQHandler)
    DMA1_Channel7_IRQHandler                 0x08000c99   Thumb Code    24  isr.o(.text.DMA1_Channel7_IRQHandler)
    DMA2_Channel1_IRQHandler                 0x08000cb1   Thumb Code    24  isr.o(.text.DMA2_Channel1_IRQHandler)
    DMA2_Channel2_IRQHandler                 0x08000cc5   Thumb Code    24  isr.o(.text.DMA2_Channel2_IRQHandler)
    DMA2_Channel3_IRQHandler                 0x08000cd9   Thumb Code    24  isr.o(.text.DMA2_Channel3_IRQHandler)
    DMA2_Channel4_IRQHandler                 0x08000ced   Thumb Code    24  isr.o(.text.DMA2_Channel4_IRQHandler)
    DMA2_Channel5_IRQHandler                 0x08000d01   Thumb Code    24  isr.o(.text.DMA2_Channel5_IRQHandler)
    EXTI0_IRQHandler                         0x08000d19   Thumb Code    16  isr.o(.text.EXTI0_IRQHandler)
    EXTI15_10_IRQHandler                     0x08000d25   Thumb Code   116  isr.o(.text.EXTI15_10_IRQHandler)
    EXTI1_IRQHandler                         0x08000d95   Thumb Code    16  isr.o(.text.EXTI1_IRQHandler)
    EXTI2_IRQHandler                         0x08000da1   Thumb Code    16  isr.o(.text.EXTI2_IRQHandler)
    EXTI3_IRQHandler                         0x08000dad   Thumb Code    16  isr.o(.text.EXTI3_IRQHandler)
    EXTI4_IRQHandler                         0x08000db9   Thumb Code    24  isr.o(.text.EXTI4_IRQHandler)
    EXTI9_5_IRQHandler                       0x08000dcd   Thumb Code   100  isr.o(.text.EXTI9_5_IRQHandler)
    IPS_Init                                 0x08000e31   Thumb Code    34  menu.o(.text.IPS_Init)
    KeyNum                                   0x08000e53   Thumb Code   138  menu.o(.text.KeyNum)
    Key_Init                                 0x08000edd   Thumb Code    56  menu.o(.text.Key_Init)
    Otsu                                     0x08000f15   Thumb Code   292  image.o(.text.Otsu)
    SystemInit                               0x08001039   Thumb Code    12  system_mm32f3277g.o(.text.SystemInit)
    TIM1_UP_IRQHandler                       0x08001045   Thumb Code    20  isr.o(.text.TIM1_UP_IRQHandler)
    TIM2_IRQHandler                          0x08001059   Thumb Code    20  isr.o(.text.TIM2_IRQHandler)
    TIM3_IRQHandler                          0x0800106d   Thumb Code    20  isr.o(.text.TIM3_IRQHandler)
    TIM4_IRQHandler                          0x08001081   Thumb Code    20  isr.o(.text.TIM4_IRQHandler)
    TIM5_IRQHandler                          0x08001095   Thumb Code    20  isr.o(.text.TIM5_IRQHandler)
    TIM6_IRQHandler                          0x080010a9   Thumb Code    20  isr.o(.text.TIM6_IRQHandler)
    TIM7_IRQHandler                          0x080010bd   Thumb Code    20  isr.o(.text.TIM7_IRQHandler)
    TIM8_UP_IRQHandler                       0x080010d1   Thumb Code    24  isr.o(.text.TIM8_UP_IRQHandler)
    UART1_IRQHandler                         0x080010e9   Thumb Code    40  isr.o(.text.UART1_IRQHandler)
    UART2_IRQHandler                         0x08001111   Thumb Code    48  isr.o(.text.UART2_IRQHandler)
    UART3_IRQHandler                         0x08001141   Thumb Code    40  isr.o(.text.UART3_IRQHandler)
    UART4_IRQHandler                         0x08001169   Thumb Code    40  isr.o(.text.UART4_IRQHandler)
    UART5_IRQHandler                         0x08001191   Thumb Code    40  isr.o(.text.UART5_IRQHandler)
    UART6_IRQHandler                         0x080011b9   Thumb Code    56  isr.o(.text.UART6_IRQHandler)
    UART7_IRQHandler                         0x080011f1   Thumb Code    40  isr.o(.text.UART7_IRQHandler)
    UART8_IRQHandler                         0x08001219   Thumb Code    56  isr.o(.text.UART8_IRQHandler)
    adc_convert                              0x08001251   Thumb Code    68  zf_driver_adc.o(.text.adc_convert)
    afio_init                                0x08001295   Thumb Code   112  zf_driver_gpio.o(.text.afio_init)
    camera_fifo_init                         0x08001301   Thumb Code    20  zf_device_camera.o(.text.camera_fifo_init)
    camera_init                              0x08001315   Thumb Code   128  zf_device_camera.o(.text.camera_init)
    clock_init                               0x08001395   Thumb Code   500  zf_common_clock.o(.text.clock_init)
    debug_assert_handler                     0x08001589   Thumb Code   220  zf_common_debug.o(.text.debug_assert_handler)
    debug_init                               0x08001665   Thumb Code    80  zf_common_debug.o(.text.debug_init)
    debug_log_handler                        0x080016a1   Thumb Code    44  zf_common_debug.o(.text.debug_log_handler)
    debug_output_init                        0x080019c9   Thumb Code    64  zf_common_debug.o(.text.debug_output_init)
    debug_output_struct_init                 0x08001a09   Thumb Code    26  zf_common_debug.o(.text.debug_output_struct_init)
    dl1a_get_distance                        0x08001a2d   Thumb Code   120  zf_device_dl1a.o(.text.dl1a_get_distance)
    dl1a_int_handler                         0x08001aa5   Thumb Code     4  zf_device_dl1a.o(.text.dl1a_int_handler)
    dm1xa_light_callback                     0x08001aa9   Thumb Code    28  zf_device_dm1xa.o(.text.dm1xa_light_callback)
    dm1xa_sound_callback                     0x08001ac1   Thumb Code   144  zf_device_dm1xa.o(.text.dm1xa_sound_callback)
    dma_camera_init                          0x08001b51   Thumb Code   232  zf_driver_dma.o(.text.dma_camera_init)
    dma_disable                              0x08001c35   Thumb Code    36  zf_driver_dma.o(.text.dma_disable)
    dma_enable                               0x08001c55   Thumb Code    36  zf_driver_dma.o(.text.dma_enable)
    dma_set_count                            0x08001c75   Thumb Code    32  zf_driver_dma.o(.text.dma_set_count)
    draw_line                                0x08001c95   Thumb Code    32  menu.o(.text.draw_line)
    exti_init                                0x08001cb5   Thumb Code   376  zf_driver_exti.o(.text.exti_init)
    fifo_clear                               0x08001e2d   Thumb Code    96  zf_common_fifo.o(.text.fifo_clear)
    fifo_init                                0x08001e89   Thumb Code    60  zf_common_fifo.o(.text.fifo_init)
    fifo_read_buffer                         0x08001ec1   Thumb Code   304  zf_common_fifo.o(.text.fifo_read_buffer)
    fifo_used                                0x08001fed   Thumb Code    32  zf_common_fifo.o(.text.fifo_used)
    fifo_write_buffer                        0x08002009   Thumb Code   432  zf_common_fifo.o(.text.fifo_write_buffer)
    fifo_write_element                       0x080021b9   Thumb Code   124  zf_common_fifo.o(.text.fifo_write_element)
    find_basic_point                         0x08002235   Thumb Code   432  image.o(.text.find_basic_point)
    func_float_to_str                        0x080023e5   Thumb Code   296  zf_common_function.o(.text.func_float_to_str)
    func_get_greatest_common_divisor         0x08002509   Thumb Code    18  zf_common_function.o(.text.func_get_greatest_common_divisor)
    func_uint_to_str                         0x0800251d   Thumb Code    92  zf_common_function.o(.text.func_uint_to_str)
    get_image                                0x08002579   Thumb Code    20  image.o(.text.get_image)
    gpio_get_level                           0x08002589   Thumb Code    36  zf_driver_gpio.o(.text.gpio_get_level)
    gpio_init                                0x080025a9   Thumb Code   156  zf_driver_gpio.o(.text.gpio_init)
    gpio_set_level                           0x08002641   Thumb Code    44  zf_driver_gpio.o(.text.gpio_set_level)
    gps_uart_callback                        0x0800266d   Thumb Code   192  zf_device_gps_tau1201.o(.text.gps_uart_callback)
    handle1                                  0x0800272d   Thumb Code   228  menu.o(.text.handle1)
    handle2                                  0x0800280d   Thumb Code   124  menu.o(.text.handle2)
    image_binaryzation                       0x08002889   Thumb Code   124  image.o(.text.image_binaryzation)
    interrupt_disable                        0x08002905   Thumb Code    36  zf_common_interrupt.o(.text.interrupt_disable)
    interrupt_enable                         0x08002929   Thumb Code    28  zf_common_interrupt.o(.text.interrupt_enable)
    interrupt_global_disable                 0x08002945   Thumb Code    20  zf_common_interrupt.o(.text.interrupt_global_disable)
    interrupt_init                           0x08002959   Thumb Code    28  zf_common_interrupt.o(.text.interrupt_init)
    interrupt_set_priority                   0x08002975   Thumb Code    36  zf_common_interrupt.o(.text.interrupt_set_priority)
    ips200_clear                             0x08002999   Thumb Code   112  zf_device_ips200.o(.text.ips200_clear)
    ips200_draw_point                        0x08002a01   Thumb Code   136  zf_device_ips200.o(.text.ips200_draw_point)
    ips200_init                              0x08002a7d   Thumb Code   784  zf_device_ips200.o(.text.ips200_init)
    ips200_set_color                         0x08002d85   Thumb Code    12  zf_device_ips200.o(.text.ips200_set_color)
    ips200_set_dir                           0x08002d91   Thumb Code    48  zf_device_ips200.o(.text.ips200_set_dir)
    ips200_set_font                          0x08002dbd   Thumb Code    12  zf_device_ips200.o(.text.ips200_set_font)
    ips200_show_char                         0x08002e51   Thumb Code   332  zf_device_ips200.o(.text.ips200_show_char)
    ips200_show_float                        0x08002f91   Thumb Code   272  zf_device_ips200.o(.text.ips200_show_float)
    ips200_show_gray_image                   0x08003099   Thumb Code   276  zf_device_ips200.o(.text.ips200_show_gray_image)
    ips200_show_string                       0x080031ad   Thumb Code   128  zf_device_ips200.o(.text.ips200_show_string)
    ips200_show_uint                         0x08003229   Thumb Code   180  zf_device_ips200.o(.text.ips200_show_uint)
    main                                     0x08003401   Thumb Code   136  main.o(.text.main)
    mt9v03x_get_version                      0x0800349d   Thumb Code    92  zf_device_mt9v03x.o(.text.mt9v03x_get_version)
    mt9v03x_init                             0x080034f5   Thumb Code   660  zf_device_mt9v03x.o(.text.mt9v03x_init)
    mt9v03x_set_config_sccb                  0x080037c5   Thumb Code  2478  zf_device_config.o(.text.mt9v03x_set_config_sccb)
    print_menu                               0x0800420d   Thumb Code   496  menu.o(.text.print_menu)
    set_camera_type                          0x080043fd   Thumb Code    48  zf_device_type.o(.text.set_camera_type)
    soft_iic_init                            0x0800442d   Thumb Code    96  zf_driver_soft_iic.o(.text.soft_iic_init)
    soft_iic_read_8bit_registers             0x08004489   Thumb Code   136  zf_driver_soft_iic.o(.text.soft_iic_read_8bit_registers)
    soft_iic_sccb_read_register              0x0800466d   Thumb Code   100  zf_driver_soft_iic.o(.text.soft_iic_sccb_read_register)
    soft_iic_sccb_write_register             0x080046c9   Thumb Code    72  zf_driver_soft_iic.o(.text.soft_iic_sccb_write_register)
    soft_iic_write_8bit_register             0x08004939   Thumb Code    72  zf_driver_soft_iic.o(.text.soft_iic_write_8bit_register)
    spi_init                                 0x08004981   Thumb Code   420  zf_driver_spi.o(.text.spi_init)
    spi_write_16bit                          0x08004b1d   Thumb Code    60  zf_driver_spi.o(.text.spi_write_16bit)
    spi_write_8bit                           0x08004b55   Thumb Code    48  zf_driver_spi.o(.text.spi_write_8bit)
    system_delay_ms                          0x08004b85   Thumb Code    88  zf_driver_delay.o(.text.system_delay_ms)
    timer_clear                              0x08004bdd   Thumb Code    76  zf_driver_timer.o(.text.timer_clear)
    timer_clock_enable                       0x08004c29   Thumb Code    60  zf_driver_timer.o(.text.timer_clock_enable)
    timer_etr_init                           0x08004c65   Thumb Code   208  zf_driver_timer.o(.text.timer_etr_init)
    timer_get                                0x08004d2d   Thumb Code    92  zf_driver_timer.o(.text.timer_get)
    tsl1401_collect_pit_handler              0x08004d89   Thumb Code   152  zf_device_tsl1401.o(.text.tsl1401_collect_pit_handler)
    uart_init                                0x08004e25   Thumb Code   272  zf_driver_uart.o(.text.uart_init)
    uart_query_byte                          0x08004f2d   Thumb Code    56  zf_driver_uart.o(.text.uart_query_byte)
    uart_rx_interrupt                        0x08004f5d   Thumb Code    84  zf_driver_uart.o(.text.uart_rx_interrupt)
    uart_write_buffer                        0x08004fad   Thumb Code    64  zf_driver_uart.o(.text.uart_write_buffer)
    uart_write_byte                          0x08004fe5   Thumb Code    24  zf_driver_uart.o(.text.uart_write_byte)
    uart_write_string                        0x08004ffd   Thumb Code    44  zf_driver_uart.o(.text.uart_write_string)
    weight_find_mid_line                     0x08005029   Thumb Code   112  image.o(.text.weight_find_mid_line)
    __0sprintf$3                             0x08005099   Thumb Code    34  printf3.o(i.__0sprintf$3)
    __1sprintf$3                             0x08005099   Thumb Code     0  printf3.o(i.__0sprintf$3)
    __2sprintf                               0x08005099   Thumb Code     0  printf3.o(i.__0sprintf$3)
    __scatterload_copy                       0x080050c1   Thumb Code    14  handlers.o(i.__scatterload_copy)
    __scatterload_null                       0x080050cf   Thumb Code     2  handlers.o(i.__scatterload_null)
    __scatterload_zeroinit                   0x080050d1   Thumb Code    14  handlers.o(i.__scatterload_zeroinit)
    ascii_font_6x8                           0x080052a2   Data         552  zf_common_font.o(.rodata.ascii_font_6x8)
    ascii_font_8x16                          0x080054ca   Data        1520  zf_common_font.o(.rodata.ascii_font_8x16)
    Region$$Table$$Base                      0x08005d0c   Number         0  anon$$obj.o(Region$$Table)
    Region$$Table$$Limit                     0x08005d2c   Number         0  anon$$obj.o(Region$$Table)
    cursor_position                          0x20000000   Data           4  menu.o(.data..L_MergedGlobals)
    last_cursor_position                     0x20000004   Data           4  menu.o(.data..L_MergedGlobals)
    main_menu_position                       0x20000008   Data           4  menu.o(.data..L_MergedGlobals)
    pid_menu_position                        0x2000000c   Data           4  menu.o(.data..L_MergedGlobals)
    len_main                                 0x20000010   Data           4  menu.o(.data..L_MergedGlobals)
    len_pid                                  0x20000014   Data           4  menu.o(.data..L_MergedGlobals)
    kp                                       0x20000018   Data           4  menu.o(.data..L_MergedGlobals)
    ki                                       0x2000001c   Data           4  menu.o(.data..L_MergedGlobals)
    kd                                       0x20000020   Data           4  menu.o(.data..L_MergedGlobals)
    l_point                                  0x20000024   Data           1  image.o(.data..L_MergedGlobals)
    r_point                                  0x20000025   Data           1  image.o(.data..L_MergedGlobals)
    last_mid_line                            0x20000026   Data           1  image.o(.data..L_MergedGlobals)
    flag1_2                                  0x20000028   Data           4  image.o(.data..L_MergedGlobals)
    flag1_4                                  0x2000002c   Data           4  image.o(.data..L_MergedGlobals)
    flag3_4                                  0x20000030   Data           4  image.o(.data..L_MergedGlobals)
    dl1a_finsh_flag                          0x20000034   Data           1  zf_device_dl1a.o(.data..L_MergedGlobals)
    dl1a_distance_mm                         0x20000036   Data           2  zf_device_dl1a.o(.data..L_MergedGlobals)
    camera_type                              0x200000a0   Data           1  zf_device_type.o(.data..L_MergedGlobals)
    wireless_type                            0x200000a1   Data           1  zf_device_type.o(.data..L_MergedGlobals)
    camera_uart_handler                      0x200000a4   Data           4  zf_device_type.o(.data..L_MergedGlobals)
    camera_vsync_handler                     0x200000a8   Data           4  zf_device_type.o(.data..L_MergedGlobals)
    camera_dma_handler                       0x200000ac   Data           4  zf_device_type.o(.data..L_MergedGlobals)
    wireless_module_uart_handler             0x200000b0   Data           4  zf_device_type.o(.data..L_MergedGlobals)
    mid_weight                               0x200000c0   Data         120  image.o(.data..L_MergedGlobals.4)
    final_mid_line                           0x2000013a   Data           1  image.o(.data.final_mid_line)
    gpio_group                               0x2000013c   Data          32  zf_driver_gpio.o(.data.gpio_group)
    system_clock                             0x2000015c   Data           4  zf_common_clock.o(.data.system_clock)
    camera_receiver_buffer                   0x20000190   Data           8  zf_device_camera.o(.bss..L_MergedGlobals)
    camera_receiver_fifo                     0x20000198   Data          24  zf_device_camera.o(.bss..L_MergedGlobals)
    gps_tau1201_flag                         0x200001c0   Data           1  zf_device_gps_tau1201.o(.bss..L_MergedGlobals)
    gps_gga_state                            0x200001c1   Data           1  zf_device_gps_tau1201.o(.bss..L_MergedGlobals)
    gps_rmc_state                            0x200001c2   Data           1  zf_device_gps_tau1201.o(.bss..L_MergedGlobals)
    gps_tau1201                              0x200001c8   Data          64  zf_device_gps_tau1201.o(.bss..L_MergedGlobals)
    mid_line                                 0x20000230   Data         120  image.o(.bss..L_MergedGlobals.3)
    KeyNumber                                0x200002ac   Data           4  menu.o(.bss.KeyNumber)
    MK                                       0x200002b0   Data        1024  image.o(.bss.MK)
    P                                        0x200006b0   Data        1024  image.o(.bss.P)
    PK                                       0x20000ab0   Data        1024  image.o(.bss.PK)
    basic_image                              0x20000eb4   Data       22560  image.o(.bss.basic_image)
    hist                                     0x200067f4   Data         512  image.o(.bss.hist)
    image                                    0x200069f4   Data       22560  image.o(.bss.image)
    mt9v03x_finish_flag                      0x2000c218   Data           1  zf_device_mt9v03x.o(.bss.mt9v03x_finish_flag)
    mt9v03x_flag                             0x2000c219   Data           1  main.o(.bss.mt9v03x_flag)
    mt9v03x_image                            0x2000c230   Data       22560  zf_device_mt9v03x.o(.bss.mt9v03x_image)
    threshold                                0x20011a68   Data           1  image.o(.bss.threshold)
    tsl1401_data                             0x20011a6a   Data         512  zf_device_tsl1401.o(.bss.tsl1401_data)
    tsl1401_finish_flag                      0x20011c6a   Data           1  zf_device_tsl1401.o(.bss.tsl1401_finish_flag)
    Image$$ARM_LIB_STACK$$ZI$$Limit          0x20020000   Number         0  anon$$obj.o ABSOLUTE



==============================================================================

Memory Map of the image

  Image Entry point : 0x08000401

  Load Region LR_m_text (Base: 0x08000000, Size: 0x00005ea0, Max: 0x00080000, ABSOLUTE, COMPRESSED[0x00005dd0])

    Execution Region VECTOR_ROM (Exec base: 0x08000000, Load base: 0x08000000, Size: 0x00000190, Max: 0x00000400, ABSOLUTE)

    Exec Addr    Load Addr    Size         Type   Attr      Idx    E Section Name        Object

    0x08000000   0x08000000   0x00000190   Data   RO         1596    RESET               startup_mm32f3277g.o


    Execution Region ER_m_text (Exec base: 0x08000400, Load base: 0x08000400, Size: 0x0000592c, Max: 0x0007fc00, ABSOLUTE, FIXED)

    Exec Addr    Load Addr    Size         Type   Attr      Idx    E Section Name        Object

    0x08000400   0x08000400   0x00000000   Code   RO         2668  * .ARM.Collect$$$$00000000  mc_w.l(entry.o)
    0x08000400   0x08000400   0x00000004   Code   RO         3041    .ARM.Collect$$$$00000003  mc_w.l(entry4.o)
    0x08000404   0x08000404   0x00000004   Code   RO         3044    .ARM.Collect$$$$00000004  mc_w.l(entry5.o)
    0x08000408   0x08000408   0x00000000   Code   RO         3046    .ARM.Collect$$$$00000008  mc_w.l(entry7b.o)
    0x08000408   0x08000408   0x00000000   Code   RO         3048    .ARM.Collect$$$$0000000A  mc_w.l(entry8b.o)
    0x08000408   0x08000408   0x00000008   Code   RO         3049    .ARM.Collect$$$$0000000B  mc_w.l(entry9a.o)
    0x08000410   0x08000410   0x00000000   Code   RO         3051    .ARM.Collect$$$$0000000D  mc_w.l(entry10a.o)
    0x08000410   0x08000410   0x00000000   Code   RO         3053    .ARM.Collect$$$$0000000F  mc_w.l(entry11a.o)
    0x08000410   0x08000410   0x00000004   Code   RO         3042    .ARM.Collect$$$$00002714  mc_w.l(entry4.o)
    0x08000414   0x08000414   0x00000024   Code   RO         1597    .text               startup_mm32f3277g.o
    0x08000438   0x08000438   0x00000024   Code   RO         2671    .text               mc_w.l(memcpya.o)
    0x0800045c   0x0800045c   0x00000024   Code   RO         2673    .text               mc_w.l(memseta.o)
    0x08000480   0x08000480   0x0000000e   Code   RO         2681    .text               mc_w.l(strlen.o)
    0x0800048e   0x0800048e   0x0000001e   Code   RO         2687    .text               mc_w.l(strncmp.o)
    0x080004ac   0x080004ac   0x000000b0   Code   RO         2954    .text               mf_w.l(fadd.o)
    0x0800055c   0x0800055c   0x00000064   Code   RO         2956    .text               mf_w.l(fmul.o)
    0x080005c0   0x080005c0   0x0000007c   Code   RO         2958    .text               mf_w.l(fdiv.o)
    0x0800063c   0x0800063c   0x0000014e   Code   RO         2960    .text               mf_w.l(dadd.o)
    0x0800078a   0x0800078a   0x000000e4   Code   RO         2962    .text               mf_w.l(dmul.o)
    0x0800086e   0x0800086e   0x0000001c   Code   RO         2966    .text               mf_w.l(fcmpge.o)
    0x0800088a   0x0800088a   0x0000001c   Code   RO         2968    .text               mf_w.l(fcmpgt.o)
    0x080008a6   0x080008a6   0x0000001c   Code   RO         2970    .text               mf_w.l(fcmpeq.o)
    0x080008c2   0x080008c2   0x00000012   Code   RO         2978    .text               mf_w.l(fflti.o)
    0x080008d4   0x080008d4   0x0000000a   Code   RO         2980    .text               mf_w.l(ffltui.o)
    0x080008de   0x080008de   0x00000022   Code   RO         2982    .text               mf_w.l(dflti.o)
    0x08000900   0x08000900   0x0000001a   Code   RO         2984    .text               mf_w.l(dfltui.o)
    0x0800091a   0x0800091a   0x00000032   Code   RO         2986    .text               mf_w.l(ffixi.o)
    0x0800094c   0x0800094c   0x00000032   Code   RO         2992    .text               mf_w.l(dfixui.o)
    0x0800097e   0x0800097e   0x00000026   Code   RO         2994    .text               mf_w.l(f2d.o)
    0x080009a4   0x080009a4   0x00000038   Code   RO         2996    .text               mf_w.l(d2f.o)
    0x080009dc   0x080009dc   0x0000002c   Code   RO         3056    .text               mc_w.l(uidiv.o)
    0x08000a08   0x08000a08   0x0000001e   Code   RO         3060    .text               mc_w.l(llshl.o)
    0x08000a26   0x08000a26   0x00000020   Code   RO         3062    .text               mc_w.l(llushr.o)
    0x08000a46   0x08000a46   0x00000024   Code   RO         3064    .text               mc_w.l(llsshr.o)
    0x08000a6a   0x08000a6a   0x00000000   Code   RO         3073    .text               mc_w.l(iusefp.o)
    0x08000a6a   0x08000a6a   0x0000006e   Code   RO         3074    .text               mf_w.l(fepilogue.o)
    0x08000ad8   0x08000ad8   0x000000ba   Code   RO         3076    .text               mf_w.l(depilogue.o)
    0x08000b92   0x08000b92   0x00000002   PAD
    0x08000b94   0x08000b94   0x00000024   Code   RO         3088    .text               mc_w.l(init.o)
    0x08000bb8   0x08000bb8   0x00000056   Code   RO         3098    .text               mc_w.l(__dczerorl2.o)
    0x08000c0e   0x08000c0e   0x00000002   PAD
    0x08000c10   0x08000c10   0x00000014   Code   RO           65    .text.DMA1_Channel1_IRQHandler  isr.o
    0x08000c24   0x08000c24   0x00000014   Code   RO           67    .text.DMA1_Channel2_IRQHandler  isr.o
    0x08000c38   0x08000c38   0x00000014   Code   RO           69    .text.DMA1_Channel3_IRQHandler  isr.o
    0x08000c4c   0x08000c4c   0x00000024   Code   RO           71    .text.DMA1_Channel4_IRQHandler  isr.o
    0x08000c70   0x08000c70   0x00000014   Code   RO           73    .text.DMA1_Channel5_IRQHandler  isr.o
    0x08000c84   0x08000c84   0x00000014   Code   RO           75    .text.DMA1_Channel6_IRQHandler  isr.o
    0x08000c98   0x08000c98   0x00000018   Code   RO           77    .text.DMA1_Channel7_IRQHandler  isr.o
    0x08000cb0   0x08000cb0   0x00000014   Code   RO           79    .text.DMA2_Channel1_IRQHandler  isr.o
    0x08000cc4   0x08000cc4   0x00000014   Code   RO           81    .text.DMA2_Channel2_IRQHandler  isr.o
    0x08000cd8   0x08000cd8   0x00000014   Code   RO           83    .text.DMA2_Channel3_IRQHandler  isr.o
    0x08000cec   0x08000cec   0x00000014   Code   RO           85    .text.DMA2_Channel4_IRQHandler  isr.o
    0x08000d00   0x08000d00   0x00000018   Code   RO           87    .text.DMA2_Channel5_IRQHandler  isr.o
    0x08000d18   0x08000d18   0x0000000c   Code   RO           51    .text.EXTI0_IRQHandler  isr.o
    0x08000d24   0x08000d24   0x00000070   Code   RO           63    .text.EXTI15_10_IRQHandler  isr.o
    0x08000d94   0x08000d94   0x0000000c   Code   RO           53    .text.EXTI1_IRQHandler  isr.o
    0x08000da0   0x08000da0   0x0000000c   Code   RO           55    .text.EXTI2_IRQHandler  isr.o
    0x08000dac   0x08000dac   0x0000000c   Code   RO           57    .text.EXTI3_IRQHandler  isr.o
    0x08000db8   0x08000db8   0x00000014   Code   RO           59    .text.EXTI4_IRQHandler  isr.o
    0x08000dcc   0x08000dcc   0x00000064   Code   RO           61    .text.EXTI9_5_IRQHandler  isr.o
    0x08000e30   0x08000e30   0x00000022   Code   RO          100    .text.IPS_Init      menu.o
    0x08000e52   0x08000e52   0x0000008a   Code   RO          104    .text.KeyNum        menu.o
    0x08000edc   0x08000edc   0x00000038   Code   RO          102    .text.Key_Init      menu.o
    0x08000f14   0x08000f14   0x00000124   Code   RO          133    .text.Otsu          image.o
    0x08001038   0x08001038   0x0000000c   Code   RO         1585    .text.SystemInit    system_mm32f3277g.o
    0x08001044   0x08001044   0x00000014   Code   RO           19    .text.TIM1_UP_IRQHandler  isr.o
    0x08001058   0x08001058   0x00000014   Code   RO           21    .text.TIM2_IRQHandler  isr.o
    0x0800106c   0x0800106c   0x00000014   Code   RO           23    .text.TIM3_IRQHandler  isr.o
    0x08001080   0x08001080   0x00000014   Code   RO           25    .text.TIM4_IRQHandler  isr.o
    0x08001094   0x08001094   0x00000014   Code   RO           27    .text.TIM5_IRQHandler  isr.o
    0x080010a8   0x080010a8   0x00000014   Code   RO           29    .text.TIM6_IRQHandler  isr.o
    0x080010bc   0x080010bc   0x00000014   Code   RO           31    .text.TIM7_IRQHandler  isr.o
    0x080010d0   0x080010d0   0x00000018   Code   RO           33    .text.TIM8_UP_IRQHandler  isr.o
    0x080010e8   0x080010e8   0x00000028   Code   RO           35    .text.UART1_IRQHandler  isr.o
    0x08001110   0x08001110   0x00000030   Code   RO           37    .text.UART2_IRQHandler  isr.o
    0x08001140   0x08001140   0x00000028   Code   RO           39    .text.UART3_IRQHandler  isr.o
    0x08001168   0x08001168   0x00000028   Code   RO           41    .text.UART4_IRQHandler  isr.o
    0x08001190   0x08001190   0x00000028   Code   RO           43    .text.UART5_IRQHandler  isr.o
    0x080011b8   0x080011b8   0x00000038   Code   RO           45    .text.UART6_IRQHandler  isr.o
    0x080011f0   0x080011f0   0x00000028   Code   RO           47    .text.UART7_IRQHandler  isr.o
    0x08001218   0x08001218   0x00000038   Code   RO           49    .text.UART8_IRQHandler  isr.o
    0x08001250   0x08001250   0x00000044   Code   RO          335    .text.adc_convert   zf_driver_adc.o
    0x08001294   0x08001294   0x0000006c   Code   RO          473    .text.afio_init     zf_driver_gpio.o
    0x08001300   0x08001300   0x00000014   Code   RO          885    .text.camera_fifo_init  zf_device_camera.o
    0x08001314   0x08001314   0x00000080   Code   RO          887    .text.camera_init   zf_device_camera.o
    0x08001394   0x08001394   0x000001f4   Code   RO          169    .text.clock_init    zf_common_clock.o
    0x08001588   0x08001588   0x000000dc   Code   RO          191    .text.debug_assert_handler  zf_common_debug.o
    0x08001664   0x08001664   0x0000003c   Code   RO          201    .text.debug_init    zf_common_debug.o
    0x080016a0   0x080016a0   0x0000002c   Code   RO          195    .text.debug_log_handler  zf_common_debug.o
    0x080016cc   0x080016cc   0x000002fc   Code   RO          193    .text.debug_output  zf_common_debug.o
    0x080019c8   0x080019c8   0x00000040   Code   RO          199    .text.debug_output_init  zf_common_debug.o
    0x08001a08   0x08001a08   0x0000001a   Code   RO          197    .text.debug_output_struct_init  zf_common_debug.o
    0x08001a22   0x08001a22   0x00000008   Code   RO          203    .text.debug_uart_str_output  zf_common_debug.o
    0x08001a2a   0x08001a2a   0x00000002   PAD
    0x08001a2c   0x08001a2c   0x00000078   Code   RO          903    .text.dl1a_get_distance  zf_device_dl1a.o
    0x08001aa4   0x08001aa4   0x00000004   Code   RO          905    .text.dl1a_int_handler  zf_device_dl1a.o
    0x08001aa8   0x08001aa8   0x00000018   Code   RO          932    .text.dm1xa_light_callback  zf_device_dm1xa.o
    0x08001ac0   0x08001ac0   0x00000090   Code   RO          930    .text.dm1xa_sound_callback  zf_device_dm1xa.o
    0x08001b50   0x08001b50   0x000000e4   Code   RO          384    .text.dma_camera_init  zf_driver_dma.o
    0x08001c34   0x08001c34   0x00000020   Code   RO          382    .text.dma_disable   zf_driver_dma.o
    0x08001c54   0x08001c54   0x00000020   Code   RO          380    .text.dma_enable    zf_driver_dma.o
    0x08001c74   0x08001c74   0x00000020   Code   RO          378    .text.dma_set_count  zf_driver_dma.o
    0x08001c94   0x08001c94   0x00000020   Code   RO          114    .text.draw_line     menu.o
    0x08001cb4   0x08001cb4   0x00000178   Code   RO          423    .text.exti_init     zf_driver_exti.o
    0x08001e2c   0x08001e2c   0x0000005c   Code   RO          224    .text.fifo_clear    zf_common_fifo.o
    0x08001e88   0x08001e88   0x00000038   Code   RO          238    .text.fifo_init     zf_common_fifo.o
    0x08001ec0   0x08001ec0   0x0000012c   Code   RO          234    .text.fifo_read_buffer  zf_common_fifo.o
    0x08001fec   0x08001fec   0x0000001c   Code   RO          226    .text.fifo_used     zf_common_fifo.o
    0x08002008   0x08002008   0x000001b0   Code   RO          230    .text.fifo_write_buffer  zf_common_fifo.o
    0x080021b8   0x080021b8   0x0000007c   Code   RO          228    .text.fifo_write_element  zf_common_fifo.o
    0x08002234   0x08002234   0x000001b0   Code   RO          137    .text.find_basic_point  image.o
    0x080023e4   0x080023e4   0x00000124   Code   RO          283    .text.func_float_to_str  zf_common_function.o
    0x08002508   0x08002508   0x00000012   Code   RO          269    .text.func_get_greatest_common_divisor  zf_common_function.o
    0x0800251a   0x0800251a   0x00000002   PAD
    0x0800251c   0x0800251c   0x0000005c   Code   RO          279    .text.func_uint_to_str  zf_common_function.o
    0x08002578   0x08002578   0x00000010   Code   RO          131    .text.get_image     image.o
    0x08002588   0x08002588   0x00000020   Code   RO          465    .text.gpio_get_level  zf_driver_gpio.o
    0x080025a8   0x080025a8   0x00000098   Code   RO          471    .text.gpio_init     zf_driver_gpio.o
    0x08002640   0x08002640   0x0000002c   Code   RO          463    .text.gpio_set_level  zf_driver_gpio.o
    0x0800266c   0x0800266c   0x000000c0   Code   RO          959    .text.gps_uart_callback  zf_device_gps_tau1201.o
    0x0800272c   0x0800272c   0x000000e0   Code   RO          110    .text.handle1       menu.o
    0x0800280c   0x0800280c   0x0000007c   Code   RO          112    .text.handle2       menu.o
    0x08002888   0x08002888   0x0000007c   Code   RO          135    .text.image_binaryzation  image.o
    0x08002904   0x08002904   0x00000024   Code   RO          317    .text.interrupt_disable  zf_common_interrupt.o
    0x08002928   0x08002928   0x0000001c   Code   RO          315    .text.interrupt_enable  zf_common_interrupt.o
    0x08002944   0x08002944   0x00000014   Code   RO          313    .text.interrupt_global_disable  zf_common_interrupt.o
    0x08002958   0x08002958   0x0000001c   Code   RO          321    .text.interrupt_init  zf_common_interrupt.o
    0x08002974   0x08002974   0x00000024   Code   RO          319    .text.interrupt_set_priority  zf_common_interrupt.o
    0x08002998   0x08002998   0x00000068   Code   RO         1130    .text.ips200_clear  zf_device_ips200.o
    0x08002a00   0x08002a00   0x0000007c   Code   RO         1144    .text.ips200_draw_point  zf_device_ips200.o
    0x08002a7c   0x08002a7c   0x00000308   Code   RO         1168    .text.ips200_init   zf_device_ips200.o
    0x08002d84   0x08002d84   0x0000000c   Code   RO         1142    .text.ips200_set_color  zf_device_ips200.o
    0x08002d90   0x08002d90   0x0000002c   Code   RO         1138    .text.ips200_set_dir  zf_device_ips200.o
    0x08002dbc   0x08002dbc   0x00000008   Code   RO         1140    .text.ips200_set_font  zf_device_ips200.o
    0x08002dc4   0x08002dc4   0x0000008c   Code   RO         1132    .text.ips200_set_region  zf_device_ips200.o
    0x08002e50   0x08002e50   0x00000140   Code   RO         1148    .text.ips200_show_char  zf_device_ips200.o
    0x08002f90   0x08002f90   0x00000108   Code   RO         1156    .text.ips200_show_float  zf_device_ips200.o
    0x08003098   0x08003098   0x00000114   Code   RO         1160    .text.ips200_show_gray_image  zf_device_ips200.o
    0x080031ac   0x080031ac   0x0000007c   Code   RO         1150    .text.ips200_show_string  zf_device_ips200.o
    0x08003228   0x08003228   0x000000b4   Code   RO         1154    .text.ips200_show_uint  zf_device_ips200.o
    0x080032dc   0x080032dc   0x00000068   Code   RO         1134    .text.ips200_write_16bit_data  zf_device_ips200.o
    0x08003344   0x08003344   0x00000044   Code   RO         1172    .text.ips200_write_8bit_data  zf_device_ips200.o
    0x08003388   0x08003388   0x00000078   Code   RO         1170    .text.ips200_write_command  zf_device_ips200.o
    0x08003400   0x08003400   0x00000088   Code   RO            4    .text.main          main.o
    0x08003488   0x08003488   0x00000014   Code   RO         1240    .text.mt9v03x_dma_handler  zf_device_mt9v03x.o
    0x0800349c   0x0800349c   0x00000058   Code   RO         1234    .text.mt9v03x_get_version  zf_device_mt9v03x.o
    0x080034f4   0x080034f4   0x00000294   Code   RO         1246    .text.mt9v03x_init  zf_device_mt9v03x.o
    0x08003788   0x08003788   0x0000003c   Code   RO         2607    .text.mt9v03x_read_word_sccb  zf_device_config.lib(zf_device_config.o)
    0x080037c4   0x080037c4   0x000009ae   Code   RO         2603    .text.mt9v03x_set_config_sccb  zf_device_config.lib(zf_device_config.o)
    0x08004172   0x08004172   0x00000002   PAD
    0x08004174   0x08004174   0x00000030   Code   RO         1242    .text.mt9v03x_uart_handler  zf_device_mt9v03x.o
    0x080041a4   0x080041a4   0x00000032   Code   RO         1238    .text.mt9v03x_vsync_handler  zf_device_mt9v03x.o
    0x080041d6   0x080041d6   0x00000002   PAD
    0x080041d8   0x080041d8   0x00000032   Code   RO         2605    .text.mt9v03x_write_word_sccb  zf_device_config.lib(zf_device_config.o)
    0x0800420a   0x0800420a   0x00000002   PAD
    0x0800420c   0x0800420c   0x000001f0   Code   RO          108    .text.print_menu    menu.o
    0x080043fc   0x080043fc   0x00000030   Code   RO         1468    .text.set_camera_type  zf_device_type.o
    0x0800442c   0x0800442c   0x0000005c   Code   RO          655    .text.soft_iic_init  zf_driver_soft_iic.o
    0x08004488   0x08004488   0x00000080   Code   RO          641    .text.soft_iic_read_8bit_registers  zf_driver_soft_iic.o
    0x08004508   0x08004508   0x00000164   Code   RO          631    .text.soft_iic_read_data  zf_driver_soft_iic.o
    0x0800466c   0x0800466c   0x0000005c   Code   RO          653    .text.soft_iic_sccb_read_register  zf_driver_soft_iic.o
    0x080046c8   0x080046c8   0x00000044   Code   RO          651    .text.soft_iic_sccb_write_register  zf_driver_soft_iic.o
    0x0800470c   0x0800470c   0x00000124   Code   RO          611    .text.soft_iic_send_data  zf_driver_soft_iic.o
    0x08004830   0x08004830   0x00000084   Code   RO          609    .text.soft_iic_start  zf_driver_soft_iic.o
    0x080048b4   0x080048b4   0x00000084   Code   RO          613    .text.soft_iic_stop  zf_driver_soft_iic.o
    0x08004938   0x08004938   0x00000048   Code   RO          621    .text.soft_iic_write_8bit_register  zf_driver_soft_iic.o
    0x08004980   0x08004980   0x0000019c   Code   RO          759    .text.spi_init      zf_driver_spi.o
    0x08004b1c   0x08004b1c   0x00000038   Code   RO          727    .text.spi_write_16bit  zf_driver_spi.o
    0x08004b54   0x08004b54   0x00000030   Code   RO          723    .text.spi_write_8bit  zf_driver_spi.o
    0x08004b84   0x08004b84   0x00000058   Code   RO          362    .text.system_delay_ms  zf_driver_delay.o
    0x08004bdc   0x08004bdc   0x0000004c   Code   RO          784    .text.timer_clear   zf_driver_timer.o
    0x08004c28   0x08004c28   0x0000003c   Code   RO          776    .text.timer_clock_enable  zf_driver_timer.o
    0x08004c64   0x08004c64   0x000000c8   Code   RO          788    .text.timer_etr_init  zf_driver_timer.o
    0x08004d2c   0x08004d2c   0x0000005c   Code   RO          782    .text.timer_get     zf_driver_timer.o
    0x08004d88   0x08004d88   0x00000098   Code   RO         1446    .text.tsl1401_collect_pit_handler  zf_device_tsl1401.o
    0x08004e20   0x08004e20   0x00000002   Code   RO         1466    .text.type_default_callback  zf_device_type.o
    0x08004e22   0x08004e22   0x00000002   PAD
    0x08004e24   0x08004e24   0x00000108   Code   RO          817    .text.uart_init     zf_driver_uart.o
    0x08004f2c   0x08004f2c   0x00000030   Code   RO          811    .text.uart_query_byte  zf_driver_uart.o
    0x08004f5c   0x08004f5c   0x00000050   Code   RO          815    .text.uart_rx_interrupt  zf_driver_uart.o
    0x08004fac   0x08004fac   0x00000038   Code   RO          805    .text.uart_write_buffer  zf_driver_uart.o
    0x08004fe4   0x08004fe4   0x00000018   Code   RO          803    .text.uart_write_byte  zf_driver_uart.o
    0x08004ffc   0x08004ffc   0x0000002c   Code   RO          807    .text.uart_write_string  zf_driver_uart.o
    0x08005028   0x08005028   0x00000070   Code   RO          143    .text.weight_find_mid_line  image.o
    0x08005098   0x08005098   0x00000028   Code   RO         2784    i.__0sprintf$3      mc_w.l(printf3.o)
    0x080050c0   0x080050c0   0x0000000e   Code   RO         3092    i.__scatterload_copy  mc_w.l(handlers.o)
    0x080050ce   0x080050ce   0x00000002   Code   RO         3093    i.__scatterload_null  mc_w.l(handlers.o)
    0x080050d0   0x080050d0   0x0000000e   Code   RO         3094    i.__scatterload_zeroinit  mc_w.l(handlers.o)
    0x080050de   0x080050de   0x00000002   PAD
    0x080050e0   0x080050e0   0x000001b8   Code   RO         2789    i._printf_core      mc_w.l(printf3.o)
    0x08005298   0x08005298   0x0000000a   Code   RO         2791    i._sputc            mc_w.l(printf3.o)
    0x080052a2   0x080052a2   0x00000228   Data   RO          253    .rodata.ascii_font_6x8  zf_common_font.o
    0x080054ca   0x080054ca   0x000005f0   Data   RO          252    .rodata.ascii_font_8x16  zf_common_font.o
    0x08005aba   0x08005aba   0x00000002   PAD
    0x08005abc   0x08005abc   0x00000020   Data   RO          819    .rodata.cst32       zf_driver_uart.o
    0x08005adc   0x08005adc   0x00000008   Data   RO          341    .rodata.cst8        zf_driver_adc.o
    0x08005ae4   0x08005ae4   0x00000008   Data   RO          386    .rodata.cst8        zf_driver_dma.o
    0x08005aec   0x08005aec   0x00000008   Data   RO          761    .rodata.cst8        zf_driver_spi.o
    0x08005af4   0x08005af4   0x00000008   Data   RO          822    .rodata.cst8        zf_driver_uart.o
    0x08005afc   0x08005afc   0x000000ac   Data   RO          207    .rodata.debug_protective_handler.pin_list  zf_common_debug.o
    0x08005ba8   0x08005ba8   0x0000002b   Data   RO          240    .rodata.str1.1      zf_common_fifo.o
    0x08005bd3   0x08005bd3   0x0000002f   Data   RO          299    .rodata.str1.1      zf_common_function.o
    0x08005c02   0x08005c02   0x0000002c   Data   RO          366    .rodata.str1.1      zf_driver_delay.o
    0x08005c2e   0x08005c2e   0x0000002f   Data   RO          657    .rodata.str1.1      zf_driver_soft_iic.o
    0x08005c5d   0x08005c5d   0x0000002a   Data   RO          762    .rodata.str1.1      zf_driver_spi.o
    0x08005c87   0x08005c87   0x0000002c   Data   RO          790    .rodata.str1.1      zf_driver_timer.o
    0x08005cb3   0x08005cb3   0x0000002b   Data   RO          820    .rodata.str1.1      zf_driver_uart.o
    0x08005cde   0x08005cde   0x0000002d   Data   RO         1174    .rodata.str1.1      zf_device_ips200.o
    0x08005d0b   0x08005d0b   0x00000001   PAD
    0x08005d0c   0x08005d0c   0x00000020   Data   RO         3090    Region$$Table       anon$$obj.o


    Execution Region RW_m_data (Exec base: 0x20000000, Load base: 0x08005d30, Size: 0x00011c74, Max: 0x0001dc00, ABSOLUTE, COMPRESSED[0x000000a0])

    Exec Addr    Load Addr    Size         Type   Attr      Idx    E Section Name        Object

    0x20000000   COMPRESSED   0x00000024   Data   RW          119    .data..L_MergedGlobals  menu.o
    0x20000024   COMPRESSED   0x00000010   Data   RW          153    .data..L_MergedGlobals  image.o
    0x20000034   COMPRESSED   0x00000004   Data   RW          918    .data..L_MergedGlobals  zf_device_dl1a.o
    0x20000038   COMPRESSED   0x0000000a   Data   RW         1175    .data..L_MergedGlobals  zf_device_ips200.o
    0x20000042   COMPRESSED   0x0000000e   PAD
    0x20000050   COMPRESSED   0x0000004c   Data   RW         1250    .data..L_MergedGlobals  zf_device_mt9v03x.o
    0x2000009c   COMPRESSED   0x00000004   PAD
    0x200000a0   COMPRESSED   0x00000014   Data   RW         1472    .data..L_MergedGlobals  zf_device_type.o
    0x200000b4   COMPRESSED   0x0000000c   PAD
    0x200000c0   COMPRESSED   0x00000078   Data   RW          157    .data..L_MergedGlobals.4  image.o
    0x20000138   COMPRESSED   0x00000002   Data   RW          940    .data.dm1xa_distance_mm  zf_device_dm1xa.o
    0x2000013a   COMPRESSED   0x00000001   Data   RW          151    .data.final_mid_line  image.o
    0x2000013b   COMPRESSED   0x00000001   PAD
    0x2000013c   COMPRESSED   0x00000020   Data   RW          475    .data.gpio_group    zf_driver_gpio.o
    0x2000015c   COMPRESSED   0x00000004   Data   RW          171    .data.system_clock  zf_common_clock.o
    0x20000160   COMPRESSED   0x00000001   Data   RW          205    .data.zf_debug_assert_enable  zf_common_debug.o
    0x20000161   COMPRESSED   0x0000000f   PAD
    0x20000170        -       0x00000010   Zero   RW          212    .bss..L_MergedGlobals  zf_common_debug.o
    0x20000180        -       0x00000010   Zero   RW          791    .bss..L_MergedGlobals  zf_driver_timer.o
    0x20000190        -       0x00000020   Zero   RW          891    .bss..L_MergedGlobals  zf_device_camera.o
    0x200001b0        -       0x00000008   Zero   RW          941    .bss..L_MergedGlobals  zf_device_dm1xa.o
    0x200001b8   COMPRESSED   0x00000008   PAD
    0x200001c0        -       0x00000048   Zero   RW          985    .bss..L_MergedGlobals  zf_device_gps_tau1201.o
    0x20000208        -       0x00000003   Zero   RW         1176    .bss..L_MergedGlobals.1  zf_device_ips200.o
    0x2000020b   COMPRESSED   0x00000005   PAD
    0x20000210        -       0x0000001c   Zero   RW          986    .bss..L_MergedGlobals.2  zf_device_gps_tau1201.o
    0x2000022c   COMPRESSED   0x00000004   PAD
    0x20000230        -       0x00000078   Zero   RW          156    .bss..L_MergedGlobals.3  image.o
    0x200002a8        -       0x00000004   Zero   RW         1251    .bss..L_MergedGlobals.3  zf_device_mt9v03x.o
    0x200002ac        -       0x00000004   Zero   RW          116    .bss.KeyNumber      menu.o
    0x200002b0        -       0x00000400   Zero   RW          149    .bss.MK             image.o
    0x200006b0        -       0x00000400   Zero   RW          147    .bss.P              image.o
    0x20000ab0        -       0x00000400   Zero   RW          148    .bss.PK             image.o
    0x20000eb0        -       0x00000002   Zero   RW          342    .bss.adc_resolution  zf_driver_adc.o
    0x20000eb2   COMPRESSED   0x00000002   PAD
    0x20000eb4        -       0x00005820   Zero   RW          145    .bss.basic_image    image.o
    0x200066d4        -       0x00000001   Zero   RW          206    .bss.debug_assert_handler.assert_nest_index  zf_common_debug.o
    0x200066d5   COMPRESSED   0x00000003   PAD
    0x200066d8        -       0x00000002   Zero   RW          208    .bss.debug_output_info.0  zf_common_debug.o
    0x200066da   COMPRESSED   0x00000002   PAD
    0x200066dc        -       0x00000002   Zero   RW          209    .bss.debug_output_info.1  zf_common_debug.o
    0x200066de        -       0x00000001   Zero   RW          210    .bss.debug_output_info.3  zf_common_debug.o
    0x200066df   COMPRESSED   0x00000001   PAD
    0x200066e0        -       0x00000001   Zero   RW          211    .bss.debug_output_info.4  zf_common_debug.o
    0x200066e1   COMPRESSED   0x00000003   PAD
    0x200066e4        -       0x00000010   Zero   RW          917    .bss.dl1a_iic_struct  zf_device_dl1a.o
    0x200066f4        -       0x00000080   Zero   RW          971    .bss.gps_gga_buffer  zf_device_gps_tau1201.o
    0x20006774        -       0x00000080   Zero   RW          970    .bss.gps_rmc_buffer  zf_device_gps_tau1201.o
    0x200067f4        -       0x00000200   Zero   RW          146    .bss.hist           image.o
    0x200069f4        -       0x00005820   Zero   RW          150    .bss.image          image.o
    0x2000c214        -       0x00000004   Zero   RW          323    .bss.interrupt_nest_count  zf_common_interrupt.o
    0x2000c218        -       0x00000001   Zero   RW         1248    .bss.mt9v03x_finish_flag  zf_device_mt9v03x.o
    0x2000c219        -       0x00000001   Zero   RW            6    .bss.mt9v03x_flag   main.o
    0x2000c21a   COMPRESSED   0x00000002   PAD
    0x2000c21c        -       0x00000004   Zero   RW         2617    .bss.mt9v03x_h_blank  zf_device_config.lib(zf_device_config.o)
    0x2000c220        -       0x00000010   Zero   RW         2615    .bss.mt9v03x_iic_inf_struct  zf_device_config.lib(zf_device_config.o)
    0x2000c230        -       0x00005820   Zero   RW         1249    .bss.mt9v03x_image  zf_device_mt9v03x.o
    0x20011a50        -       0x00000014   Zero   RW         2616    .bss.mt9v03x_init_config  zf_device_config.lib(zf_device_config.o)
    0x20011a64        -       0x00000004   Zero   RW         2618    .bss.mt9v03x_v_blank  zf_device_config.lib(zf_device_config.o)
    0x20011a68        -       0x00000001   Zero   RW          152    .bss.threshold      image.o
    0x20011a69   COMPRESSED   0x00000001   PAD
    0x20011a6a        -       0x00000200   Zero   RW         1453    .bss.tsl1401_data   zf_device_tsl1401.o
    0x20011c6a        -       0x00000001   Zero   RW         1454    .bss.tsl1401_finish_flag  zf_device_tsl1401.o
    0x20011c6b        -       0x00000001   Zero   RW         1452    .bss.tsl1401_init_state  zf_device_tsl1401.o
    0x20011c6c        -       0x00000008   Zero   RW          821    .bss.uart_interrupt_state  zf_driver_uart.o


    Execution Region ARM_LIB_HEAP (Exec base: 0x20011c74, Load base: 0x08005dd0, Size: 0x00000400, Max: 0x00000400, ABSOLUTE)

    Exec Addr    Load Addr    Size         Type   Attr      Idx    E Section Name        Object

    0x20011c74        -       0x00000400   Zero   RW            1    ARM_LIB_HEAP.bss    anon$$obj.o


    Execution Region ARM_LIB_STACK (Exec base: 0x2001e000, Load base: 0x08005dd0, Size: 0x00002000, Max: 0x00002000, ABSOLUTE)

    Exec Addr    Load Addr    Size         Type   Attr      Idx    E Section Name        Object

    0x2001e000        -       0x00002000   Zero   RW            2    ARM_LIB_STACK.bss   anon$$obj.o


==============================================================================

Image component sizes


      Code (inc. data)   RO Data    RW Data    ZI Data      Debug   Object Name

       976         56          0        137      48825       5308   image.o
      1068         92          0          0          0       7206   isr.o
       136         28          0          0          1        921   main.o
      1104        172          0         36          4       4510   menu.o
        36          8        400          0          0        840   startup_mm32f3277g.o
        12          4          0          0          0        427   system_mm32f3277g.o
       500         56          0          4          0       3178   zf_common_clock.o
      1186        184        172          1         23       9029   zf_common_debug.o
      1032          8         43          0          0       6621   zf_common_fifo.o
         0          0       2072          0          0        882   zf_common_font.o
       402          8         47          0          0      10515   zf_common_function.o
       148         28          0          0          4       4945   zf_common_interrupt.o
       148          8          0          0         32       5561   zf_device_camera.o
       124          8          0          4         16       9167   zf_device_dl1a.o
       168         20          0          2          8       3862   zf_device_dm1xa.o
       192         24          0          0        356       9225   zf_device_gps_tau1201.o
      2664        136         45         10          3      15429   zf_device_ips200.o
       866        148          0         76      22565       8136   zf_device_mt9v03x.o
       152         16          0          0        514       3695   zf_device_tsl1401.o
        50          8          0         20          0       1832   zf_device_type.o
        68          8          8          0          2       5030   zf_driver_adc.o
        88         16         44          0          0       1249   zf_driver_delay.o
       324         30          8          0          0       4137   zf_driver_dma.o
       376         36          0          0          0       5395   zf_driver_exti.o
       336         12          0         32          0       5173   zf_driver_gpio.o
      1364         24         47          0          0      12023   zf_driver_soft_iic.o
       516         20         50          0          0      10679   zf_driver_spi.o
       428         52         44          0         16       7630   zf_driver_timer.o
       516         60         83          0          8       7922   zf_driver_uart.o

    ----------------------------------------------------------------------
     14988       1270       3098        356      81636     170527   Object Totals
         0          0         32          0       9216          0   (incl. Generated)
         8          0          3         34         43          0   (incl. Padding)

    ----------------------------------------------------------------------

      Code (inc. data)   RO Data    RW Data    ZI Data      Debug   Library Member Name

        86          0          0          0          0          0   __dczerorl2.o
         0          0          0          0          0          0   entry.o
         0          0          0          0          0          0   entry10a.o
         0          0          0          0          0          0   entry11a.o
         8          4          0          0          0          0   entry4.o
         4          0          0          0          0          0   entry5.o
         0          0          0          0          0          0   entry7b.o
         0          0          0          0          0          0   entry8b.o
         8          4          0          0          0          0   entry9a.o
        30          0          0          0          0          0   handlers.o
        36          8          0          0          0         68   init.o
         0          0          0          0          0          0   iusefp.o
        30          0          0          0          0         68   llshl.o
        36          0          0          0          0         68   llsshr.o
        32          0          0          0          0         68   llushr.o
        36          0          0          0          0         68   memcpya.o
        36          0          0          0          0        108   memseta.o
       490         10          0          0          0        252   printf3.o
        14          0          0          0          0         68   strlen.o
        30          0          0          0          0         80   strncmp.o
        44          0          0          0          0         80   uidiv.o
        56          0          0          0          0         88   d2f.o
       334          0          0          0          0        148   dadd.o
       186          0          0          0          0        176   depilogue.o
        50          0          0          0          0         76   dfixui.o
        34          0          0          0          0         76   dflti.o
        26          0          0          0          0         76   dfltui.o
       228          0          0          0          0         96   dmul.o
        38          0          0          0          0         68   f2d.o
       176          0          0          0          0        140   fadd.o
        28          0          0          0          0         68   fcmpeq.o
        28          0          0          0          0         68   fcmpge.o
        28          0          0          0          0         68   fcmpgt.o
       124          0          0          0          0         88   fdiv.o
       110          0          0          0          0        168   fepilogue.o
        50          0          0          0          0         68   ffixi.o
        18          0          0          0          0         68   fflti.o
        10          0          0          0          0         68   ffltui.o
       100          0          0          0          0         76   fmul.o
      2588          0          0          0         44       3849   zf_device_config.o

    ----------------------------------------------------------------------
      5142         26          0          0         44       6461   Library Totals
        10          0          0          0          0          0   (incl. Padding)

    ----------------------------------------------------------------------

      Code (inc. data)   RO Data    RW Data    ZI Data      Debug   Library Name

       920         26          0          0          0        928   mc_w.l
      1624          0          0          0          0       1684   mf_w.l
      2588          0          0          0         44       3849   zf_device_config.lib

    ----------------------------------------------------------------------
      5142         26          0          0         44       6461   Library Totals

    ----------------------------------------------------------------------

==============================================================================


      Code (inc. data)   RO Data    RW Data    ZI Data      Debug   

     20130       1296       3098        356      81680     175400   Grand Totals
     20130       1296       3098        160      81680     175400   ELF Image Totals (compressed)
     20130       1296       3098        160          0          0   ROM Totals

==============================================================================

    Total RO  Size (Code + RO Data)                23228 (  22.68kB)
    Total RW  Size (RW Data + ZI Data)             82036 (  80.11kB)
    Total ROM Size (Code + RO Data + RW Data)      23388 (  22.84kB)

==============================================================================

