Component: ARM Compiler 6.7 Tool: armlink [5c9ef700]

==============================================================================

Section Cross References

    main.o(.text.main) refers to zf_common_clock.o(.text.clock_init) for clock_init
    main.o(.text.main) refers to zf_common_debug.o(.text.debug_init) for debug_init
    main.o(.text.main) refers to zf_device_mt9v03x.o(.text.mt9v03x_init) for mt9v03x_init
    main.o(.text.main) refers to menu.o(.text.Key_Init) for Key_Init
    main.o(.text.main) refers to menu.o(.text.IPS_Init) for IPS_Init
    main.o(.text.main) refers to motor.o(.text.PWM_Init) for PWM_Init
    main.o(.text.main) refers to motor.o(.text.Encoder_Init) for Encoder_Init
    main.o(.text.main) refers to zf_driver_pit.o(.text.pit_init) for pit_init
    main.o(.text.main) refers to menu.o(.text.KeyNum) for KeyNum
    main.o(.text.main) refers to motor.o(.text.Motor_Control) for Motor_Control
    main.o(.text.main) refers to image.o(.text.get_image) for get_image
    main.o(.text.main) refers to image.o(.text.Otsu) for Otsu
    main.o(.text.main) refers to image.o(.text.image_binaryzation) for image_binaryzation
    main.o(.text.main) refers to image.o(.text.find_basic_point) for find_basic_point
    main.o(.text.main) refers to image.o(.text.find_line) for find_line
    main.o(.text.main) refers to image.o(.text.weight_find_mid_value) for weight_find_mid_value
    main.o(.text.main) refers to menu.o(.text.handle2) for handle2
    main.o(.text.main) refers to menu.o(.text.handle1) for handle1
    main.o(.text.main) refers to menu.o(.text.print_menu) for print_menu
    main.o(.text.main) refers to motor.o(.text.car_start) for car_start
    main.o(.text.main) refers to main.o(.bss.mt9v03x_flag) for mt9v03x_flag
    main.o(.text.main) refers to zf_common_clock.o(.data.system_clock) for system_clock
    main.o(.text.main) refers to menu.o(.bss.KeyNumber) for KeyNumber
    main.o(.text.main) refers to image.o(.bss.basic_image) for basic_image
    main.o(.text.main) refers to image.o(.bss.threshold) for threshold
    main.o(.text.main) refers to image.o(.bss.image) for image
    main.o(.text.main) refers to image.o(.data.final_mid_value) for final_mid_value
    main.o(.ARM.exidx.text.main) refers to main.o(.text.main) for [Anonymous Symbol]
    isr.o(.ARM.exidx.text.TIM1_UP_IRQHandler) refers to isr.o(.text.TIM1_UP_IRQHandler) for [Anonymous Symbol]
    isr.o(.ARM.exidx.text.TIM2_IRQHandler) refers to isr.o(.text.TIM2_IRQHandler) for [Anonymous Symbol]
    isr.o(.ARM.exidx.text.TIM3_IRQHandler) refers to isr.o(.text.TIM3_IRQHandler) for [Anonymous Symbol]
    isr.o(.ARM.exidx.text.TIM4_IRQHandler) refers to isr.o(.text.TIM4_IRQHandler) for [Anonymous Symbol]
    isr.o(.ARM.exidx.text.TIM5_IRQHandler) refers to isr.o(.text.TIM5_IRQHandler) for [Anonymous Symbol]
    isr.o(.text.TIM6_IRQHandler) refers to motor.o(.text.Encoder_Get) for Encoder_Get
    isr.o(.ARM.exidx.text.TIM6_IRQHandler) refers to isr.o(.text.TIM6_IRQHandler) for [Anonymous Symbol]
    isr.o(.ARM.exidx.text.TIM7_IRQHandler) refers to isr.o(.text.TIM7_IRQHandler) for [Anonymous Symbol]
    isr.o(.text.TIM8_UP_IRQHandler) refers to zf_device_tsl1401.o(.text.tsl1401_collect_pit_handler) for tsl1401_collect_pit_handler
    isr.o(.ARM.exidx.text.TIM8_UP_IRQHandler) refers to isr.o(.text.TIM8_UP_IRQHandler) for [Anonymous Symbol]
    isr.o(.ARM.exidx.text.UART1_IRQHandler) refers to isr.o(.text.UART1_IRQHandler) for [Anonymous Symbol]
    isr.o(.text.UART2_IRQHandler) refers to zf_device_gps_tau1201.o(.text.gps_uart_callback) for gps_uart_callback
    isr.o(.ARM.exidx.text.UART2_IRQHandler) refers to isr.o(.text.UART2_IRQHandler) for [Anonymous Symbol]
    isr.o(.ARM.exidx.text.UART3_IRQHandler) refers to isr.o(.text.UART3_IRQHandler) for [Anonymous Symbol]
    isr.o(.ARM.exidx.text.UART4_IRQHandler) refers to isr.o(.text.UART4_IRQHandler) for [Anonymous Symbol]
    isr.o(.ARM.exidx.text.UART5_IRQHandler) refers to isr.o(.text.UART5_IRQHandler) for [Anonymous Symbol]
    isr.o(.text.UART6_IRQHandler) refers to zf_device_type.o(.data..L_MergedGlobals) for wireless_module_uart_handler
    isr.o(.ARM.exidx.text.UART6_IRQHandler) refers to isr.o(.text.UART6_IRQHandler) for [Anonymous Symbol]
    isr.o(.ARM.exidx.text.UART7_IRQHandler) refers to isr.o(.text.UART7_IRQHandler) for [Anonymous Symbol]
    isr.o(.text.UART8_IRQHandler) refers to zf_device_type.o(.data..L_MergedGlobals) for camera_uart_handler
    isr.o(.ARM.exidx.text.UART8_IRQHandler) refers to isr.o(.text.UART8_IRQHandler) for [Anonymous Symbol]
    isr.o(.ARM.exidx.text.EXTI0_IRQHandler) refers to isr.o(.text.EXTI0_IRQHandler) for [Anonymous Symbol]
    isr.o(.ARM.exidx.text.EXTI1_IRQHandler) refers to isr.o(.text.EXTI1_IRQHandler) for [Anonymous Symbol]
    isr.o(.ARM.exidx.text.EXTI2_IRQHandler) refers to isr.o(.text.EXTI2_IRQHandler) for [Anonymous Symbol]
    isr.o(.ARM.exidx.text.EXTI3_IRQHandler) refers to isr.o(.text.EXTI3_IRQHandler) for [Anonymous Symbol]
[...]
    __arm_cp.8_0                             0x08006514   Number         4  image.o(.text.weight_find_mid_value)
    __arm_cp.8_1                             0x08006518   Number         4  image.o(.text.weight_find_mid_value)
    __arm_cp.8_2                             0x0800651c   Number         4  image.o(.text.weight_find_mid_value)
    __arm_cp.8_3                             0x08006520   Number         4  image.o(.text.weight_find_mid_value)
    __arm_cp.8_4                             0x08006524   Number         4  image.o(.text.weight_find_mid_value)
    __arm_cp.8_5                             0x08006528   Number         4  image.o(.text.weight_find_mid_value)
    i.__0sprintf$3                           0x0800652c   Section        0  printf3.o(i.__0sprintf$3)
    i.__scatterload_copy                     0x08006554   Section       14  handlers.o(i.__scatterload_copy)
    i.__scatterload_null                     0x08006562   Section        2  handlers.o(i.__scatterload_null)
    i.__scatterload_zeroinit                 0x08006564   Section       14  handlers.o(i.__scatterload_zeroinit)
    i._printf_core                           0x08006574   Section        0  printf3.o(i._printf_core)
    _printf_core                             0x08006575   Thumb Code   436  printf3.o(i._printf_core)
    i._sputc                                 0x0800672c   Section        0  printf3.o(i._sputc)
    _sputc                                   0x0800672d   Thumb Code    10  printf3.o(i._sputc)
    uart_index                               0x08006f50   Data          32  zf_driver_uart.o(.rodata.cst32)
    adc_index                                0x08006f70   Data           8  zf_driver_adc.o(.rodata.cst8)
    dma_index                                0x08006f78   Data           8  zf_driver_dma.o(.rodata.cst8)
    spi_index                                0x08006f80   Data           8  zf_driver_spi.o(.rodata.cst8)
    uart_irq                                 0x08006f88   Data           8  zf_driver_uart.o(.rodata.cst8)
    [Anonymous Symbol]                       0x08006f90   Section        0  zf_common_debug.o(.rodata.debug_protective_handler.pin_list)
    debug_protective_handler.pin_list        0x08006f90   Data         172  zf_common_debug.o(.rodata.debug_protective_handler.pin_list)
    [Anonymous Symbol]                       0x0800703c   Section        0  zf_common_fifo.o(.rodata.str1.1)
    .L.str                                   0x0800703c   Data          43  zf_common_fifo.o(.rodata.str1.1)
    [Anonymous Symbol]                       0x08007067   Section        0  zf_common_function.o(.rodata.str1.1)
    .L.str                                   0x08007067   Data          47  zf_common_function.o(.rodata.str1.1)
    [Anonymous Symbol]                       0x08007096   Section        0  zf_driver_delay.o(.rodata.str1.1)
    .L.str                                   0x08007096   Data          44  zf_driver_delay.o(.rodata.str1.1)
    [Anonymous Symbol]                       0x080070c2   Section        0  zf_driver_encoder.o(.rodata.str1.1)
    .L.str                                   0x080070c2   Data          46  zf_driver_encoder.o(.rodata.str1.1)
    [Anonymous Symbol]                       0x080070f0   Section        0  zf_driver_pwm.o(.rodata.str1.1)
    .L.str                                   0x080070f0   Data          42  zf_driver_pwm.o(.rodata.str1.1)
    [Anonymous Symbol]                       0x0800711a   Section        0  zf_driver_soft_iic.o(.rodata.str1.1)
    .L.str                                   0x0800711a   Data          47  zf_driver_soft_iic.o(.rodata.str1.1)
    [Anonymous Symbol]                       0x08007149   Section        0  zf_driver_spi.o(.rodata.str1.1)
    .L.str                                   0x08007149   Data          42  zf_driver_spi.o(.rodata.str1.1)
    [Anonymous Symbol]                       0x08007173   Section        0  zf_driver_timer.o(.rodata.str1.1)
    .L.str                                   0x08007173   Data          44  zf_driver_timer.o(.rodata.str1.1)
    [Anonymous Symbol]                       0x0800719f   Section        0  zf_driver_uart.o(.rodata.str1.1)
    .L.str                                   0x0800719f   Data          43  zf_driver_uart.o(.rodata.str1.1)
    [Anonymous Symbol]                       0x080071ca   Section        0  zf_device_ips200.o(.rodata.str1.1)
    .L.str                                   0x080071ca   Data          45  zf_device_ips200.o(.rodata.str1.1)
    [Anonymous Symbol]                       0x20000000   Section        0  menu.o(.data..L_MergedGlobals)
    [Anonymous Symbol]                       0x20000020   Section        0  image.o(.data..L_MergedGlobals)
    [Anonymous Symbol]                       0x20000058   Section        0  zf_device_dl1a.o(.data..L_MergedGlobals)
    [Anonymous Symbol]                       0x2000005c   Section        0  zf_device_ips200.o(.data..L_MergedGlobals)
    ips200_display_font                      0x2000005c   Data           1  zf_device_ips200.o(.data..L_MergedGlobals)
    ips200_x_max                             0x2000005e   Data           2  zf_device_ips200.o(.data..L_MergedGlobals)
    ips200_y_max                             0x20000060   Data           2  zf_device_ips200.o(.data..L_MergedGlobals)
    ips200_bgcolor                           0x20000062   Data           2  zf_device_ips200.o(.data..L_MergedGlobals)
    ips200_pencolor                          0x20000064   Data           2  zf_device_ips200.o(.data..L_MergedGlobals)
    [Anonymous Symbol]                       0x20000070   Section        0  zf_device_mt9v03x.o(.data..L_MergedGlobals)
    mt9v03x_get_confing_buffer               0x20000070   Data          36  zf_device_mt9v03x.o(.data..L_MergedGlobals)
    mt9v03x_set_confing_buffer               0x20000094   Data          40  zf_device_mt9v03x.o(.data..L_MergedGlobals)
    [Anonymous Symbol]                       0x200000c0   Section        0  zf_device_type.o(.data..L_MergedGlobals)
    [Anonymous Symbol]                       0x200000e0   Section        0  image.o(.data..L_MergedGlobals.4)
    [Anonymous Symbol]                       0x20000158   Section        0  zf_device_dm1xa.o(.data.dm1xa_distance_mm)
    dm1xa_distance_mm                        0x20000158   Data           2  zf_device_dm1xa.o(.data.dm1xa_distance_mm)
    [Anonymous Symbol]                       0x2000015a   Section        0  zf_driver_encoder.o(.data.encoder_dir_pin)
    encoder_dir_pin                          0x2000015a   Data           8  zf_driver_encoder.o(.data.encoder_dir_pin)
    [Anonymous Symbol]                       0x200001e0   Section        0  zf_common_debug.o(.data.zf_debug_assert_enable)
    zf_debug_assert_enable                   0x200001e0   Data           1  zf_common_debug.o(.data.zf_debug_assert_enable)
    [Anonymous Symbol]                       0x200001f0   Section        0  motor.o(.bss..L_MergedGlobals)
    [Anonymous Symbol]                       0x20000218   Section        0  zf_common_debug.o(.bss..L_MergedGlobals)
    zf_debug_init_flag                       0x20000218   Data           1  zf_common_debug.o(.bss..L_MergedGlobals)
    debug_output_info.5                      0x2000021c   Data           4  zf_common_debug.o(.bss..L_MergedGlobals)
    debug_output_info.6                      0x20000220   Data           4  zf_common_debug.o(.bss..L_MergedGlobals)
    debug_output_info.7                      0x20000224   Data           4  zf_common_debug.o(.bss..L_MergedGlobals)
    [Anonymous Symbol]                       0x20000228   Section        0  zf_driver_timer.o(.bss..L_MergedGlobals)
    timer_function_state                     0x20000228   Data           8  zf_driver_timer.o(.bss..L_MergedGlobals)
    timer_mode_state                         0x20000230   Data           8  zf_driver_timer.o(.bss..L_MergedGlobals)
    [Anonymous Symbol]                       0x20000240   Section        0  zf_device_camera.o(.bss..L_MergedGlobals)
    [Anonymous Symbol]                       0x20000260   Section        0  zf_device_dm1xa.o(.bss..L_MergedGlobals)
    dm1xa_type                               0x20000260   Data           1  zf_device_dm1xa.o(.bss..L_MergedGlobals)
    dm1xa_ranging_state                      0x20000261   Data           1  zf_device_dm1xa.o(.bss..L_MergedGlobals)
    dm1xa_plus_count                         0x20000264   Data           4  zf_device_dm1xa.o(.bss..L_MergedGlobals)
    [Anonymous Symbol]                       0x20000270   Section        0  zf_device_gps_tau1201.o(.bss..L_MergedGlobals)
    [Anonymous Symbol]                       0x200002c0   Section        0  image.o(.bss..L_MergedGlobals.1)
    [Anonymous Symbol]                       0x20000338   Section        0  zf_device_ips200.o(.bss..L_MergedGlobals.1)
    ips200_display_type                      0x20000338   Data           1  zf_device_ips200.o(.bss..L_MergedGlobals.1)
    ips200_display_dir                       0x20000339   Data           1  zf_device_ips200.o(.bss..L_MergedGlobals.1)
    ips_rst_pin                              0x2000033a   Data           1  zf_device_ips200.o(.bss..L_MergedGlobals.1)
    [Anonymous Symbol]                       0x20000340   Section        0  image.o(.bss..L_MergedGlobals.2)
    [Anonymous Symbol]                       0x200003c0   Section        0  zf_device_gps_tau1201.o(.bss..L_MergedGlobals.2)
    gps_tau1201_state                        0x200003c0   Data           1  zf_device_gps_tau1201.o(.bss..L_MergedGlobals.2)
    gps_tau1201_receiver_fifo                0x200003c4   Data          24  zf_device_gps_tau1201.o(.bss..L_MergedGlobals.2)
    [Anonymous Symbol]                       0x200003e0   Section        0  image.o(.bss..L_MergedGlobals.3)
    [Anonymous Symbol]                       0x20000458   Section        0  zf_device_mt9v03x.o(.bss..L_MergedGlobals.3)
    mt9v03x_type                             0x20000458   Data           1  zf_device_mt9v03x.o(.bss..L_MergedGlobals.3)
    mt9v03x_version                          0x2000045a   Data           2  zf_device_mt9v03x.o(.bss..L_MergedGlobals.3)
    [Anonymous Symbol]                       0x20001060   Section        0  zf_driver_adc.o(.bss.adc_resolution)
    adc_resolution                           0x20001060   Data           2  zf_driver_adc.o(.bss.adc_resolution)
    [Anonymous Symbol]                       0x20006885   Section        0  zf_common_debug.o(.bss.debug_assert_handler.assert_nest_index)
    debug_assert_handler.assert_nest_index   0x20006885   Data           1  zf_common_debug.o(.bss.debug_assert_handler.assert_nest_index)
    [Anonymous Symbol]                       0x20006888   Section        0  zf_common_debug.o(.bss.debug_output_info.0)
    debug_output_info.0                      0x20006888   Data           2  zf_common_debug.o(.bss.debug_output_info.0)
    [Anonymous Symbol]                       0x2000688c   Section        0  zf_common_debug.o(.bss.debug_output_info.1)
    debug_output_info.1                      0x2000688c   Data           2  zf_common_debug.o(.bss.debug_output_info.1)
    [Anonymous Symbol]                       0x2000688e   Section        0  zf_common_debug.o(.bss.debug_output_info.3)
    debug_output_info.3                      0x2000688e   Data           1  zf_common_debug.o(.bss.debug_output_info.3)
    [Anonymous Symbol]                       0x20006890   Section        0  zf_common_debug.o(.bss.debug_output_info.4)
    debug_output_info.4                      0x20006890   Data           1  zf_common_debug.o(.bss.debug_output_info.4)
    [Anonymous Symbol]                       0x20006894   Section        0  zf_device_dl1a.o(.bss.dl1a_iic_struct)
    dl1a_iic_struct                          0x20006894   Data          16  zf_device_dl1a.o(.bss.dl1a_iic_struct)
    [Anonymous Symbol]                       0x200068a4   Section        0  zf_device_gps_tau1201.o(.bss.gps_gga_buffer)
    gps_gga_buffer                           0x200068a4   Data         128  zf_device_gps_tau1201.o(.bss.gps_gga_buffer)
    [Anonymous Symbol]                       0x20006924   Section        0  zf_device_gps_tau1201.o(.bss.gps_rmc_buffer)
    gps_rmc_buffer                           0x20006924   Data         128  zf_device_gps_tau1201.o(.bss.gps_rmc_buffer)
    [Anonymous Symbol]                       0x2000c3c4   Section        0  zf_common_interrupt.o(.bss.interrupt_nest_count)
    interrupt_nest_count                     0x2000c3c4   Data           4  zf_common_interrupt.o(.bss.interrupt_nest_count)
    [Anonymous Symbol]                       0x2000c3cc   Section        0  zf_device_config.o(.bss.mt9v03x_h_blank)
    mt9v03x_h_blank                          0x2000c3cc   Data           4  zf_device_config.o(.bss.mt9v03x_h_blank)
    [Anonymous Symbol]                       0x2000c3d0   Section        0  zf_device_config.o(.bss.mt9v03x_iic_inf_struct)
    mt9v03x_iic_inf_struct                   0x2000c3d0   Data          16  zf_device_config.o(.bss.mt9v03x_iic_inf_struct)
    [Anonymous Symbol]                       0x20011c00   Section        0  zf_device_config.o(.bss.mt9v03x_init_config)
    mt9v03x_init_config                      0x20011c00   Data          20  zf_device_config.o(.bss.mt9v03x_init_config)
    [Anonymous Symbol]                       0x20011c14   Section        0  zf_device_config.o(.bss.mt9v03x_v_blank)
    mt9v03x_v_blank                          0x20011c14   Data           4  zf_device_config.o(.bss.mt9v03x_v_blank)
    [Anonymous Symbol]                       0x20011e1b   Section        0  zf_device_tsl1401.o(.bss.tsl1401_init_state)
    tsl1401_init_state                       0x20011e1b   Data           1  zf_device_tsl1401.o(.bss.tsl1401_init_state)
    [Anonymous Symbol]                       0x20011e1c   Section        0  zf_driver_uart.o(.bss.uart_interrupt_state)
    uart_interrupt_state                     0x20011e1c   Data           8  zf_driver_uart.o(.bss.uart_interrupt_state)

    Global Symbols

    Symbol Name                              Value     Ov Type        Size  Object(Section)

    BuildAttributes$$THM_ISAv4$P$D$K$B$S$PE$A:L22UL41UL21$X:L11$S22US41US21$IEEE1$IW$~IW$USESV6$~STKCKD$USESV7$~SHL$OTIME$ROPI$IEEEX$EBA8$MICROLIB$REQ8$PRES8$EABIv2 0x00000000   Number         0  anon$$obj.o ABSOLUTE
    _printf_a                                0x00000000   Number         0  stubs.o ABSOLUTE
    _printf_c                                0x00000000   Number         0  stubs.o ABSOLUTE
    _printf_charcount                        0x00000000   Number         0  stubs.o ABSOLUTE
    _printf_d                                0x00000000   Number         0  stubs.o ABSOLUTE
    _printf_e                                0x00000000   Number         0  stubs.o ABSOLUTE
    _printf_f                                0x00000000   Number         0  stubs.o ABSOLUTE
    _printf_flags                            0x00000000   Number         0  stubs.o ABSOLUTE
    _printf_fp_dec                           0x00000000   Number         0  stubs.o ABSOLUTE
    _printf_fp_hex                           0x00000000   Number         0  stubs.o ABSOLUTE
    _printf_g                                0x00000000   Number         0  stubs.o ABSOLUTE
    _printf_i                                0x00000000   Number         0  stubs.o ABSOLUTE
    _printf_int_dec                          0x00000000   Number         0  stubs.o ABSOLUTE
    _printf_l                                0x00000000   Number         0  stubs.o ABSOLUTE
    _printf_lc                               0x00000000   Number         0  stubs.o ABSOLUTE
    _printf_ll                               0x00000000   Number         0  stubs.o ABSOLUTE
    _printf_lld                              0x00000000   Number         0  stubs.o ABSOLUTE
    _printf_lli                              0x00000000   Number         0  stubs.o ABSOLUTE
    _printf_llo                              0x00000000   Number         0  stubs.o ABSOLUTE
    _printf_llu                              0x00000000   Number         0  stubs.o ABSOLUTE
    _printf_llx                              0x00000000   Number         0  stubs.o ABSOLUTE
    _printf_longlong_dec                     0x00000000   Number         0  stubs.o ABSOLUTE
    _printf_longlong_hex                     0x00000000   Number         0  stubs.o ABSOLUTE
    _printf_longlong_oct                     0x00000000   Number         0  stubs.o ABSOLUTE
    _printf_ls                               0x00000000   Number         0  stubs.o ABSOLUTE
    _printf_mbtowc                           0x00000000   Number         0  stubs.o ABSOLUTE
    _printf_n                                0x00000000   Number         0  stubs.o ABSOLUTE
    _printf_o                                0x00000000   Number         0  stubs.o ABSOLUTE
    _printf_p                                0x00000000   Number         0  stubs.o ABSOLUTE
    _printf_percent                          0x00000000   Number         0  stubs.o ABSOLUTE
    _printf_pre_padding                      0x00000000   Number         0  stubs.o ABSOLUTE
    _printf_return_value                     0x00000000   Number         0  stubs.o ABSOLUTE
    _printf_s                                0x00000000   Number         0  stubs.o ABSOLUTE
    _printf_sizespec                         0x00000000   Number         0  stubs.o ABSOLUTE
    _printf_str                              0x00000000   Number         0  stubs.o ABSOLUTE
    _printf_truncate_signed                  0x00000000   Number         0  stubs.o ABSOLUTE
    _printf_truncate_unsigned                0x00000000   Number         0  stubs.o ABSOLUTE
    _printf_u                                0x00000000   Number         0  stubs.o ABSOLUTE
    _printf_wc                               0x00000000   Number         0  stubs.o ABSOLUTE
    _printf_wctomb                           0x00000000   Number         0  stubs.o ABSOLUTE
    _printf_widthprec                        0x00000000   Number         0  stubs.o ABSOLUTE
    _printf_x                                0x00000000   Number         0  stubs.o ABSOLUTE
    __cpp_initialize__aeabi_                  - Undefined Weak Reference
    __cxa_finalize                            - Undefined Weak Reference
    _clock_init                               - Undefined Weak Reference
    _microlib_exit                            - Undefined Weak Reference
    __Vectors_Size                           0x00000190   Number         0  startup_mm32f3277g.o ABSOLUTE
    __Vectors                                0x08000000   Data           4  startup_mm32f3277g.o(RESET)
    __Vectors_End                            0x08000190   Data           0  startup_mm32f3277g.o(RESET)
    __main                                   0x08000401   Thumb Code     0  entry.o(.ARM.Collect$$$$00000000)
    _main_stk                                0x08000401   Thumb Code     0  entry4.o(.ARM.Collect$$$$00000003)
    _main_scatterload                        0x08000405   Thumb Code     0  entry5.o(.ARM.Collect$$$$00000004)
    __main_after_scatterload                 0x08000409   Thumb Code     0  entry5.o(.ARM.Collect$$$$00000004)
    _main_clock                              0x08000409   Thumb Code     0  entry7b.o(.ARM.Collect$$$$00000008)
    _main_cpp_init                           0x08000409   Thumb Code     0  entry8b.o(.ARM.Collect$$$$0000000A)
    _main_init                               0x08000409   Thumb Code     0  entry9a.o(.ARM.Collect$$$$0000000B)
    __rt_final_cpp                           0x08000411   Thumb Code     0  entry10a.o(.ARM.Collect$$$$0000000D)
    __rt_final_exit                          0x08000411   Thumb Code     0  entry11a.o(.ARM.Collect$$$$0000000F)
    Reset_Handler                            0x08000415   Thumb Code     8  startup_mm32f3277g.o(.text)
    NMI_Handler                              0x0800041d   Thumb Code     2  startup_mm32f3277g.o(.text)
    HardFault_Handler                        0x0800041f   Thumb Code     2  startup_mm32f3277g.o(.text)
    MemManage_Handler                        0x08000421   Thumb Code     2  startup_mm32f3277g.o(.text)
    BusFault_Handler                         0x08000423   Thumb Code     2  startup_mm32f3277g.o(.text)
    UsageFault_Handler                       0x08000425   Thumb Code     2  startup_mm32f3277g.o(.text)
    SVC_Handler                              0x08000427   Thumb Code     2  startup_mm32f3277g.o(.text)
    DebugMon_Handler                         0x08000429   Thumb Code     2  startup_mm32f3277g.o(.text)
    PendSV_Handler                           0x0800042b   Thumb Code     2  startup_mm32f3277g.o(.text)
    SysTick_Handler                          0x0800042d   Thumb Code     2  startup_mm32f3277g.o(.text)
    ADC1_2_IRQHandler                        0x0800042f   Thumb Code     0  startup_mm32f3277g.o(.text)
    ADC3_IRQHandler                          0x0800042f   Thumb Code     0  startup_mm32f3277g.o(.text)
    CAN1_RX_IRQHandler                       0x0800042f   Thumb Code     0  startup_mm32f3277g.o(.text)
    COMP1_2_IRQHandler                       0x0800042f   Thumb Code     0  startup_mm32f3277g.o(.text)
    ETH_IRQHandler                           0x0800042f   Thumb Code     0  startup_mm32f3277g.o(.text)
    FLASH_IRQHandler                         0x0800042f   Thumb Code     0  startup_mm32f3277g.o(.text)
    FlashCache_IRQHandler                    0x0800042f   Thumb Code     0  startup_mm32f3277g.o(.text)
    I2C1_IRQHandler                          0x0800042f   Thumb Code     0  startup_mm32f3277g.o(.text)
    I2C2_IRQHandler                          0x0800042f   Thumb Code     0  startup_mm32f3277g.o(.text)
    OTG_FS_IRQHandler                        0x0800042f   Thumb Code     0  startup_mm32f3277g.o(.text)
    OTG_FS_WKUP_IRQHandler                   0x0800042f   Thumb Code     0  startup_mm32f3277g.o(.text)
    PVD_IRQHandler                           0x0800042f   Thumb Code     0  startup_mm32f3277g.o(.text)
    RCC_CRS_IRQHandler                       0x0800042f   Thumb Code     0  startup_mm32f3277g.o(.text)
    RTCAlarm_IRQHandler                      0x0800042f   Thumb Code     0  startup_mm32f3277g.o(.text)
    RTC_IRQHandler                           0x0800042f   Thumb Code     0  startup_mm32f3277g.o(.text)
    SDIO_IRQHandler                          0x0800042f   Thumb Code     0  startup_mm32f3277g.o(.text)
    SPI1_IRQHandler                          0x0800042f   Thumb Code     0  startup_mm32f3277g.o(.text)
    SPI2_IRQHandler                          0x0800042f   Thumb Code     0  startup_mm32f3277g.o(.text)
    SPI3_IRQHandler                          0x0800042f   Thumb Code     0  startup_mm32f3277g.o(.text)
    TAMPER_IRQHandler                        0x0800042f   Thumb Code     0  startup_mm32f3277g.o(.text)
    TIM1_BRK_IRQHandler                      0x0800042f   Thumb Code     0  startup_mm32f3277g.o(.text)
    TIM1_CC_IRQHandler                       0x0800042f   Thumb Code     0  startup_mm32f3277g.o(.text)
    TIM1_TRG_COM_IRQHandler                  0x0800042f   Thumb Code     0  startup_mm32f3277g.o(.text)
    TIM8_BRK_IRQHandler                      0x0800042f   Thumb Code     0  startup_mm32f3277g.o(.text)
    TIM8_CC_IRQHandler                       0x0800042f   Thumb Code     0  startup_mm32f3277g.o(.text)
    TIM8_TRG_COM_IRQHandler                  0x0800042f   Thumb Code     0  startup_mm32f3277g.o(.text)
    WWDG_IRQHandler                          0x0800042f   Thumb Code     0  startup_mm32f3277g.o(.text)
    __aeabi_memcpy                           0x08000439   Thumb Code    36  memcpya.o(.text)
    __aeabi_memcpy4                          0x08000439   Thumb Code     0  memcpya.o(.text)
    __aeabi_memcpy8                          0x08000439   Thumb Code     0  memcpya.o(.text)
    __aeabi_memset                           0x0800045d   Thumb Code    14  memseta.o(.text)
    __aeabi_memset4                          0x0800045d   Thumb Code     0  memseta.o(.text)
    __aeabi_memset8                          0x0800045d   Thumb Code     0  memseta.o(.text)
    __aeabi_memclr                           0x0800046b   Thumb Code     4  memseta.o(.text)
    __aeabi_memclr4                          0x0800046b   Thumb Code     0  memseta.o(.text)
    __aeabi_memclr8                          0x0800046b   Thumb Code     0  memseta.o(.text)
    _memset$wrapper                          0x0800046f   Thumb Code    18  memseta.o(.text)
    strlen                                   0x08000481   Thumb Code    14  strlen.o(.text)
    strncmp                                  0x0800048f   Thumb Code    30  strncmp.o(.text)
    __aeabi_fadd                             0x080004ad   Thumb Code   164  fadd.o(.text)
    __aeabi_fsub                             0x08000551   Thumb Code     6  fadd.o(.text)
    __aeabi_frsub                            0x08000557   Thumb Code     6  fadd.o(.text)
    __aeabi_fmul                             0x0800055d   Thumb Code   100  fmul.o(.text)
    __aeabi_fdiv                             0x080005c1   Thumb Code   124  fdiv.o(.text)
    __aeabi_dadd                             0x0800063d   Thumb Code   322  dadd.o(.text)
    __aeabi_dsub                             0x0800077f   Thumb Code     6  dadd.o(.text)
    __aeabi_drsub                            0x08000785   Thumb Code     6  dadd.o(.text)
    __aeabi_dmul                             0x0800078b   Thumb Code   228  dmul.o(.text)
    __aeabi_fcmpge                           0x0800086f   Thumb Code    28  fcmpge.o(.text)
    __aeabi_fcmpgt                           0x0800088b   Thumb Code    28  fcmpgt.o(.text)
    __aeabi_fcmpeq                           0x080008a7   Thumb Code    28  fcmpeq.o(.text)
    __aeabi_i2f                              0x080008c3   Thumb Code    18  fflti.o(.text)
    __aeabi_ui2f                             0x080008d5   Thumb Code    10  ffltui.o(.text)
    __aeabi_i2d                              0x080008df   Thumb Code    34  dflti.o(.text)
    __aeabi_f2iz                             0x08000901   Thumb Code    50  ffixi.o(.text)
    __aeabi_f2uiz                            0x08000933   Thumb Code    40  ffixui.o(.text)
    __aeabi_d2iz                             0x0800095b   Thumb Code    62  dfixi.o(.text)
    __aeabi_d2uiz                            0x08000999   Thumb Code    50  dfixui.o(.text)
    __aeabi_f2d                              0x080009cb   Thumb Code    38  f2d.o(.text)
    __aeabi_d2f                              0x080009f1   Thumb Code    56  d2f.o(.text)
    __aeabi_uidiv                            0x08000a29   Thumb Code     0  uidiv.o(.text)
    __aeabi_uidivmod                         0x08000a29   Thumb Code    44  uidiv.o(.text)
    __aeabi_llsl                             0x08000a55   Thumb Code    30  llshl.o(.text)
    _ll_shift_l                              0x08000a55   Thumb Code     0  llshl.o(.text)
    __aeabi_llsr                             0x08000a73   Thumb Code    32  llushr.o(.text)
    _ll_ushift_r                             0x08000a73   Thumb Code     0  llushr.o(.text)
    __aeabi_lasr                             0x08000a93   Thumb Code    36  llsshr.o(.text)
    _ll_sshift_r                             0x08000a93   Thumb Code     0  llsshr.o(.text)
    __I$use$fp                               0x08000ab7   Thumb Code     0  iusefp.o(.text)
    _float_round                             0x08000ab7   Thumb Code    18  fepilogue.o(.text)
    _float_epilogue                          0x08000ac9   Thumb Code    92  fepilogue.o(.text)
    _double_round                            0x08000b25   Thumb Code    30  depilogue.o(.text)
    _double_epilogue                         0x08000b43   Thumb Code   156  depilogue.o(.text)
    __scatterload                            0x08000be1   Thumb Code    28  init.o(.text)
    __scatterload_rt2                        0x08000be1   Thumb Code     0  init.o(.text)
    __decompress                             0x08000c05   Thumb Code     0  __dczerorl2.o(.text)
    __decompress1                            0x08000c05   Thumb Code    86  __dczerorl2.o(.text)
    DMA1_Channel1_IRQHandler                 0x08000c5d   Thumb Code    24  isr.o(.text.DMA1_Channel1_IRQHandler)
    DMA1_Channel2_IRQHandler                 0x08000c71   Thumb Code    24  isr.o(.text.DMA1_Channel2_IRQHandler)
    DMA1_Channel3_IRQHandler                 0x08000c85   Thumb Code    24  isr.o(.text.DMA1_Channel3_IRQHandler)
    DMA1_Channel4_IRQHandler                 0x08000c99   Thumb Code    40  isr.o(.text.DMA1_Channel4_IRQHandler)
    DMA1_Channel5_IRQHandler                 0x08000cbd   Thumb Code    24  isr.o(.text.DMA1_Channel5_IRQHandler)
    DMA1_Channel6_IRQHandler                 0x08000cd1   Thumb Code    24  isr.o(.text.DMA1_Channel6_IRQHandler)
    DMA1_Channel7_IRQHandler                 0x08000ce5   Thumb Code    24  isr.o(.text.DMA1_Channel7_IRQHandler)
    DMA2_Channel1_IRQHandler                 0x08000cfd   Thumb Code    24  isr.o(.text.DMA2_Channel1_IRQHandler)
    DMA2_Channel2_IRQHandler                 0x08000d11   Thumb Code    24  isr.o(.text.DMA2_Channel2_IRQHandler)
    DMA2_Channel3_IRQHandler                 0x08000d25   Thumb Code    24  isr.o(.text.DMA2_Channel3_IRQHandler)
    DMA2_Channel4_IRQHandler                 0x08000d39   Thumb Code    24  isr.o(.text.DMA2_Channel4_IRQHandler)
    DMA2_Channel5_IRQHandler                 0x08000d4d   Thumb Code    24  isr.o(.text.DMA2_Channel5_IRQHandler)
    EXTI0_IRQHandler                         0x08000d65   Thumb Code    16  isr.o(.text.EXTI0_IRQHandler)
    EXTI15_10_IRQHandler                     0x08000d71   Thumb Code   116  isr.o(.text.EXTI15_10_IRQHandler)
    EXTI1_IRQHandler                         0x08000de1   Thumb Code    16  isr.o(.text.EXTI1_IRQHandler)
    EXTI2_IRQHandler                         0x08000ded   Thumb Code    16  isr.o(.text.EXTI2_IRQHandler)
    EXTI3_IRQHandler                         0x08000df9   Thumb Code    16  isr.o(.text.EXTI3_IRQHandler)
    EXTI4_IRQHandler                         0x08000e05   Thumb Code    24  isr.o(.text.EXTI4_IRQHandler)
    EXTI9_5_IRQHandler                       0x08000e19   Thumb Code   100  isr.o(.text.EXTI9_5_IRQHandler)
    Encoder_Get                              0x08000e7d   Thumb Code   192  motor.o(.text.Encoder_Get)
    Encoder_Init                             0x08000f39   Thumb Code    34  motor.o(.text.Encoder_Init)
    IPS_Init                                 0x08000f5b   Thumb Code    34  menu.o(.text.IPS_Init)
    KeyNum                                   0x08000f7d   Thumb Code   138  menu.o(.text.KeyNum)
    Key_Init                                 0x08001009   Thumb Code    56  menu.o(.text.Key_Init)
    Motor_Control                            0x08001041   Thumb Code   192  motor.o(.text.Motor_Control)
    Otsu                                     0x080010f9   Thumb Code   292  image.o(.text.Otsu)
    PID_increase                             0x0800121d   Thumb Code   252  pid.o(.text.PID_increase)
    PWM_Init                                 0x08001319   Thumb Code    64  motor.o(.text.PWM_Init)
    Speed_Set                                0x08001359   Thumb Code    34  motor.o(.text.Speed_Set)
    SystemInit                               0x0800137d   Thumb Code    12  system_mm32f3277g.o(.text.SystemInit)
    TIM1_UP_IRQHandler                       0x08001389   Thumb Code    20  isr.o(.text.TIM1_UP_IRQHandler)
    TIM2_IRQHandler                          0x0800139d   Thumb Code    20  isr.o(.text.TIM2_IRQHandler)
    TIM3_IRQHandler                          0x080013b1   Thumb Code    20  isr.o(.text.TIM3_IRQHandler)
    TIM4_IRQHandler                          0x080013c5   Thumb Code    20  isr.o(.text.TIM4_IRQHandler)
    TIM5_IRQHandler                          0x080013d9   Thumb Code    20  isr.o(.text.TIM5_IRQHandler)
    TIM6_IRQHandler                          0x080013ed   Thumb Code    24  isr.o(.text.TIM6_IRQHandler)
    TIM7_IRQHandler                          0x08001405   Thumb Code    20  isr.o(.text.TIM7_IRQHandler)
    TIM8_UP_IRQHandler                       0x08001419   Thumb Code    24  isr.o(.text.TIM8_UP_IRQHandler)
    UART1_IRQHandler                         0x08001431   Thumb Code    40  isr.o(.text.UART1_IRQHandler)
    UART2_IRQHandler                         0x08001459   Thumb Code    48  isr.o(.text.UART2_IRQHandler)
    UART3_IRQHandler                         0x08001489   Thumb Code    40  isr.o(.text.UART3_IRQHandler)
    UART4_IRQHandler                         0x080014b1   Thumb Code    40  isr.o(.text.UART4_IRQHandler)
    UART5_IRQHandler                         0x080014d9   Thumb Code    40  isr.o(.text.UART5_IRQHandler)
    UART6_IRQHandler                         0x08001501   Thumb Code    56  isr.o(.text.UART6_IRQHandler)
    UART7_IRQHandler                         0x08001539   Thumb Code    40  isr.o(.text.UART7_IRQHandler)
    UART8_IRQHandler                         0x08001561   Thumb Code    56  isr.o(.text.UART8_IRQHandler)
    adc_convert                              0x08001599   Thumb Code    68  zf_driver_adc.o(.text.adc_convert)
    afio_init                                0x080015dd   Thumb Code   112  zf_driver_gpio.o(.text.afio_init)
    camera_fifo_init                         0x08001649   Thumb Code    20  zf_device_camera.o(.text.camera_fifo_init)
    camera_init                              0x0800165d   Thumb Code   128  zf_device_camera.o(.text.camera_init)
    car_start                                0x080016dd   Thumb Code    64  motor.o(.text.car_start)
    clock_init                               0x0800171d   Thumb Code   500  zf_common_clock.o(.text.clock_init)
    debug_assert_handler                     0x08001911   Thumb Code   220  zf_common_debug.o(.text.debug_assert_handler)
    debug_init                               0x080019ed   Thumb Code    80  zf_common_debug.o(.text.debug_init)
    debug_log_handler                        0x08001a29   Thumb Code    44  zf_common_debug.o(.text.debug_log_handler)
    debug_output_init                        0x08001d51   Thumb Code    64  zf_common_debug.o(.text.debug_output_init)
    debug_output_struct_init                 0x08001d91   Thumb Code    26  zf_common_debug.o(.text.debug_output_struct_init)
    dl1a_get_distance                        0x08001db5   Thumb Code   120  zf_device_dl1a.o(.text.dl1a_get_distance)
    dl1a_int_handler                         0x08001e2d   Thumb Code     4  zf_device_dl1a.o(.text.dl1a_int_handler)
    dm1xa_light_callback                     0x08001e31   Thumb Code    28  zf_device_dm1xa.o(.text.dm1xa_light_callback)
    dm1xa_sound_callback                     0x08001e49   Thumb Code   144  zf_device_dm1xa.o(.text.dm1xa_sound_callback)
    dma_camera_init                          0x08001ed9   Thumb Code   232  zf_driver_dma.o(.text.dma_camera_init)
    dma_disable                              0x08001fbd   Thumb Code    36  zf_driver_dma.o(.text.dma_disable)
    dma_enable                               0x08001fdd   Thumb Code    36  zf_driver_dma.o(.text.dma_enable)
    dma_set_count                            0x08001ffd   Thumb Code    32  zf_driver_dma.o(.text.dma_set_count)
    draw_line                                0x0800201d   Thumb Code   120  menu.o(.text.draw_line)
    encoder_clear_count                      0x08002095   Thumb Code    64  zf_driver_encoder.o(.text.encoder_clear_count)
    encoder_dir_init                         0x080020d5   Thumb Code   212  zf_driver_encoder.o(.text.encoder_dir_init)
    encoder_get_count                        0x080021a5   Thumb Code    96  zf_driver_encoder.o(.text.encoder_get_count)
    exti_init                                0x08002205   Thumb Code   376  zf_driver_exti.o(.text.exti_init)
    fifo_clear                               0x0800237d   Thumb Code    96  zf_common_fifo.o(.text.fifo_clear)
    fifo_init                                0x080023d9   Thumb Code    60  zf_common_fifo.o(.text.fifo_init)
    fifo_read_buffer                         0x08002411   Thumb Code   304  zf_common_fifo.o(.text.fifo_read_buffer)
    fifo_used                                0x0800253d   Thumb Code    32  zf_common_fifo.o(.text.fifo_used)
    fifo_write_buffer                        0x08002559   Thumb Code   432  zf_common_fifo.o(.text.fifo_write_buffer)
    fifo_write_element                       0x08002709   Thumb Code   124  zf_common_fifo.o(.text.fifo_write_element)
    find_basic_point                         0x08002785   Thumb Code   432  image.o(.text.find_basic_point)
    find_line                                0x08002931   Thumb Code  2396  image.o(.text.find_line)
    func_float_to_str                        0x0800328d   Thumb Code   296  zf_common_function.o(.text.func_float_to_str)
    func_get_greatest_common_divisor         0x080033b1   Thumb Code    18  zf_common_function.o(.text.func_get_greatest_common_divisor)
    func_int_to_str                          0x080033c5   Thumb Code   112  zf_common_function.o(.text.func_int_to_str)
    func_uint_to_str                         0x08003431   Thumb Code    92  zf_common_function.o(.text.func_uint_to_str)
    get_image                                0x0800348d   Thumb Code    20  image.o(.text.get_image)
    gpio_get_level                           0x0800349d   Thumb Code    36  zf_driver_gpio.o(.text.gpio_get_level)
    gpio_init                                0x080034bd   Thumb Code   156  zf_driver_gpio.o(.text.gpio_init)
    gpio_set_level                           0x08003555   Thumb Code    44  zf_driver_gpio.o(.text.gpio_set_level)
    gps_uart_callback                        0x08003581   Thumb Code   192  zf_device_gps_tau1201.o(.text.gps_uart_callback)
    handle1                                  0x08003641   Thumb Code   244  menu.o(.text.handle1)
    handle2                                  0x08003731   Thumb Code   124  menu.o(.text.handle2)
    image_binaryzation                       0x080037ad   Thumb Code   176  image.o(.text.image_binaryzation)
    interrupt_disable                        0x0800385d   Thumb Code    36  zf_common_interrupt.o(.text.interrupt_disable)
    interrupt_enable                         0x08003881   Thumb Code    28  zf_common_interrupt.o(.text.interrupt_enable)
    interrupt_global_disable                 0x0800389d   Thumb Code    20  zf_common_interrupt.o(.text.interrupt_global_disable)
    interrupt_init                           0x080038b1   Thumb Code    28  zf_common_interrupt.o(.text.interrupt_init)
    interrupt_set_priority                   0x080038cd   Thumb Code    36  zf_common_interrupt.o(.text.interrupt_set_priority)
    ips200_clear                             0x080038f1   Thumb Code   112  zf_device_ips200.o(.text.ips200_clear)
    ips200_draw_point                        0x08003955   Thumb Code   136  zf_device_ips200.o(.text.ips200_draw_point)
    ips200_init                              0x080039d1   Thumb Code   784  zf_device_ips200.o(.text.ips200_init)
    ips200_set_color                         0x08003cd9   Thumb Code    12  zf_device_ips200.o(.text.ips200_set_color)
    ips200_set_dir                           0x08003ce5   Thumb Code    48  zf_device_ips200.o(.text.ips200_set_dir)
    ips200_set_font                          0x08003d11   Thumb Code    12  zf_device_ips200.o(.text.ips200_set_font)
    ips200_show_char                         0x08003da5   Thumb Code   332  zf_device_ips200.o(.text.ips200_show_char)
    ips200_show_float                        0x08003ee5   Thumb Code   272  zf_device_ips200.o(.text.ips200_show_float)
    ips200_show_gray_image                   0x08003fed   Thumb Code   276  zf_device_ips200.o(.text.ips200_show_gray_image)
    ips200_show_int                          0x08004101   Thumb Code   180  zf_device_ips200.o(.text.ips200_show_int)
    ips200_show_string                       0x080041a9   Thumb Code   128  zf_device_ips200.o(.text.ips200_show_string)
    ips200_show_uint                         0x08004221   Thumb Code   180  zf_device_ips200.o(.text.ips200_show_uint)
    limit_int                                0x080043f1   Thumb Code    30  motor.o(.text.limit_int)
    main                                     0x08004411   Thumb Code   184  main.o(.text.main)
    mt9v03x_get_version                      0x080044dd   Thumb Code    92  zf_device_mt9v03x.o(.text.mt9v03x_get_version)
    mt9v03x_init                             0x08004535   Thumb Code   660  zf_device_mt9v03x.o(.text.mt9v03x_init)
    mt9v03x_set_config_sccb                  0x08004805   Thumb Code  2478  zf_device_config.o(.text.mt9v03x_set_config_sccb)
    pit_init                                 0x0800524d   Thumb Code   232  zf_driver_pit.o(.text.pit_init)
    print_menu                               0x08005335   Thumb Code   848  menu.o(.text.print_menu)
    pwm_init                                 0x08005685   Thumb Code   356  zf_driver_pwm.o(.text.pwm_init)
    pwm_set_duty                             0x080057dd   Thumb Code   164  zf_driver_pwm.o(.text.pwm_set_duty)
    set_camera_type                          0x08005881   Thumb Code    48  zf_device_type.o(.text.set_camera_type)
    soft_iic_init                            0x080058b1   Thumb Code    96  zf_driver_soft_iic.o(.text.soft_iic_init)
    soft_iic_read_8bit_registers             0x0800590d   Thumb Code   136  zf_driver_soft_iic.o(.text.soft_iic_read_8bit_registers)
    soft_iic_sccb_read_register              0x08005af1   Thumb Code   100  zf_driver_soft_iic.o(.text.soft_iic_sccb_read_register)
    soft_iic_sccb_write_register             0x08005b4d   Thumb Code    72  zf_driver_soft_iic.o(.text.soft_iic_sccb_write_register)
    soft_iic_write_8bit_register             0x08005dbd   Thumb Code    72  zf_driver_soft_iic.o(.text.soft_iic_write_8bit_register)
    spi_init                                 0x08005e05   Thumb Code   420  zf_driver_spi.o(.text.spi_init)
    spi_write_16bit                          0x08005fa1   Thumb Code    60  zf_driver_spi.o(.text.spi_write_16bit)
    spi_write_8bit                           0x08005fd9   Thumb Code    48  zf_driver_spi.o(.text.spi_write_8bit)
    system_delay_ms                          0x08006009   Thumb Code    88  zf_driver_delay.o(.text.system_delay_ms)
    timer_clear                              0x08006061   Thumb Code    76  zf_driver_timer.o(.text.timer_clear)
    timer_clock_enable                       0x080060ad   Thumb Code    60  zf_driver_timer.o(.text.timer_clock_enable)
    timer_etr_init                           0x080060e9   Thumb Code   208  zf_driver_timer.o(.text.timer_etr_init)
    timer_funciton_check                     0x080061b1   Thumb Code    28  zf_driver_timer.o(.text.timer_funciton_check)
    timer_get                                0x080061c9   Thumb Code    92  zf_driver_timer.o(.text.timer_get)
    tsl1401_collect_pit_handler              0x08006225   Thumb Code   152  zf_device_tsl1401.o(.text.tsl1401_collect_pit_handler)
    uart_init                                0x080062c1   Thumb Code   272  zf_driver_uart.o(.text.uart_init)
    uart_query_byte                          0x080063c9   Thumb Code    56  zf_driver_uart.o(.text.uart_query_byte)
    uart_rx_interrupt                        0x080063f9   Thumb Code    84  zf_driver_uart.o(.text.uart_rx_interrupt)
    uart_write_buffer                        0x08006449   Thumb Code    64  zf_driver_uart.o(.text.uart_write_buffer)
    uart_write_byte                          0x08006481   Thumb Code    24  zf_driver_uart.o(.text.uart_write_byte)
    uart_write_string                        0x08006499   Thumb Code    44  zf_driver_uart.o(.text.uart_write_string)
    weight_find_mid_value                    0x080064c5   Thumb Code   104  image.o(.text.weight_find_mid_value)
    __0sprintf$3                             0x0800652d   Thumb Code    34  printf3.o(i.__0sprintf$3)
    __1sprintf$3                             0x0800652d   Thumb Code     0  printf3.o(i.__0sprintf$3)
    __2sprintf                               0x0800652d   Thumb Code     0  printf3.o(i.__0sprintf$3)
    __scatterload_copy                       0x08006555   Thumb Code    14  handlers.o(i.__scatterload_copy)
    __scatterload_null                       0x08006563   Thumb Code     2  handlers.o(i.__scatterload_null)
    __scatterload_zeroinit                   0x08006565   Thumb Code    14  handlers.o(i.__scatterload_zeroinit)
    ascii_font_6x8                           0x08006736   Data         552  zf_common_font.o(.rodata.ascii_font_6x8)
    ascii_font_8x16                          0x0800695e   Data        1520  zf_common_font.o(.rodata.ascii_font_8x16)
    Region$$Table$$Base                      0x080071f8   Number         0  anon$$obj.o(Region$$Table)
    Region$$Table$$Limit                     0x08007218   Number         0  anon$$obj.o(Region$$Table)
    cursor_position                          0x20000000   Data           4  menu.o(.data..L_MergedGlobals)
    last_cursor_position                     0x20000004   Data           4  menu.o(.data..L_MergedGlobals)
    main_menu_position                       0x20000008   Data           4  menu.o(.data..L_MergedGlobals)
    pid_menu_position                        0x2000000c   Data           4  menu.o(.data..L_MergedGlobals)
    len_main                                 0x20000010   Data           4  menu.o(.data..L_MergedGlobals)
    len_pid                                  0x20000014   Data           4  menu.o(.data..L_MergedGlobals)
    find_end_line                            0x20000020   Data           1  image.o(.data..L_MergedGlobals)
    l_point                                  0x20000021   Data           1  image.o(.data..L_MergedGlobals)
    r_point                                  0x20000022   Data           1  image.o(.data..L_MergedGlobals)
    x1                                       0x20000023   Data           1  image.o(.data..L_MergedGlobals)
    x2                                       0x20000024   Data           1  image.o(.data..L_MergedGlobals)
    x3                                       0x20000025   Data           1  image.o(.data..L_MergedGlobals)
    x4                                       0x20000026   Data           1  image.o(.data..L_MergedGlobals)
    y1                                       0x20000027   Data           1  image.o(.data..L_MergedGlobals)
    y2                                       0x20000028   Data           1  image.o(.data..L_MergedGlobals)
    y3                                       0x20000029   Data           1  image.o(.data..L_MergedGlobals)
    y4                                       0x2000002a   Data           1  image.o(.data..L_MergedGlobals)
    x5                                       0x2000002b   Data           1  image.o(.data..L_MergedGlobals)
    y5                                       0x2000002c   Data           1  image.o(.data..L_MergedGlobals)
    x6                                       0x2000002d   Data           1  image.o(.data..L_MergedGlobals)
    y6                                       0x2000002e   Data           1  image.o(.data..L_MergedGlobals)
    x7                                       0x2000002f   Data           1  image.o(.data..L_MergedGlobals)
    y7                                       0x20000030   Data           1  image.o(.data..L_MergedGlobals)
    x8                                       0x20000031   Data           1  image.o(.data..L_MergedGlobals)
    y8                                       0x20000032   Data           1  image.o(.data..L_MergedGlobals)
    x9                                       0x20000033   Data           1  image.o(.data..L_MergedGlobals)
    y9                                       0x20000034   Data           1  image.o(.data..L_MergedGlobals)
    flag1_2                                  0x20000038   Data           4  image.o(.data..L_MergedGlobals)
    flag1_4                                  0x2000003c   Data           4  image.o(.data..L_MergedGlobals)
    flag3_4                                  0x20000040   Data           4  image.o(.data..L_MergedGlobals)
    kl                                       0x20000044   Data           4  image.o(.data..L_MergedGlobals)
    kr                                       0x20000048   Data           4  image.o(.data..L_MergedGlobals)
    k1                                       0x2000004c   Data           4  image.o(.data..L_MergedGlobals)
    k3                                       0x20000050   Data           4  image.o(.data..L_MergedGlobals)
    k5                                       0x20000054   Data           4  image.o(.data..L_MergedGlobals)
    dl1a_finsh_flag                          0x20000058   Data           1  zf_device_dl1a.o(.data..L_MergedGlobals)
    dl1a_distance_mm                         0x2000005a   Data           2  zf_device_dl1a.o(.data..L_MergedGlobals)
    camera_type                              0x200000c0   Data           1  zf_device_type.o(.data..L_MergedGlobals)
    wireless_type                            0x200000c1   Data           1  zf_device_type.o(.data..L_MergedGlobals)
    camera_uart_handler                      0x200000c4   Data           4  zf_device_type.o(.data..L_MergedGlobals)
    camera_vsync_handler                     0x200000c8   Data           4  zf_device_type.o(.data..L_MergedGlobals)
    camera_dma_handler                       0x200000cc   Data           4  zf_device_type.o(.data..L_MergedGlobals)
    wireless_module_uart_handler             0x200000d0   Data           4  zf_device_type.o(.data..L_MergedGlobals)
    mid_weight                               0x200000e0   Data         120  image.o(.data..L_MergedGlobals.4)
    final_mid_value                          0x20000162   Data           1  image.o(.data.final_mid_value)
    gpio_group                               0x20000164   Data          32  zf_driver_gpio.o(.data.gpio_group)
    motor_pid_l                              0x20000184   Data          44  pid.o(.data.motor_pid_l)
    motor_pid_r                              0x200001b0   Data          44  pid.o(.data.motor_pid_r)
    system_clock                             0x200001dc   Data           4  zf_common_clock.o(.data.system_clock)
    motor_l                                  0x200001f0   Data          20  motor.o(.bss..L_MergedGlobals)
    motor_r                                  0x20000204   Data          20  motor.o(.bss..L_MergedGlobals)
    camera_receiver_buffer                   0x20000240   Data           8  zf_device_camera.o(.bss..L_MergedGlobals)
    camera_receiver_fifo                     0x20000248   Data          24  zf_device_camera.o(.bss..L_MergedGlobals)
    gps_tau1201_flag                         0x20000270   Data           1  zf_device_gps_tau1201.o(.bss..L_MergedGlobals)
    gps_gga_state                            0x20000271   Data           1  zf_device_gps_tau1201.o(.bss..L_MergedGlobals)
    gps_rmc_state                            0x20000272   Data           1  zf_device_gps_tau1201.o(.bss..L_MergedGlobals)
    gps_tau1201                              0x20000278   Data          64  zf_device_gps_tau1201.o(.bss..L_MergedGlobals)
    left_line                                0x200002c0   Data         120  image.o(.bss..L_MergedGlobals.1)
    right_line                               0x20000340   Data         120  image.o(.bss..L_MergedGlobals.2)
    mid_line                                 0x200003e0   Data         120  image.o(.bss..L_MergedGlobals.3)
    KeyNumber                                0x2000045c   Data           4  menu.o(.bss.KeyNumber)
    MK                                       0x20000460   Data        1024  image.o(.bss.MK)
    P                                        0x20000860   Data        1024  image.o(.bss.P)
    PK                                       0x20000c60   Data        1024  image.o(.bss.PK)
    basic_image                              0x20001064   Data       22560  image.o(.bss.basic_image)
    car_num                                  0x20006884   Data           1  motor.o(.bss.car_num)
    hist                                     0x200069a4   Data         512  image.o(.bss.hist)
    image                                    0x20006ba4   Data       22560  image.o(.bss.image)
    mt9v03x_finish_flag                      0x2000c3c8   Data           1  zf_device_mt9v03x.o(.bss.mt9v03x_finish_flag)
    mt9v03x_flag                             0x2000c3c9   Data           1  main.o(.bss.mt9v03x_flag)
    mt9v03x_image                            0x2000c3e0   Data       22560  zf_device_mt9v03x.o(.bss.mt9v03x_image)
    threshold                                0x20011c18   Data           1  image.o(.bss.threshold)
    tsl1401_data                             0x20011c1a   Data         512  zf_device_tsl1401.o(.bss.tsl1401_data)
    tsl1401_finish_flag                      0x20011e1a   Data           1  zf_device_tsl1401.o(.bss.tsl1401_finish_flag)
    Image$$ARM_LIB_STACK$$ZI$$Limit          0x20020000   Number         0  anon$$obj.o ABSOLUTE



==============================================================================

Memory Map of the image

  Image Entry point : 0x08000401

  Load Region LR_m_text (Base: 0x08000000, Size: 0x00007410, Max: 0x00080000, ABSOLUTE, COMPRESSED[0x000072b0])

    Execution Region VECTOR_ROM (Exec base: 0x08000000, Load base: 0x08000000, Size: 0x00000190, Max: 0x00000400, ABSOLUTE)

    Exec Addr    Load Addr    Size         Type   Attr      Idx    E Section Name        Object

    0x08000000   0x08000000   0x00000190   Data   RO         1647    RESET               startup_mm32f3277g.o


    Execution Region ER_m_text (Exec base: 0x08000400, Load base: 0x08000400, Size: 0x00006e18, Max: 0x0007fc00, ABSOLUTE, FIXED)

    Exec Addr    Load Addr    Size         Type   Attr      Idx    E Section Name        Object

    0x08000400   0x08000400   0x00000000   Code   RO         2719  * .ARM.Collect$$$$00000000  mc_w.l(entry.o)
    0x08000400   0x08000400   0x00000004   Code   RO         3092    .ARM.Collect$$$$00000003  mc_w.l(entry4.o)
    0x08000404   0x08000404   0x00000004   Code   RO         3095    .ARM.Collect$$$$00000004  mc_w.l(entry5.o)
    0x08000408   0x08000408   0x00000000   Code   RO         3097    .ARM.Collect$$$$00000008  mc_w.l(entry7b.o)
    0x08000408   0x08000408   0x00000000   Code   RO         3099    .ARM.Collect$$$$0000000A  mc_w.l(entry8b.o)
    0x08000408   0x08000408   0x00000008   Code   RO         3100    .ARM.Collect$$$$0000000B  mc_w.l(entry9a.o)
    0x08000410   0x08000410   0x00000000   Code   RO         3102    .ARM.Collect$$$$0000000D  mc_w.l(entry10a.o)
    0x08000410   0x08000410   0x00000000   Code   RO         3104    .ARM.Collect$$$$0000000F  mc_w.l(entry11a.o)
    0x08000410   0x08000410   0x00000004   Code   RO         3093    .ARM.Collect$$$$00002714  mc_w.l(entry4.o)
    0x08000414   0x08000414   0x00000024   Code   RO         1648    .text               startup_mm32f3277g.o
    0x08000438   0x08000438   0x00000024   Code   RO         2722    .text               mc_w.l(memcpya.o)
    0x0800045c   0x0800045c   0x00000024   Code   RO         2724    .text               mc_w.l(memseta.o)
    0x08000480   0x08000480   0x0000000e   Code   RO         2732    .text               mc_w.l(strlen.o)
    0x0800048e   0x0800048e   0x0000001e   Code   RO         2738    .text               mc_w.l(strncmp.o)
    0x080004ac   0x080004ac   0x000000b0   Code   RO         3005    .text               mf_w.l(fadd.o)
    0x0800055c   0x0800055c   0x00000064   Code   RO         3007    .text               mf_w.l(fmul.o)
    0x080005c0   0x080005c0   0x0000007c   Code   RO         3009    .text               mf_w.l(fdiv.o)
    0x0800063c   0x0800063c   0x0000014e   Code   RO         3011    .text               mf_w.l(dadd.o)
    0x0800078a   0x0800078a   0x000000e4   Code   RO         3013    .text               mf_w.l(dmul.o)
    0x0800086e   0x0800086e   0x0000001c   Code   RO         3017    .text               mf_w.l(fcmpge.o)
    0x0800088a   0x0800088a   0x0000001c   Code   RO         3019    .text               mf_w.l(fcmpgt.o)
    0x080008a6   0x080008a6   0x0000001c   Code   RO         3021    .text               mf_w.l(fcmpeq.o)
    0x080008c2   0x080008c2   0x00000012   Code   RO         3029    .text               mf_w.l(fflti.o)
    0x080008d4   0x080008d4   0x0000000a   Code   RO         3031    .text               mf_w.l(ffltui.o)
    0x080008de   0x080008de   0x00000022   Code   RO         3033    .text               mf_w.l(dflti.o)
    0x08000900   0x08000900   0x00000032   Code   RO         3037    .text               mf_w.l(ffixi.o)
    0x08000932   0x08000932   0x00000028   Code   RO         3039    .text               mf_w.l(ffixui.o)
    0x0800095a   0x0800095a   0x0000003e   Code   RO         3041    .text               mf_w.l(dfixi.o)
    0x08000998   0x08000998   0x00000032   Code   RO         3043    .text               mf_w.l(dfixui.o)
    0x080009ca   0x080009ca   0x00000026   Code   RO         3045    .text               mf_w.l(f2d.o)
    0x080009f0   0x080009f0   0x00000038   Code   RO         3047    .text               mf_w.l(d2f.o)
    0x08000a28   0x08000a28   0x0000002c   Code   RO         3107    .text               mc_w.l(uidiv.o)
    0x08000a54   0x08000a54   0x0000001e   Code   RO         3111    .text               mc_w.l(llshl.o)
    0x08000a72   0x08000a72   0x00000020   Code   RO         3113    .text               mc_w.l(llushr.o)
    0x08000a92   0x08000a92   0x00000024   Code   RO         3115    .text               mc_w.l(llsshr.o)
    0x08000ab6   0x08000ab6   0x00000000   Code   RO         3124    .text               mc_w.l(iusefp.o)
    0x08000ab6   0x08000ab6   0x0000006e   Code   RO         3125    .text               mf_w.l(fepilogue.o)
    0x08000b24   0x08000b24   0x000000ba   Code   RO         3127    .text               mf_w.l(depilogue.o)
    0x08000bde   0x08000bde   0x00000002   PAD
    0x08000be0   0x08000be0   0x00000024   Code   RO         3139    .text               mc_w.l(init.o)
    0x08000c04   0x08000c04   0x00000056   Code   RO         3149    .text               mc_w.l(__dczerorl2.o)
    0x08000c5a   0x08000c5a   0x00000002   PAD
    0x08000c5c   0x08000c5c   0x00000014   Code   RO           65    .text.DMA1_Channel1_IRQHandler  isr.o
    0x08000c70   0x08000c70   0x00000014   Code   RO           67    .text.DMA1_Channel2_IRQHandler  isr.o
    0x08000c84   0x08000c84   0x00000014   Code   RO           69    .text.DMA1_Channel3_IRQHandler  isr.o
    0x08000c98   0x08000c98   0x00000024   Code   RO           71    .text.DMA1_Channel4_IRQHandler  isr.o
    0x08000cbc   0x08000cbc   0x00000014   Code   RO           73    .text.DMA1_Channel5_IRQHandler  isr.o
    0x08000cd0   0x08000cd0   0x00000014   Code   RO           75    .text.DMA1_Channel6_IRQHandler  isr.o
    0x08000ce4   0x08000ce4   0x00000018   Code   RO           77    .text.DMA1_Channel7_IRQHandler  isr.o
    0x08000cfc   0x08000cfc   0x00000014   Code   RO           79    .text.DMA2_Channel1_IRQHandler  isr.o
    0x08000d10   0x08000d10   0x00000014   Code   RO           81    .text.DMA2_Channel2_IRQHandler  isr.o
    0x08000d24   0x08000d24   0x00000014   Code   RO           83    .text.DMA2_Channel3_IRQHandler  isr.o
    0x08000d38   0x08000d38   0x00000014   Code   RO           85    .text.DMA2_Channel4_IRQHandler  isr.o
    0x08000d4c   0x08000d4c   0x00000018   Code   RO           87    .text.DMA2_Channel5_IRQHandler  isr.o
    0x08000d64   0x08000d64   0x0000000c   Code   RO           51    .text.EXTI0_IRQHandler  isr.o
    0x08000d70   0x08000d70   0x00000070   Code   RO           63    .text.EXTI15_10_IRQHandler  isr.o
    0x08000de0   0x08000de0   0x0000000c   Code   RO           53    .text.EXTI1_IRQHandler  isr.o
    0x08000dec   0x08000dec   0x0000000c   Code   RO           55    .text.EXTI2_IRQHandler  isr.o
    0x08000df8   0x08000df8   0x0000000c   Code   RO           57    .text.EXTI3_IRQHandler  isr.o
    0x08000e04   0x08000e04   0x00000014   Code   RO           59    .text.EXTI4_IRQHandler  isr.o
    0x08000e18   0x08000e18   0x00000064   Code   RO           61    .text.EXTI9_5_IRQHandler  isr.o
    0x08000e7c   0x08000e7c   0x000000bc   Code   RO          182    .text.Encoder_Get   motor.o
    0x08000f38   0x08000f38   0x00000022   Code   RO          176    .text.Encoder_Init  motor.o
    0x08000f5a   0x08000f5a   0x00000022   Code   RO          100    .text.IPS_Init      menu.o
    0x08000f7c   0x08000f7c   0x0000008a   Code   RO          104    .text.KeyNum        menu.o
    0x08001006   0x08001006   0x00000002   PAD
    0x08001008   0x08001008   0x00000038   Code   RO          102    .text.Key_Init      menu.o
    0x08001040   0x08001040   0x000000b8   Code   RO          186    .text.Motor_Control  motor.o
    0x080010f8   0x080010f8   0x00000124   Code   RO          133    .text.Otsu          image.o
    0x0800121c   0x0800121c   0x000000fc   Code   RO          205    .text.PID_increase  pid.o
    0x08001318   0x08001318   0x00000040   Code   RO          174    .text.PWM_Init      motor.o
    0x08001358   0x08001358   0x00000022   Code   RO          180    .text.Speed_Set     motor.o
    0x0800137a   0x0800137a   0x00000002   PAD
    0x0800137c   0x0800137c   0x0000000c   Code   RO         1636    .text.SystemInit    system_mm32f3277g.o
    0x08001388   0x08001388   0x00000014   Code   RO           19    .text.TIM1_UP_IRQHandler  isr.o
    0x0800139c   0x0800139c   0x00000014   Code   RO           21    .text.TIM2_IRQHandler  isr.o
    0x080013b0   0x080013b0   0x00000014   Code   RO           23    .text.TIM3_IRQHandler  isr.o
    0x080013c4   0x080013c4   0x00000014   Code   RO           25    .text.TIM4_IRQHandler  isr.o
    0x080013d8   0x080013d8   0x00000014   Code   RO           27    .text.TIM5_IRQHandler  isr.o
    0x080013ec   0x080013ec   0x00000018   Code   RO           29    .text.TIM6_IRQHandler  isr.o
    0x08001404   0x08001404   0x00000014   Code   RO           31    .text.TIM7_IRQHandler  isr.o
    0x08001418   0x08001418   0x00000018   Code   RO           33    .text.TIM8_UP_IRQHandler  isr.o
    0x08001430   0x08001430   0x00000028   Code   RO           35    .text.UART1_IRQHandler  isr.o
    0x08001458   0x08001458   0x00000030   Code   RO           37    .text.UART2_IRQHandler  isr.o
    0x08001488   0x08001488   0x00000028   Code   RO           39    .text.UART3_IRQHandler  isr.o
    0x080014b0   0x080014b0   0x00000028   Code   RO           41    .text.UART4_IRQHandler  isr.o
    0x080014d8   0x080014d8   0x00000028   Code   RO           43    .text.UART5_IRQHandler  isr.o
    0x08001500   0x08001500   0x00000038   Code   RO           45    .text.UART6_IRQHandler  isr.o
    0x08001538   0x08001538   0x00000028   Code   RO           47    .text.UART7_IRQHandler  isr.o
    0x08001560   0x08001560   0x00000038   Code   RO           49    .text.UART8_IRQHandler  isr.o
    0x08001598   0x08001598   0x00000044   Code   RO          386    .text.adc_convert   zf_driver_adc.o
    0x080015dc   0x080015dc   0x0000006c   Code   RO          524    .text.afio_init     zf_driver_gpio.o
    0x08001648   0x08001648   0x00000014   Code   RO          936    .text.camera_fifo_init  zf_device_camera.o
    0x0800165c   0x0800165c   0x00000080   Code   RO          938    .text.camera_init   zf_device_camera.o
    0x080016dc   0x080016dc   0x00000040   Code   RO          190    .text.car_start     motor.o
    0x0800171c   0x0800171c   0x000001f4   Code   RO          220    .text.clock_init    zf_common_clock.o
    0x08001910   0x08001910   0x000000dc   Code   RO          242    .text.debug_assert_handler  zf_common_debug.o
    0x080019ec   0x080019ec   0x0000003c   Code   RO          252    .text.debug_init    zf_common_debug.o
    0x08001a28   0x08001a28   0x0000002c   Code   RO          246    .text.debug_log_handler  zf_common_debug.o
    0x08001a54   0x08001a54   0x000002fc   Code   RO          244    .text.debug_output  zf_common_debug.o
    0x08001d50   0x08001d50   0x00000040   Code   RO          250    .text.debug_output_init  zf_common_debug.o
    0x08001d90   0x08001d90   0x0000001a   Code   RO          248    .text.debug_output_struct_init  zf_common_debug.o
    0x08001daa   0x08001daa   0x00000008   Code   RO          254    .text.debug_uart_str_output  zf_common_debug.o
    0x08001db2   0x08001db2   0x00000002   PAD
    0x08001db4   0x08001db4   0x00000078   Code   RO          954    .text.dl1a_get_distance  zf_device_dl1a.o
    0x08001e2c   0x08001e2c   0x00000004   Code   RO          956    .text.dl1a_int_handler  zf_device_dl1a.o
    0x08001e30   0x08001e30   0x00000018   Code   RO          983    .text.dm1xa_light_callback  zf_device_dm1xa.o
    0x08001e48   0x08001e48   0x00000090   Code   RO          981    .text.dm1xa_sound_callback  zf_device_dm1xa.o
    0x08001ed8   0x08001ed8   0x000000e4   Code   RO          435    .text.dma_camera_init  zf_driver_dma.o
    0x08001fbc   0x08001fbc   0x00000020   Code   RO          433    .text.dma_disable   zf_driver_dma.o
    0x08001fdc   0x08001fdc   0x00000020   Code   RO          431    .text.dma_enable    zf_driver_dma.o
    0x08001ffc   0x08001ffc   0x00000020   Code   RO          429    .text.dma_set_count  zf_driver_dma.o
    0x0800201c   0x0800201c   0x00000078   Code   RO          108    .text.draw_line     menu.o
    0x08002094   0x08002094   0x00000040   Code   RO          451    .text.encoder_clear_count  zf_driver_encoder.o
    0x080020d4   0x080020d4   0x000000d0   Code   RO          455    .text.encoder_dir_init  zf_driver_encoder.o
    0x080021a4   0x080021a4   0x00000060   Code   RO          449    .text.encoder_get_count  zf_driver_encoder.o
    0x08002204   0x08002204   0x00000178   Code   RO          474    .text.exti_init     zf_driver_exti.o
    0x0800237c   0x0800237c   0x0000005c   Code   RO          275    .text.fifo_clear    zf_common_fifo.o
    0x080023d8   0x080023d8   0x00000038   Code   RO          289    .text.fifo_init     zf_common_fifo.o
    0x08002410   0x08002410   0x0000012c   Code   RO          285    .text.fifo_read_buffer  zf_common_fifo.o
    0x0800253c   0x0800253c   0x0000001c   Code   RO          277    .text.fifo_used     zf_common_fifo.o
    0x08002558   0x08002558   0x000001b0   Code   RO          281    .text.fifo_write_buffer  zf_common_fifo.o
    0x08002708   0x08002708   0x0000007c   Code   RO          279    .text.fifo_write_element  zf_common_fifo.o
    0x08002784   0x08002784   0x000001ac   Code   RO          137    .text.find_basic_point  image.o
    0x08002930   0x08002930   0x0000095c   Code   RO          145    .text.find_line     image.o
    0x0800328c   0x0800328c   0x00000124   Code   RO          334    .text.func_float_to_str  zf_common_function.o
    0x080033b0   0x080033b0   0x00000012   Code   RO          320    .text.func_get_greatest_common_divisor  zf_common_function.o
    0x080033c2   0x080033c2   0x00000002   PAD
    0x080033c4   0x080033c4   0x0000006c   Code   RO          326    .text.func_int_to_str  zf_common_function.o
    0x08003430   0x08003430   0x0000005c   Code   RO          330    .text.func_uint_to_str  zf_common_function.o
    0x0800348c   0x0800348c   0x00000010   Code   RO          131    .text.get_image     image.o
    0x0800349c   0x0800349c   0x00000020   Code   RO          516    .text.gpio_get_level  zf_driver_gpio.o
    0x080034bc   0x080034bc   0x00000098   Code   RO          522    .text.gpio_init     zf_driver_gpio.o
    0x08003554   0x08003554   0x0000002c   Code   RO          514    .text.gpio_set_level  zf_driver_gpio.o
    0x08003580   0x08003580   0x000000c0   Code   RO         1010    .text.gps_uart_callback  zf_device_gps_tau1201.o
    0x08003640   0x08003640   0x000000f0   Code   RO          112    .text.handle1       menu.o
    0x08003730   0x08003730   0x0000007c   Code   RO          114    .text.handle2       menu.o
    0x080037ac   0x080037ac   0x000000b0   Code   RO          135    .text.image_binaryzation  image.o
    0x0800385c   0x0800385c   0x00000024   Code   RO          368    .text.interrupt_disable  zf_common_interrupt.o
    0x08003880   0x08003880   0x0000001c   Code   RO          366    .text.interrupt_enable  zf_common_interrupt.o
    0x0800389c   0x0800389c   0x00000014   Code   RO          364    .text.interrupt_global_disable  zf_common_interrupt.o
    0x080038b0   0x080038b0   0x0000001c   Code   RO          372    .text.interrupt_init  zf_common_interrupt.o
    0x080038cc   0x080038cc   0x00000024   Code   RO          370    .text.interrupt_set_priority  zf_common_interrupt.o
    0x080038f0   0x080038f0   0x00000064   Code   RO         1181    .text.ips200_clear  zf_device_ips200.o
    0x08003954   0x08003954   0x0000007c   Code   RO         1195    .text.ips200_draw_point  zf_device_ips200.o
    0x080039d0   0x080039d0   0x00000308   Code   RO         1219    .text.ips200_init   zf_device_ips200.o
    0x08003cd8   0x08003cd8   0x0000000c   Code   RO         1193    .text.ips200_set_color  zf_device_ips200.o
    0x08003ce4   0x08003ce4   0x0000002c   Code   RO         1189    .text.ips200_set_dir  zf_device_ips200.o
    0x08003d10   0x08003d10   0x00000008   Code   RO         1191    .text.ips200_set_font  zf_device_ips200.o
    0x08003d18   0x08003d18   0x0000008c   Code   RO         1183    .text.ips200_set_region  zf_device_ips200.o
    0x08003da4   0x08003da4   0x00000140   Code   RO         1199    .text.ips200_show_char  zf_device_ips200.o
    0x08003ee4   0x08003ee4   0x00000108   Code   RO         1207    .text.ips200_show_float  zf_device_ips200.o
    0x08003fec   0x08003fec   0x00000114   Code   RO         1211    .text.ips200_show_gray_image  zf_device_ips200.o
    0x08004100   0x08004100   0x000000a8   Code   RO         1203    .text.ips200_show_int  zf_device_ips200.o
    0x080041a8   0x080041a8   0x00000078   Code   RO         1201    .text.ips200_show_string  zf_device_ips200.o
    0x08004220   0x08004220   0x000000b4   Code   RO         1205    .text.ips200_show_uint  zf_device_ips200.o
    0x080042d4   0x080042d4   0x00000060   Code   RO         1185    .text.ips200_write_16bit_data  zf_device_ips200.o
    0x08004334   0x08004334   0x00000044   Code   RO         1223    .text.ips200_write_8bit_data  zf_device_ips200.o
    0x08004378   0x08004378   0x00000078   Code   RO         1221    .text.ips200_write_command  zf_device_ips200.o
    0x080043f0   0x080043f0   0x0000001e   Code   RO          184    .text.limit_int     motor.o
    0x0800440e   0x0800440e   0x00000002   PAD
    0x08004410   0x08004410   0x000000b8   Code   RO            4    .text.main          main.o
    0x080044c8   0x080044c8   0x00000014   Code   RO         1291    .text.mt9v03x_dma_handler  zf_device_mt9v03x.o
    0x080044dc   0x080044dc   0x00000058   Code   RO         1285    .text.mt9v03x_get_version  zf_device_mt9v03x.o
    0x08004534   0x08004534   0x00000294   Code   RO         1297    .text.mt9v03x_init  zf_device_mt9v03x.o
    0x080047c8   0x080047c8   0x0000003c   Code   RO         2658    .text.mt9v03x_read_word_sccb  zf_device_config.lib(zf_device_config.o)
    0x08004804   0x08004804   0x000009ae   Code   RO         2654    .text.mt9v03x_set_config_sccb  zf_device_config.lib(zf_device_config.o)
    0x080051b2   0x080051b2   0x00000002   PAD
    0x080051b4   0x080051b4   0x00000030   Code   RO         1293    .text.mt9v03x_uart_handler  zf_device_mt9v03x.o
    0x080051e4   0x080051e4   0x00000032   Code   RO         1289    .text.mt9v03x_vsync_handler  zf_device_mt9v03x.o
    0x08005216   0x08005216   0x00000002   PAD
    0x08005218   0x08005218   0x00000032   Code   RO         2656    .text.mt9v03x_write_word_sccb  zf_device_config.lib(zf_device_config.o)
    0x0800524a   0x0800524a   0x00000002   PAD
    0x0800524c   0x0800524c   0x000000e8   Code   RO          600    .text.pit_init      zf_driver_pit.o
    0x08005334   0x08005334   0x00000350   Code   RO          110    .text.print_menu    menu.o
    0x08005684   0x08005684   0x00000158   Code   RO          615    .text.pwm_init      zf_driver_pwm.o
    0x080057dc   0x080057dc   0x000000a4   Code   RO          613    .text.pwm_set_duty  zf_driver_pwm.o
    0x08005880   0x08005880   0x00000030   Code   RO         1519    .text.set_camera_type  zf_device_type.o
    0x080058b0   0x080058b0   0x0000005c   Code   RO          706    .text.soft_iic_init  zf_driver_soft_iic.o
    0x0800590c   0x0800590c   0x00000080   Code   RO          692    .text.soft_iic_read_8bit_registers  zf_driver_soft_iic.o
    0x0800598c   0x0800598c   0x00000164   Code   RO          682    .text.soft_iic_read_data  zf_driver_soft_iic.o
    0x08005af0   0x08005af0   0x0000005c   Code   RO          704    .text.soft_iic_sccb_read_register  zf_driver_soft_iic.o
    0x08005b4c   0x08005b4c   0x00000044   Code   RO          702    .text.soft_iic_sccb_write_register  zf_driver_soft_iic.o
    0x08005b90   0x08005b90   0x00000124   Code   RO          662    .text.soft_iic_send_data  zf_driver_soft_iic.o
    0x08005cb4   0x08005cb4   0x00000084   Code   RO          660    .text.soft_iic_start  zf_driver_soft_iic.o
    0x08005d38   0x08005d38   0x00000084   Code   RO          664    .text.soft_iic_stop  zf_driver_soft_iic.o
    0x08005dbc   0x08005dbc   0x00000048   Code   RO          672    .text.soft_iic_write_8bit_register  zf_driver_soft_iic.o
    0x08005e04   0x08005e04   0x0000019c   Code   RO          810    .text.spi_init      zf_driver_spi.o
    0x08005fa0   0x08005fa0   0x00000038   Code   RO          778    .text.spi_write_16bit  zf_driver_spi.o
    0x08005fd8   0x08005fd8   0x00000030   Code   RO          774    .text.spi_write_8bit  zf_driver_spi.o
    0x08006008   0x08006008   0x00000058   Code   RO          413    .text.system_delay_ms  zf_driver_delay.o
    0x08006060   0x08006060   0x0000004c   Code   RO          835    .text.timer_clear   zf_driver_timer.o
    0x080060ac   0x080060ac   0x0000003c   Code   RO          827    .text.timer_clock_enable  zf_driver_timer.o
    0x080060e8   0x080060e8   0x000000c8   Code   RO          839    .text.timer_etr_init  zf_driver_timer.o
    0x080061b0   0x080061b0   0x00000018   Code   RO          825    .text.timer_funciton_check  zf_driver_timer.o
    0x080061c8   0x080061c8   0x0000005c   Code   RO          833    .text.timer_get     zf_driver_timer.o
    0x08006224   0x08006224   0x00000098   Code   RO         1497    .text.tsl1401_collect_pit_handler  zf_device_tsl1401.o
    0x080062bc   0x080062bc   0x00000002   Code   RO         1517    .text.type_default_callback  zf_device_type.o
    0x080062be   0x080062be   0x00000002   PAD
    0x080062c0   0x080062c0   0x00000108   Code   RO          868    .text.uart_init     zf_driver_uart.o
    0x080063c8   0x080063c8   0x00000030   Code   RO          862    .text.uart_query_byte  zf_driver_uart.o
    0x080063f8   0x080063f8   0x00000050   Code   RO          866    .text.uart_rx_interrupt  zf_driver_uart.o
    0x08006448   0x08006448   0x00000038   Code   RO          856    .text.uart_write_buffer  zf_driver_uart.o
    0x08006480   0x08006480   0x00000018   Code   RO          854    .text.uart_write_byte  zf_driver_uart.o
    0x08006498   0x08006498   0x0000002c   Code   RO          858    .text.uart_write_string  zf_driver_uart.o
    0x080064c4   0x080064c4   0x00000068   Code   RO          147    .text.weight_find_mid_value  image.o
    0x0800652c   0x0800652c   0x00000028   Code   RO         2835    i.__0sprintf$3      mc_w.l(printf3.o)
    0x08006554   0x08006554   0x0000000e   Code   RO         3143    i.__scatterload_copy  mc_w.l(handlers.o)
    0x08006562   0x08006562   0x00000002   Code   RO         3144    i.__scatterload_null  mc_w.l(handlers.o)
    0x08006564   0x08006564   0x0000000e   Code   RO         3145    i.__scatterload_zeroinit  mc_w.l(handlers.o)
    0x08006572   0x08006572   0x00000002   PAD
    0x08006574   0x08006574   0x000001b8   Code   RO         2840    i._printf_core      mc_w.l(printf3.o)
    0x0800672c   0x0800672c   0x0000000a   Code   RO         2842    i._sputc            mc_w.l(printf3.o)
    0x08006736   0x08006736   0x00000228   Data   RO          304    .rodata.ascii_font_6x8  zf_common_font.o
    0x0800695e   0x0800695e   0x000005f0   Data   RO          303    .rodata.ascii_font_8x16  zf_common_font.o
    0x08006f4e   0x08006f4e   0x00000002   PAD
    0x08006f50   0x08006f50   0x00000020   Data   RO          870    .rodata.cst32       zf_driver_uart.o
    0x08006f70   0x08006f70   0x00000008   Data   RO          392    .rodata.cst8        zf_driver_adc.o
    0x08006f78   0x08006f78   0x00000008   Data   RO          437    .rodata.cst8        zf_driver_dma.o
    0x08006f80   0x08006f80   0x00000008   Data   RO          812    .rodata.cst8        zf_driver_spi.o
    0x08006f88   0x08006f88   0x00000008   Data   RO          873    .rodata.cst8        zf_driver_uart.o
    0x08006f90   0x08006f90   0x000000ac   Data   RO          258    .rodata.debug_protective_handler.pin_list  zf_common_debug.o
    0x0800703c   0x0800703c   0x0000002b   Data   RO          291    .rodata.str1.1      zf_common_fifo.o
    0x08007067   0x08007067   0x0000002f   Data   RO          350    .rodata.str1.1      zf_common_function.o
    0x08007096   0x08007096   0x0000002c   Data   RO          417    .rodata.str1.1      zf_driver_delay.o
    0x080070c2   0x080070c2   0x0000002e   Data   RO          458    .rodata.str1.1      zf_driver_encoder.o
    0x080070f0   0x080070f0   0x0000002a   Data   RO          617    .rodata.str1.1      zf_driver_pwm.o
    0x0800711a   0x0800711a   0x0000002f   Data   RO          708    .rodata.str1.1      zf_driver_soft_iic.o
    0x08007149   0x08007149   0x0000002a   Data   RO          813    .rodata.str1.1      zf_driver_spi.o
    0x08007173   0x08007173   0x0000002c   Data   RO          841    .rodata.str1.1      zf_driver_timer.o
    0x0800719f   0x0800719f   0x0000002b   Data   RO          871    .rodata.str1.1      zf_driver_uart.o
    0x080071ca   0x080071ca   0x0000002d   Data   RO         1225    .rodata.str1.1      zf_device_ips200.o
    0x080071f7   0x080071f7   0x00000001   PAD
    0x080071f8   0x080071f8   0x00000020   Data   RO         3141    Region$$Table       anon$$obj.o


    Execution Region RW_m_data (Exec base: 0x20000000, Load base: 0x08007220, Size: 0x00011e24, Max: 0x0001dc00, ABSOLUTE, COMPRESSED[0x00000090])

    Exec Addr    Load Addr    Size         Type   Attr      Idx    E Section Name        Object

    0x20000000   COMPRESSED   0x00000018   Data   RW          119    .data..L_MergedGlobals  menu.o
    0x20000018   COMPRESSED   0x00000008   PAD
    0x20000020   COMPRESSED   0x00000038   Data   RW          158    .data..L_MergedGlobals  image.o
    0x20000058   COMPRESSED   0x00000004   Data   RW          969    .data..L_MergedGlobals  zf_device_dl1a.o
    0x2000005c   COMPRESSED   0x0000000a   Data   RW         1226    .data..L_MergedGlobals  zf_device_ips200.o
    0x20000066   COMPRESSED   0x0000000a   PAD
    0x20000070   COMPRESSED   0x0000004c   Data   RW         1301    .data..L_MergedGlobals  zf_device_mt9v03x.o
    0x200000bc   COMPRESSED   0x00000004   PAD
    0x200000c0   COMPRESSED   0x00000014   Data   RW         1523    .data..L_MergedGlobals  zf_device_type.o
    0x200000d4   COMPRESSED   0x0000000c   PAD
    0x200000e0   COMPRESSED   0x00000078   Data   RW          162    .data..L_MergedGlobals.4  image.o
    0x20000158   COMPRESSED   0x00000002   Data   RW          991    .data.dm1xa_distance_mm  zf_device_dm1xa.o
    0x2000015a   COMPRESSED   0x00000008   Data   RW          457    .data.encoder_dir_pin  zf_driver_encoder.o
    0x20000162   COMPRESSED   0x00000001   Data   RW          156    .data.final_mid_value  image.o
    0x20000163   COMPRESSED   0x00000001   PAD
    0x20000164   COMPRESSED   0x00000020   Data   RW          526    .data.gpio_group    zf_driver_gpio.o
    0x20000184   COMPRESSED   0x0000002c   Data   RW          207    .data.motor_pid_l   pid.o
    0x200001b0   COMPRESSED   0x0000002c   Data   RW          208    .data.motor_pid_r   pid.o
    0x200001dc   COMPRESSED   0x00000004   Data   RW          222    .data.system_clock  zf_common_clock.o
    0x200001e0   COMPRESSED   0x00000001   Data   RW          256    .data.zf_debug_assert_enable  zf_common_debug.o
    0x200001e1   COMPRESSED   0x0000000f   PAD
    0x200001f0        -       0x00000028   Zero   RW          193    .bss..L_MergedGlobals  motor.o
    0x20000218        -       0x00000010   Zero   RW          263    .bss..L_MergedGlobals  zf_common_debug.o
    0x20000228        -       0x00000010   Zero   RW          842    .bss..L_MergedGlobals  zf_driver_timer.o
    0x20000238   COMPRESSED   0x00000008   PAD
    0x20000240        -       0x00000020   Zero   RW          942    .bss..L_MergedGlobals  zf_device_camera.o
    0x20000260        -       0x00000008   Zero   RW          992    .bss..L_MergedGlobals  zf_device_dm1xa.o
    0x20000268   COMPRESSED   0x00000008   PAD
    0x20000270        -       0x00000048   Zero   RW         1036    .bss..L_MergedGlobals  zf_device_gps_tau1201.o
    0x200002b8   COMPRESSED   0x00000008   PAD
    0x200002c0        -       0x00000078   Zero   RW          159    .bss..L_MergedGlobals.1  image.o
    0x20000338        -       0x00000003   Zero   RW         1227    .bss..L_MergedGlobals.1  zf_device_ips200.o
    0x2000033b   COMPRESSED   0x00000005   PAD
    0x20000340        -       0x00000078   Zero   RW          160    .bss..L_MergedGlobals.2  image.o
    0x200003b8   COMPRESSED   0x00000008   PAD
    0x200003c0        -       0x0000001c   Zero   RW         1037    .bss..L_MergedGlobals.2  zf_device_gps_tau1201.o
    0x200003dc   COMPRESSED   0x00000004   PAD
    0x200003e0        -       0x00000078   Zero   RW          161    .bss..L_MergedGlobals.3  image.o
    0x20000458        -       0x00000004   Zero   RW         1302    .bss..L_MergedGlobals.3  zf_device_mt9v03x.o
    0x2000045c        -       0x00000004   Zero   RW          116    .bss.KeyNumber      menu.o
    0x20000460        -       0x00000400   Zero   RW          153    .bss.MK             image.o
    0x20000860        -       0x00000400   Zero   RW          151    .bss.P              image.o
    0x20000c60        -       0x00000400   Zero   RW          152    .bss.PK             image.o
    0x20001060        -       0x00000002   Zero   RW          393    .bss.adc_resolution  zf_driver_adc.o
    0x20001062   COMPRESSED   0x00000002   PAD
    0x20001064        -       0x00005820   Zero   RW          149    .bss.basic_image    image.o
    0x20006884        -       0x00000001   Zero   RW          192    .bss.car_num        motor.o
    0x20006885        -       0x00000001   Zero   RW          257    .bss.debug_assert_handler.assert_nest_index  zf_common_debug.o
    0x20006886   COMPRESSED   0x00000002   PAD
    0x20006888        -       0x00000002   Zero   RW          259    .bss.debug_output_info.0  zf_common_debug.o
    0x2000688a   COMPRESSED   0x00000002   PAD
    0x2000688c        -       0x00000002   Zero   RW          260    .bss.debug_output_info.1  zf_common_debug.o
    0x2000688e        -       0x00000001   Zero   RW          261    .bss.debug_output_info.3  zf_common_debug.o
    0x2000688f   COMPRESSED   0x00000001   PAD
    0x20006890        -       0x00000001   Zero   RW          262    .bss.debug_output_info.4  zf_common_debug.o
    0x20006891   COMPRESSED   0x00000003   PAD
    0x20006894        -       0x00000010   Zero   RW          968    .bss.dl1a_iic_struct  zf_device_dl1a.o
    0x200068a4        -       0x00000080   Zero   RW         1022    .bss.gps_gga_buffer  zf_device_gps_tau1201.o
    0x20006924        -       0x00000080   Zero   RW         1021    .bss.gps_rmc_buffer  zf_device_gps_tau1201.o
    0x200069a4        -       0x00000200   Zero   RW          150    .bss.hist           image.o
    0x20006ba4        -       0x00005820   Zero   RW          154    .bss.image          image.o
    0x2000c3c4        -       0x00000004   Zero   RW          374    .bss.interrupt_nest_count  zf_common_interrupt.o
    0x2000c3c8        -       0x00000001   Zero   RW         1299    .bss.mt9v03x_finish_flag  zf_device_mt9v03x.o
    0x2000c3c9        -       0x00000001   Zero   RW            6    .bss.mt9v03x_flag   main.o
    0x2000c3ca   COMPRESSED   0x00000002   PAD
    0x2000c3cc        -       0x00000004   Zero   RW         2668    .bss.mt9v03x_h_blank  zf_device_config.lib(zf_device_config.o)
    0x2000c3d0        -       0x00000010   Zero   RW         2666    .bss.mt9v03x_iic_inf_struct  zf_device_config.lib(zf_device_config.o)
    0x2000c3e0        -       0x00005820   Zero   RW         1300    .bss.mt9v03x_image  zf_device_mt9v03x.o
    0x20011c00        -       0x00000014   Zero   RW         2667    .bss.mt9v03x_init_config  zf_device_config.lib(zf_device_config.o)
    0x20011c14        -       0x00000004   Zero   RW         2669    .bss.mt9v03x_v_blank  zf_device_config.lib(zf_device_config.o)
    0x20011c18        -       0x00000001   Zero   RW          157    .bss.threshold      image.o
    0x20011c19   COMPRESSED   0x00000001   PAD
    0x20011c1a        -       0x00000200   Zero   RW         1504    .bss.tsl1401_data   zf_device_tsl1401.o
    0x20011e1a        -       0x00000001   Zero   RW         1505    .bss.tsl1401_finish_flag  zf_device_tsl1401.o
    0x20011e1b        -       0x00000001   Zero   RW         1503    .bss.tsl1401_init_state  zf_device_tsl1401.o
    0x20011e1c        -       0x00000008   Zero   RW          872    .bss.uart_interrupt_state  zf_driver_uart.o


    Execution Region ARM_LIB_HEAP (Exec base: 0x20011e24, Load base: 0x080072b0, Size: 0x00000400, Max: 0x00000400, ABSOLUTE)

    Exec Addr    Load Addr    Size         Type   Attr      Idx    E Section Name        Object

    0x20011e24        -       0x00000400   Zero   RW            1    ARM_LIB_HEAP.bss    anon$$obj.o


    Execution Region ARM_LIB_STACK (Exec base: 0x2001e000, Load base: 0x080072b0, Size: 0x00002000, Max: 0x00002000, ABSOLUTE)

    Exec Addr    Load Addr    Size         Type   Attr      Idx    E Section Name        Object

    0x2001e000        -       0x00002000   Zero   RW            2    ARM_LIB_STACK.bss   anon$$obj.o


==============================================================================

Image component sizes


      Code (inc. data)   RO Data    RW Data    ZI Data      Debug   Object Name

      3412         84          0        177      49065       8854   image.o
      1072         92          0          0          0       7217   isr.o
       184         32          0          0          1       1101   main.o
      1560        260          0         24          4       4749   menu.o
       598         48          0          0         41       5952   motor.o
       252         16          0         88          0       1162   pid.o
        36          8        400          0          0        832   startup_mm32f3277g.o
        12          4          0          0          0        427   system_mm32f3277g.o
       500         56          0          4          0       3178   zf_common_clock.o
      1186        184        172          1         23       9029   zf_common_debug.o
      1032          8         43          0          0       6621   zf_common_fifo.o
         0          0       2072          0          0        882   zf_common_font.o
       510          8         47          0          0      10515   zf_common_function.o
       148         28          0          0          4       4945   zf_common_interrupt.o
       148          8          0          0         32       5561   zf_device_camera.o
       124          8          0          4         16       9167   zf_device_dl1a.o
       168         20          0          2          8       3862   zf_device_dm1xa.o
       192         24          0          0        356       9225   zf_device_gps_tau1201.o
      2816        120         45         10          3      15429   zf_device_ips200.o
       866        148          0         76      22565       8136   zf_device_mt9v03x.o
       152         16          0          0        514       3695   zf_device_tsl1401.o
        50          8          0         20          0       1832   zf_device_type.o
        68          8          8          0          2       5030   zf_driver_adc.o
        88         16         44          0          0       1249   zf_driver_delay.o
       324         30          8          0          0       4137   zf_driver_dma.o
       368         48         46          8          0       6107   zf_driver_encoder.o
       376         36          0          0          0       5395   zf_driver_exti.o
       336         12          0         32          0       5173   zf_driver_gpio.o
       232         72          0          0          0       5025   zf_driver_pit.o
       508         40         42          0          0       5348   zf_driver_pwm.o
      1364         24         47          0          0      12023   zf_driver_soft_iic.o
       516         20         50          0          0      10679   zf_driver_spi.o
       452         52         44          0         16       7630   zf_driver_timer.o
       516         60         83          0          8       7922   zf_driver_uart.o

    ----------------------------------------------------------------------
     20180       1598       3186        484      81940     198089   Object Totals
         0          0         32          0       9216          0   (incl. Generated)
        14          0          3         38         66          0   (incl. Padding)

    ----------------------------------------------------------------------

      Code (inc. data)   RO Data    RW Data    ZI Data      Debug   Library Member Name

        86          0          0          0          0          0   __dczerorl2.o
         0          0          0          0          0          0   entry.o
         0          0          0          0          0          0   entry10a.o
         0          0          0          0          0          0   entry11a.o
         8          4          0          0          0          0   entry4.o
         4          0          0          0          0          0   entry5.o
         0          0          0          0          0          0   entry7b.o
         0          0          0          0          0          0   entry8b.o
         8          4          0          0          0          0   entry9a.o
        30          0          0          0          0          0   handlers.o
        36          8          0          0          0         68   init.o
         0          0          0          0          0          0   iusefp.o
        30          0          0          0          0         68   llshl.o
        36          0          0          0          0         68   llsshr.o
        32          0          0          0          0         68   llushr.o
        36          0          0          0          0         68   memcpya.o
        36          0          0          0          0        108   memseta.o
       490         10          0          0          0        252   printf3.o
        14          0          0          0          0         68   strlen.o
        30          0          0          0          0         80   strncmp.o
        44          0          0          0          0         80   uidiv.o
        56          0          0          0          0         88   d2f.o
       334          0          0          0          0        148   dadd.o
       186          0          0          0          0        176   depilogue.o
        62          0          0          0          0         80   dfixi.o
        50          0          0          0          0         76   dfixui.o
        34          0          0          0          0         76   dflti.o
       228          0          0          0          0         96   dmul.o
        38          0          0          0          0         68   f2d.o
       176          0          0          0          0        140   fadd.o
        28          0          0          0          0         68   fcmpeq.o
        28          0          0          0          0         68   fcmpge.o
        28          0          0          0          0         68   fcmpgt.o
       124          0          0          0          0         88   fdiv.o
       110          0          0          0          0        168   fepilogue.o
        50          0          0          0          0         68   ffixi.o
        40          0          0          0          0         68   ffixui.o
        18          0          0          0          0         68   fflti.o
        10          0          0          0          0         68   ffltui.o
       100          0          0          0          0         76   fmul.o
      2588          0          0          0         44       3849   zf_device_config.o

    ----------------------------------------------------------------------
      5218         26          0          0         44       6533   Library Totals
        10          0          0          0          0          0   (incl. Padding)

    ----------------------------------------------------------------------

      Code (inc. data)   RO Data    RW Data    ZI Data      Debug   Library Name

       920         26          0          0          0        928   mc_w.l
      1700          0          0          0          0       1756   mf_w.l
      2588          0          0          0         44       3849   zf_device_config.lib

    ----------------------------------------------------------------------
      5218         26          0          0         44       6533   Library Totals

    ----------------------------------------------------------------------

==============================================================================


      Code (inc. data)   RO Data    RW Data    ZI Data      Debug   

     25398       1624       3186        484      81984     202902   Grand Totals
     25398       1624       3186        144      81984     202902   ELF Image Totals (compressed)
     25398       1624       3186        144          0          0   ROM Totals

==============================================================================

    Total RO  Size (Code + RO Data)                28584 (  27.91kB)
    Total RW  Size (RW Data + ZI Data)             82468 (  80.54kB)
    Total ROM Size (Code + RO Data + RW Data)      28728 (  28.05kB)

==============================================================================

